21:24:29 Starting embedded orchestrator on port 50051
21:24:29 gRPC server listening on :50051
21:24:29 Runner binary trigger not found, using go run
21:24:29 Started trigger runner (pid=14790, port=50061)
21:24:29 Runner binary materialize not found, using go run
21:24:29 Started materialize runner (pid=14791, port=50062)
21:24:29 Runner binary builder not found, using go run
21:24:29 Started builder runner (pid=14792, port=50063)
21:24:29 Runner binary tester not found, using go run
21:24:29 Started tester runner (pid=14793, port=50064)
21:24:29 Runner binary conditional not found, using go run
21:24:29 Started conditional runner (pid=14794, port=50065)
21:24:29 Runner binary collector not found, using go run
21:24:29 Started collector runner (pid=14795, port=50066)
21:24:29 Waiting for runners to register...
21:24:29 gRPC call: /turboci.v1.TurboCIOrchestrator/RegisterStageRunner
21:24:29 gRPC call: /turboci.v1.TurboCIOrchestrator/RegisterStageRunner
21:24:29 gRPC call: /turboci.v1.TurboCIOrchestrator/RegisterStageRunner
21:24:29 gRPC call: /turboci.v1.TurboCIOrchestrator/RegisterStageRunner
21:24:29 gRPC call: /turboci.v1.TurboCIOrchestrator/RegisterStageRunner
21:24:29 gRPC call: /turboci.v1.TurboCIOrchestrator/RegisterStageRunner
21:24:30 gRPC call: /turboci.v1.TurboCIOrchestrator/CreateWorkPlan
21:24:30 gRPC call: /turboci.v1.TurboCIOrchestrator/WriteNodes
21:24:30 Created work plan: d5f78fb7-1a7b-4fbe-94c7-29ba95602b7b
21:24:30 Waiting for CI completion...
21:24:30 gRPC call: /turboci.v1.TurboCIOrchestrator/WriteNodes
21:24:30 gRPC call: /turboci.v1.TurboCIOrchestrator/QueryNodes
21:24:30 gRPC call: /turboci.v1.TurboCIOrchestrator/WriteNodes
21:24:30 gRPC call: /turboci.v1.TurboCIOrchestrator/WriteNodes
21:24:31 gRPC call: /turboci.v1.TurboCIOrchestrator/QueryNodes
21:24:32 gRPC call: /turboci.v1.TurboCIOrchestrator/QueryNodes
21:24:33 gRPC call: /turboci.v1.TurboCIOrchestrator/QueryNodes
21:24:34 gRPC call: /turboci.v1.TurboCIOrchestrator/QueryNodes
21:24:35 gRPC call: /turboci.v1.TurboCIOrchestrator/QueryNodes
21:24:35 gRPC call: /turboci.v1.TurboCIOrchestrator/QueryNodes
21:24:35 [diag] Stages: total=37 states=map[STAGE_STATE_ATTEMPTING:25 STAGE_STATE_FINAL:8 STAGE_STATE_PLANNED:4]
21:24:35 [diag] Non-final stages: 29 remaining (first 10: [stage:build:runner-example stage:build:server stage:test:github.com/example/turboci-lite/cmd/ci stage:test:github.com/example/turboci-lite/cmd/ci/runners/builder stage:test:github.com/example/turboci-lite/cmd/ci/runners/collector stage:test:github.com/example/turboci-lite/cmd/ci/runners/common stage:test:github.com/example/turboci-lite/cmd/ci/runners/conditional stage:test:github.com/example/turboci-lite/cmd/ci/runners/materialize stage:test:github.com/example/turboci-lite/cmd/ci/runners/tester stage:test:github.com/example/turboci-lite/cmd/ci/runners/trigger])
21:24:35 gRPC call: /turboci.v1.TurboCIOrchestrator/QueryNodes
21:24:35 [diag] Checks: total=37 states=map[CHECK_STATE_FINAL:8 CHECK_STATE_PLANNING:29]
21:24:35 [diag] Non-final checks: 29 remaining (first 5: [

  id: build:runner-example
  kind: build:runner-example
 options: fields:{key:"binary" value:{string_value:"./cmd/runner-example"}} fields:{key:"dir" value:{string_value:"/Users/phobbs/Downloads/luci-go-refs_heads_main/turboci-lite/cmd/runner-example"}} fields:{key:"go_mod" value:{string_value:""}} fields:{key:"output" value:{string_value:"runner-example"}}

  id: build:server
  kind: build:server
 options: fields:{key:"binary" value:{string_value:"./cmd/server"}} fields:{key:"dir" value:{string_value:"/Users/phobbs/Downloads/luci-go-refs_heads_main/turboci-lite/cmd/server"}} fields:{key:"go_mod" value:{string_value:""}} fields:{key:"output" value:{string_value:"server"}}

  id: test:github.com/example/turboci-lite/cmd/ci
  kind: test:github.com/example/turboci-lite/cmd/ci
 options: fields:{key:"dir" value:{string_value:"/Users/phobbs/Downloads/luci-go-refs_heads_main/turboci-lite/cmd/ci"}} fields:{key:"module" value:{string_value:"github.com/example/turboci-lite"}} fields:{key:"package" value:{string_value:"github.com/example/turboci-lite/cmd/ci"}}

  id: test:github.com/example/turboci-lite/cmd/ci/runners/builder
  kind: test:github.com/example/turboci-lite/cmd/ci/runners/builder
 options: fields:{key:"dir" value:{string_value:"/Users/phobbs/Downloads/luci-go-refs_heads_main/turboci-lite/cmd/ci/runners/builder"}} fields:{key:"module" value:{string_value:"github.com/example/turboci-lite"}} fields:{key:"package" value:{string_value:"github.com/example/turboci-lite/cmd/ci/runners/builder"}}

  id: test:github.com/example/turboci-lite/cmd/ci/runners/collector
  kind: test:github.com/example/turboci-lite/cmd/ci/runners/collector
 options: fields:{key:"dir" value:{string_value:"/Users/phobbs/Downloads/luci-go-refs_heads_main/turboci-lite/cmd/ci/runners/collector"}} fields:{key:"module" value:{string_value:"github.com/example/turboci-lite"}} fields:{key:"package" value:{string_value:"github.com/example/turboci-lite/cmd/ci/runners/collector"}}

  id: test:github.com/example/turboci-lite/cmd/ci/runners/common
  kind: test:github.com/example/turboci-lite/cmd/ci/runners/common
 options: fields:{key:"dir" value:{string_value:"/Users/phobbs/Downloads/luci-go-refs_heads_main/turboci-lite/cmd/ci/runners/common"}} fields:{key:"module" value:{string_value:"github.com/example/turboci-lite"}} fields:{key:"package" value:{string_value:"github.com/example/turboci-lite/cmd/ci/runners/common"}}

  id: test:github.com/example/turboci-lite/cmd/ci/runners/conditional
  kind: test:github.com/example/turboci-lite/cmd/ci/runners/conditional
 options: fields:{key:"dir" value:{string_value:"/Users/phobbs/Downloads/luci-go-refs_heads_main/turboci-lite/cmd/ci/runners/conditional"}} fields:{key:"module" value:{string_value:"github.com/example/turboci-lite"}} fields:{key:"package" value:{string_value:"github.com/example/turboci-lite/cmd/ci/runners/conditional"}}

  id: test:github.com/example/turboci-lite/cmd/ci/runners/materialize
  kind: test:github.com/example/turboci-lite/cmd/ci/runners/materialize
 options: fields:{key:"dir" value:{string_value:"/Users/phobbs/Downloads/luci-go-refs_heads_main/turboci-lite/cmd/ci/runners/materialize"}} fields:{key:"module" value:{string_value:"github.com/example/turboci-lite"}} fields:{key:"package" value:{string_value:"github.com/example/turboci-lite/cmd/ci/runners/materialize"}}

  id: test:github.com/example/turboci-lite/cmd/ci/runners/tester
  kind: test:github.com/example/turboci-lite/cmd/ci/runners/tester
 options: fields:{key:"dir" value:{string_value:"/Users/phobbs/Downloads/luci-go-refs_heads_main/turboci-lite/cmd/ci/runners/tester"}} fields:{key:"module" value:{string_value:"github.com/example/turboci-lite"}} fields:{key:"package" value:{string_value:"github.com/example/turboci-lite/cmd/ci/runners/tester"}}

  id: test:github.com/example/turboci-lite/cmd/ci/runners/trigger
  kind: test:github.com/example/turboci-lite/cmd/ci/runners/trigger
 options: fields:{key:"dir" value:{string_value:"/Users/phobbs/Downloads/luci-go-refs_heads_main/turboci-lite/cmd/ci/runners/trigger"}} fields:{key:"module" value:{string_value:"github.com/example/turboci-lite"}} fields:{key:"package" value:{string_value:"github.com/example/turboci-lite/cmd/ci/runners/trigger"}}])
21:24:36 gRPC call: /turboci.v1.TurboCIOrchestrator/QueryNodes
21:24:37 gRPC call: /turboci.v1.TurboCIOrchestrator/QueryNodes
21:24:38 gRPC call: /turboci.v1.TurboCIOrchestrator/QueryNodes
21:24:39 gRPC call: /turboci.v1.TurboCIOrchestrator/QueryNodes
21:24:40 gRPC call: /turboci.v1.TurboCIOrchestrator/QueryNodes
21:24:40 gRPC call: /turboci.v1.TurboCIOrchestrator/QueryNodes
21:24:40 [diag] Stages: total=37 states=map[STAGE_STATE_ATTEMPTING:25 STAGE_STATE_FINAL:10 STAGE_STATE_PLANNED:2]
21:24:40 [diag] Non-final stages: 27 remaining (first 10: [stage:test:github.com/example/turboci-lite/cmd/ci stage:test:github.com/example/turboci-lite/cmd/ci/runners/builder stage:test:github.com/example/turboci-lite/cmd/ci/runners/collector stage:test:github.com/example/turboci-lite/cmd/ci/runners/common stage:test:github.com/example/turboci-lite/cmd/ci/runners/conditional stage:test:github.com/example/turboci-lite/cmd/ci/runners/materialize stage:test:github.com/example/turboci-lite/cmd/ci/runners/tester stage:test:github.com/example/turboci-lite/cmd/ci/runners/trigger stage:test:github.com/example/turboci-lite/cmd/ci/testing stage:test:github.com/example/turboci-lite/cmd/runner-example])
21:24:40 gRPC call: /turboci.v1.TurboCIOrchestrator/QueryNodes
21:24:40 [diag] Checks: total=37 states=map[CHECK_STATE_FINAL:10 CHECK_STATE_PLANNING:27]
21:24:40 [diag] Non-final checks: 27 remaining (first 5: [

  id: test:github.com/example/turboci-lite/cmd/ci
  kind: test:github.com/example/turboci-lite/cmd/ci
 options: fields:{key:"dir" value:{string_value:"/Users/phobbs/Downloads/luci-go-refs_heads_main/turboci-lite/cmd/ci"}} fields:{key:"module" value:{string_value:"github.com/example/turboci-lite"}} fields:{key:"package" value:{string_value:"github.com/example/turboci-lite/cmd/ci"}}

  id: test:github.com/example/turboci-lite/cmd/ci/runners/builder
  kind: test:github.com/example/turboci-lite/cmd/ci/runners/builder
 options: fields:{key:"dir" value:{string_value:"/Users/phobbs/Downloads/luci-go-refs_heads_main/turboci-lite/cmd/ci/runners/builder"}} fields:{key:"module" value:{string_value:"github.com/example/turboci-lite"}} fields:{key:"package" value:{string_value:"github.com/example/turboci-lite/cmd/ci/runners/builder"}}

  id: test:github.com/example/turboci-lite/cmd/ci/runners/collector
  kind: test:github.com/example/turboci-lite/cmd/ci/runners/collector
 options: fields:{key:"dir" value:{string_value:"/Users/phobbs/Downloads/luci-go-refs_heads_main/turboci-lite/cmd/ci/runners/collector"}} fields:{key:"module" value:{string_value:"github.com/example/turboci-lite"}} fields:{key:"package" value:{string_value:"github.com/example/turboci-lite/cmd/ci/runners/collector"}}

  id: test:github.com/example/turboci-lite/cmd/ci/runners/common
  kind: test:github.com/example/turboci-lite/cmd/ci/runners/common
 options: fields:{key:"dir" value:{string_value:"/Users/phobbs/Downloads/luci-go-refs_heads_main/turboci-lite/cmd/ci/runners/common"}} fields:{key:"module" value:{string_value:"github.com/example/turboci-lite"}} fields:{key:"package" value:{string_value:"github.com/example/turboci-lite/cmd/ci/runners/common"}}

  id: test:github.com/example/turboci-lite/cmd/ci/runners/conditional
  kind: test:github.com/example/turboci-lite/cmd/ci/runners/conditional
 options: fields:{key:"dir" value:{string_value:"/Users/phobbs/Downloads/luci-go-refs_heads_main/turboci-lite/cmd/ci/runners/conditional"}} fields:{key:"module" value:{string_value:"github.com/example/turboci-lite"}} fields:{key:"package" value:{string_value:"github.com/example/turboci-lite/cmd/ci/runners/conditional"}}

  id: test:github.com/example/turboci-lite/cmd/ci/runners/materialize
  kind: test:github.com/example/turboci-lite/cmd/ci/runners/materialize
 options: fields:{key:"dir" value:{string_value:"/Users/phobbs/Downloads/luci-go-refs_heads_main/turboci-lite/cmd/ci/runners/materialize"}} fields:{key:"module" value:{string_value:"github.com/example/turboci-lite"}} fields:{key:"package" value:{string_value:"github.com/example/turboci-lite/cmd/ci/runners/materialize"}}

  id: test:github.com/example/turboci-lite/cmd/ci/runners/tester
  kind: test:github.com/example/turboci-lite/cmd/ci/runners/tester
 options: fields:{key:"dir" value:{string_value:"/Users/phobbs/Downloads/luci-go-refs_heads_main/turboci-lite/cmd/ci/runners/tester"}} fields:{key:"module" value:{string_value:"github.com/example/turboci-lite"}} fields:{key:"package" value:{string_value:"github.com/example/turboci-lite/cmd/ci/runners/tester"}}

  id: test:github.com/example/turboci-lite/cmd/ci/runners/trigger
  kind: test:github.com/example/turboci-lite/cmd/ci/runners/trigger
 options: fields:{key:"dir" value:{string_value:"/Users/phobbs/Downloads/luci-go-refs_heads_main/turboci-lite/cmd/ci/runners/trigger"}} fields:{key:"module" value:{string_value:"github.com/example/turboci-lite"}} fields:{key:"package" value:{string_value:"github.com/example/turboci-lite/cmd/ci/runners/trigger"}}

  id: test:github.com/example/turboci-lite/cmd/ci/testing
  kind: test:github.com/example/turboci-lite/cmd/ci/testing
 options: fields:{key:"dir" value:{string_value:"/Users/phobbs/Downloads/luci-go-refs_heads_main/turboci-lite/cmd/ci/testing"}} fields:{key:"module" value:{string_value:"github.com/example/turboci-lite"}} fields:{key:"package" value:{string_value:"github.com/example/turboci-lite/cmd/ci/testing"}}

  id: test:github.com/example/turboci-lite/cmd/runner-example
  kind: test:github.com/example/turboci-lite/cmd/runner-example
 options: fields:{key:"dir" value:{string_value:"/Users/phobbs/Downloads/luci-go-refs_heads_main/turboci-lite/cmd/runner-example"}} fields:{key:"module" value:{string_value:"github.com/example/turboci-lite"}} fields:{key:"package" value:{string_value:"github.com/example/turboci-lite/cmd/runner-example"}}])
21:24:41 gRPC call: /turboci.v1.TurboCIOrchestrator/QueryNodes
21:24:42 gRPC call: /turboci.v1.TurboCIOrchestrator/QueryNodes
21:24:43 gRPC call: /turboci.v1.TurboCIOrchestrator/QueryNodes
21:24:44 gRPC call: /turboci.v1.TurboCIOrchestrator/QueryNodes
21:24:45 gRPC call: /turboci.v1.TurboCIOrchestrator/QueryNodes
21:24:45 gRPC call: /turboci.v1.TurboCIOrchestrator/QueryNodes
21:24:45 [diag] Stages: total=37 states=map[STAGE_STATE_ATTEMPTING:25 STAGE_STATE_FINAL:10 STAGE_STATE_PLANNED:2]
21:24:45 [diag] Non-final stages: 27 remaining (first 10: [stage:test:github.com/example/turboci-lite/cmd/ci stage:test:github.com/example/turboci-lite/cmd/ci/runners/builder stage:test:github.com/example/turboci-lite/cmd/ci/runners/collector stage:test:github.com/example/turboci-lite/cmd/ci/runners/common stage:test:github.com/example/turboci-lite/cmd/ci/runners/conditional stage:test:github.com/example/turboci-lite/cmd/ci/runners/materialize stage:test:github.com/example/turboci-lite/cmd/ci/runners/tester stage:test:github.com/example/turboci-lite/cmd/ci/runners/trigger stage:test:github.com/example/turboci-lite/cmd/ci/testing stage:test:github.com/example/turboci-lite/cmd/runner-example])
21:24:45 gRPC call: /turboci.v1.TurboCIOrchestrator/QueryNodes
21:24:45 [diag] Checks: total=37 states=map[CHECK_STATE_FINAL:10 CHECK_STATE_PLANNING:27]
21:24:45 [diag] Non-final checks: 27 remaining (first 5: [

  id: test:github.com/example/turboci-lite/cmd/ci
  kind: test:github.com/example/turboci-lite/cmd/ci
 options: fields:{key:"dir" value:{string_value:"/Users/phobbs/Downloads/luci-go-refs_heads_main/turboci-lite/cmd/ci"}} fields:{key:"module" value:{string_value:"github.com/example/turboci-lite"}} fields:{key:"package" value:{string_value:"github.com/example/turboci-lite/cmd/ci"}}

  id: test:github.com/example/turboci-lite/cmd/ci/runners/builder
  kind: test:github.com/example/turboci-lite/cmd/ci/runners/builder
 options: fields:{key:"dir" value:{string_value:"/Users/phobbs/Downloads/luci-go-refs_heads_main/turboci-lite/cmd/ci/runners/builder"}} fields:{key:"module" value:{string_value:"github.com/example/turboci-lite"}} fields:{key:"package" value:{string_value:"github.com/example/turboci-lite/cmd/ci/runners/builder"}}

  id: test:github.com/example/turboci-lite/cmd/ci/runners/collector
  kind: test:github.com/example/turboci-lite/cmd/ci/runners/collector
 options: fields:{key:"dir" value:{string_value:"/Users/phobbs/Downloads/luci-go-refs_heads_main/turboci-lite/cmd/ci/runners/collector"}} fields:{key:"module" value:{string_value:"github.com/example/turboci-lite"}} fields:{key:"package" value:{string_value:"github.com/example/turboci-lite/cmd/ci/runners/collector"}}

  id: test:github.com/example/turboci-lite/cmd/ci/runners/common
  kind: test:github.com/example/turboci-lite/cmd/ci/runners/common
 options: fields:{key:"dir" value:{string_value:"/Users/phobbs/Downloads/luci-go-refs_heads_main/turboci-lite/cmd/ci/runners/common"}} fields:{key:"module" value:{string_value:"github.com/example/turboci-lite"}} fields:{key:"package" value:{string_value:"github.com/example/turboci-lite/cmd/ci/runners/common"}}

  id: test:github.com/example/turboci-lite/cmd/ci/runners/conditional
  kind: test:github.com/example/turboci-lite/cmd/ci/runners/conditional
 options: fields:{key:"dir" value:{string_value:"/Users/phobbs/Downloads/luci-go-refs_heads_main/turboci-lite/cmd/ci/runners/conditional"}} fields:{key:"module" value:{string_value:"github.com/example/turboci-lite"}} fields:{key:"package" value:{string_value:"github.com/example/turboci-lite/cmd/ci/runners/conditional"}}

  id: test:github.com/example/turboci-lite/cmd/ci/runners/materialize
  kind: test:github.com/example/turboci-lite/cmd/ci/runners/materialize
 options: fields:{key:"dir" value:{string_value:"/Users/phobbs/Downloads/luci-go-refs_heads_main/turboci-lite/cmd/ci/runners/materialize"}} fields:{key:"module" value:{string_value:"github.com/example/turboci-lite"}} fields:{key:"package" value:{string_value:"github.com/example/turboci-lite/cmd/ci/runners/materialize"}}

  id: test:github.com/example/turboci-lite/cmd/ci/runners/tester
  kind: test:github.com/example/turboci-lite/cmd/ci/runners/tester
 options: fields:{key:"dir" value:{string_value:"/Users/phobbs/Downloads/luci-go-refs_heads_main/turboci-lite/cmd/ci/runners/tester"}} fields:{key:"module" value:{string_value:"github.com/example/turboci-lite"}} fields:{key:"package" value:{string_value:"github.com/example/turboci-lite/cmd/ci/runners/tester"}}

  id: test:github.com/example/turboci-lite/cmd/ci/runners/trigger
  kind: test:github.com/example/turboci-lite/cmd/ci/runners/trigger
 options: fields:{key:"dir" value:{string_value:"/Users/phobbs/Downloads/luci-go-refs_heads_main/turboci-lite/cmd/ci/runners/trigger"}} fields:{key:"module" value:{string_value:"github.com/example/turboci-lite"}} fields:{key:"package" value:{string_value:"github.com/example/turboci-lite/cmd/ci/runners/trigger"}}

  id: test:github.com/example/turboci-lite/cmd/ci/testing
  kind: test:github.com/example/turboci-lite/cmd/ci/testing
 options: fields:{key:"dir" value:{string_value:"/Users/phobbs/Downloads/luci-go-refs_heads_main/turboci-lite/cmd/ci/testing"}} fields:{key:"module" value:{string_value:"github.com/example/turboci-lite"}} fields:{key:"package" value:{string_value:"github.com/example/turboci-lite/cmd/ci/testing"}}

  id: test:github.com/example/turboci-lite/cmd/runner-example
  kind: test:github.com/example/turboci-lite/cmd/runner-example
 options: fields:{key:"dir" value:{string_value:"/Users/phobbs/Downloads/luci-go-refs_heads_main/turboci-lite/cmd/runner-example"}} fields:{key:"module" value:{string_value:"github.com/example/turboci-lite"}} fields:{key:"package" value:{string_value:"github.com/example/turboci-lite/cmd/runner-example"}}])
21:24:46 gRPC call: /turboci.v1.TurboCIOrchestrator/QueryNodes
21:24:47 gRPC call: /turboci.v1.TurboCIOrchestrator/QueryNodes
21:24:48 gRPC call: /turboci.v1.TurboCIOrchestrator/QueryNodes
21:24:49 gRPC call: /turboci.v1.TurboCIOrchestrator/QueryNodes
21:24:50 gRPC call: /turboci.v1.TurboCIOrchestrator/QueryNodes
21:24:50 gRPC call: /turboci.v1.TurboCIOrchestrator/QueryNodes
21:24:50 [diag] Stages: total=37 states=map[STAGE_STATE_ATTEMPTING:25 STAGE_STATE_FINAL:10 STAGE_STATE_PLANNED:2]
21:24:50 [diag] Non-final stages: 27 remaining (first 10: [stage:test:github.com/example/turboci-lite/cmd/ci stage:test:github.com/example/turboci-lite/cmd/ci/runners/builder stage:test:github.com/example/turboci-lite/cmd/ci/runners/collector stage:test:github.com/example/turboci-lite/cmd/ci/runners/common stage:test:github.com/example/turboci-lite/cmd/ci/runners/conditional stage:test:github.com/example/turboci-lite/cmd/ci/runners/materialize stage:test:github.com/example/turboci-lite/cmd/ci/runners/tester stage:test:github.com/example/turboci-lite/cmd/ci/runners/trigger stage:test:github.com/example/turboci-lite/cmd/ci/testing stage:test:github.com/example/turboci-lite/cmd/runner-example])
21:24:50 gRPC call: /turboci.v1.TurboCIOrchestrator/QueryNodes
21:24:50 [diag] Checks: total=37 states=map[CHECK_STATE_FINAL:10 CHECK_STATE_PLANNING:27]
21:24:50 [diag] Non-final checks: 27 remaining (first 5: [

  id: test:github.com/example/turboci-lite/cmd/ci
  kind: test:github.com/example/turboci-lite/cmd/ci
 options: fields:{key:"dir" value:{string_value:"/Users/phobbs/Downloads/luci-go-refs_heads_main/turboci-lite/cmd/ci"}} fields:{key:"module" value:{string_value:"github.com/example/turboci-lite"}} fields:{key:"package" value:{string_value:"github.com/example/turboci-lite/cmd/ci"}}

  id: test:github.com/example/turboci-lite/cmd/ci/runners/builder
  kind: test:github.com/example/turboci-lite/cmd/ci/runners/builder
 options: fields:{key:"dir" value:{string_value:"/Users/phobbs/Downloads/luci-go-refs_heads_main/turboci-lite/cmd/ci/runners/builder"}} fields:{key:"module" value:{string_value:"github.com/example/turboci-lite"}} fields:{key:"package" value:{string_value:"github.com/example/turboci-lite/cmd/ci/runners/builder"}}

  id: test:github.com/example/turboci-lite/cmd/ci/runners/collector
  kind: test:github.com/example/turboci-lite/cmd/ci/runners/collector
 options: fields:{key:"dir" value:{string_value:"/Users/phobbs/Downloads/luci-go-refs_heads_main/turboci-lite/cmd/ci/runners/collector"}} fields:{key:"module" value:{string_value:"github.com/example/turboci-lite"}} fields:{key:"package" value:{string_value:"github.com/example/turboci-lite/cmd/ci/runners/collector"}}

  id: test:github.com/example/turboci-lite/cmd/ci/runners/common
  kind: test:github.com/example/turboci-lite/cmd/ci/runners/common
 options: fields:{key:"dir" value:{string_value:"/Users/phobbs/Downloads/luci-go-refs_heads_main/turboci-lite/cmd/ci/runners/common"}} fields:{key:"module" value:{string_value:"github.com/example/turboci-lite"}} fields:{key:"package" value:{string_value:"github.com/example/turboci-lite/cmd/ci/runners/common"}}

  id: test:github.com/example/turboci-lite/cmd/ci/runners/conditional
  kind: test:github.com/example/turboci-lite/cmd/ci/runners/conditional
 options: fields:{key:"dir" value:{string_value:"/Users/phobbs/Downloads/luci-go-refs_heads_main/turboci-lite/cmd/ci/runners/conditional"}} fields:{key:"module" value:{string_value:"github.com/example/turboci-lite"}} fields:{key:"package" value:{string_value:"github.com/example/turboci-lite/cmd/ci/runners/conditional"}}

  id: test:github.com/example/turboci-lite/cmd/ci/runners/materialize
  kind: test:github.com/example/turboci-lite/cmd/ci/runners/materialize
 options: fields:{key:"dir" value:{string_value:"/Users/phobbs/Downloads/luci-go-refs_heads_main/turboci-lite/cmd/ci/runners/materialize"}} fields:{key:"module" value:{string_value:"github.com/example/turboci-lite"}} fields:{key:"package" value:{string_value:"github.com/example/turboci-lite/cmd/ci/runners/materialize"}}

  id: test:github.com/example/turboci-lite/cmd/ci/runners/tester
  kind: test:github.com/example/turboci-lite/cmd/ci/runners/tester
 options: fields:{key:"dir" value:{string_value:"/Users/phobbs/Downloads/luci-go-refs_heads_main/turboci-lite/cmd/ci/runners/tester"}} fields:{key:"module" value:{string_value:"github.com/example/turboci-lite"}} fields:{key:"package" value:{string_value:"github.com/example/turboci-lite/cmd/ci/runners/tester"}}

  id: test:github.com/example/turboci-lite/cmd/ci/runners/trigger
  kind: test:github.com/example/turboci-lite/cmd/ci/runners/trigger
 options: fields:{key:"dir" value:{string_value:"/Users/phobbs/Downloads/luci-go-refs_heads_main/turboci-lite/cmd/ci/runners/trigger"}} fields:{key:"module" value:{string_value:"github.com/example/turboci-lite"}} fields:{key:"package" value:{string_value:"github.com/example/turboci-lite/cmd/ci/runners/trigger"}}

  id: test:github.com/example/turboci-lite/cmd/ci/testing
  kind: test:github.com/example/turboci-lite/cmd/ci/testing
 options: fields:{key:"dir" value:{string_value:"/Users/phobbs/Downloads/luci-go-refs_heads_main/turboci-lite/cmd/ci/testing"}} fields:{key:"module" value:{string_value:"github.com/example/turboci-lite"}} fields:{key:"package" value:{string_value:"github.com/example/turboci-lite/cmd/ci/testing"}}

  id: test:github.com/example/turboci-lite/cmd/runner-example
  kind: test:github.com/example/turboci-lite/cmd/runner-example
 options: fields:{key:"dir" value:{string_value:"/Users/phobbs/Downloads/luci-go-refs_heads_main/turboci-lite/cmd/runner-example"}} fields:{key:"module" value:{string_value:"github.com/example/turboci-lite"}} fields:{key:"package" value:{string_value:"github.com/example/turboci-lite/cmd/runner-example"}}])
21:24:51 gRPC call: /turboci.v1.TurboCIOrchestrator/QueryNodes
21:24:52 gRPC call: /turboci.v1.TurboCIOrchestrator/QueryNodes
21:24:53 gRPC call: /turboci.v1.TurboCIOrchestrator/QueryNodes
21:24:54 gRPC call: /turboci.v1.TurboCIOrchestrator/QueryNodes
21:24:55 gRPC call: /turboci.v1.TurboCIOrchestrator/QueryNodes
21:24:55 gRPC call: /turboci.v1.TurboCIOrchestrator/QueryNodes
21:24:55 [diag] Stages: total=37 states=map[STAGE_STATE_ATTEMPTING:25 STAGE_STATE_FINAL:10 STAGE_STATE_PLANNED:2]
21:24:55 [diag] Non-final stages: 27 remaining (first 10: [stage:test:github.com/example/turboci-lite/cmd/ci stage:test:github.com/example/turboci-lite/cmd/ci/runners/builder stage:test:github.com/example/turboci-lite/cmd/ci/runners/collector stage:test:github.com/example/turboci-lite/cmd/ci/runners/common stage:test:github.com/example/turboci-lite/cmd/ci/runners/conditional stage:test:github.com/example/turboci-lite/cmd/ci/runners/materialize stage:test:github.com/example/turboci-lite/cmd/ci/runners/tester stage:test:github.com/example/turboci-lite/cmd/ci/runners/trigger stage:test:github.com/example/turboci-lite/cmd/ci/testing stage:test:github.com/example/turboci-lite/cmd/runner-example])
21:24:55 gRPC call: /turboci.v1.TurboCIOrchestrator/QueryNodes
21:24:55 [diag] Checks: total=37 states=map[CHECK_STATE_FINAL:10 CHECK_STATE_PLANNING:27]
21:24:55 [diag] Non-final checks: 27 remaining (first 5: [

  id: test:github.com/example/turboci-lite/cmd/ci
  kind: test:github.com/example/turboci-lite/cmd/ci
 options: fields:{key:"dir" value:{string_value:"/Users/phobbs/Downloads/luci-go-refs_heads_main/turboci-lite/cmd/ci"}} fields:{key:"module" value:{string_value:"github.com/example/turboci-lite"}} fields:{key:"package" value:{string_value:"github.com/example/turboci-lite/cmd/ci"}}

  id: test:github.com/example/turboci-lite/cmd/ci/runners/builder
  kind: test:github.com/example/turboci-lite/cmd/ci/runners/builder
 options: fields:{key:"dir" value:{string_value:"/Users/phobbs/Downloads/luci-go-refs_heads_main/turboci-lite/cmd/ci/runners/builder"}} fields:{key:"module" value:{string_value:"github.com/example/turboci-lite"}} fields:{key:"package" value:{string_value:"github.com/example/turboci-lite/cmd/ci/runners/builder"}}

  id: test:github.com/example/turboci-lite/cmd/ci/runners/collector
  kind: test:github.com/example/turboci-lite/cmd/ci/runners/collector
 options: fields:{key:"dir" value:{string_value:"/Users/phobbs/Downloads/luci-go-refs_heads_main/turboci-lite/cmd/ci/runners/collector"}} fields:{key:"module" value:{string_value:"github.com/example/turboci-lite"}} fields:{key:"package" value:{string_value:"github.com/example/turboci-lite/cmd/ci/runners/collector"}}

  id: test:github.com/example/turboci-lite/cmd/ci/runners/common
  kind: test:github.com/example/turboci-lite/cmd/ci/runners/common
 options: fields:{key:"dir" value:{string_value:"/Users/phobbs/Downloads/luci-go-refs_heads_main/turboci-lite/cmd/ci/runners/common"}} fields:{key:"module" value:{string_value:"github.com/example/turboci-lite"}} fields:{key:"package" value:{string_value:"github.com/example/turboci-lite/cmd/ci/runners/common"}}

  id: test:github.com/example/turboci-lite/cmd/ci/runners/conditional
  kind: test:github.com/example/turboci-lite/cmd/ci/runners/conditional
 options: fields:{key:"dir" value:{string_value:"/Users/phobbs/Downloads/luci-go-refs_heads_main/turboci-lite/cmd/ci/runners/conditional"}} fields:{key:"module" value:{string_value:"github.com/example/turboci-lite"}} fields:{key:"package" value:{string_value:"github.com/example/turboci-lite/cmd/ci/runners/conditional"}}

  id: test:github.com/example/turboci-lite/cmd/ci/runners/materialize
  kind: test:github.com/example/turboci-lite/cmd/ci/runners/materialize
 options: fields:{key:"dir" value:{string_value:"/Users/phobbs/Downloads/luci-go-refs_heads_main/turboci-lite/cmd/ci/runners/materialize"}} fields:{key:"module" value:{string_value:"github.com/example/turboci-lite"}} fields:{key:"package" value:{string_value:"github.com/example/turboci-lite/cmd/ci/runners/materialize"}}

  id: test:github.com/example/turboci-lite/cmd/ci/runners/tester
  kind: test:github.com/example/turboci-lite/cmd/ci/runners/tester
 options: fields:{key:"dir" value:{string_value:"/Users/phobbs/Downloads/luci-go-refs_heads_main/turboci-lite/cmd/ci/runners/tester"}} fields:{key:"module" value:{string_value:"github.com/example/turboci-lite"}} fields:{key:"package" value:{string_value:"github.com/example/turboci-lite/cmd/ci/runners/tester"}}

  id: test:github.com/example/turboci-lite/cmd/ci/runners/trigger
  kind: test:github.com/example/turboci-lite/cmd/ci/runners/trigger
 options: fields:{key:"dir" value:{string_value:"/Users/phobbs/Downloads/luci-go-refs_heads_main/turboci-lite/cmd/ci/runners/trigger"}} fields:{key:"module" value:{string_value:"github.com/example/turboci-lite"}} fields:{key:"package" value:{string_value:"github.com/example/turboci-lite/cmd/ci/runners/trigger"}}

  id: test:github.com/example/turboci-lite/cmd/ci/testing
  kind: test:github.com/example/turboci-lite/cmd/ci/testing
 options: fields:{key:"dir" value:{string_value:"/Users/phobbs/Downloads/luci-go-refs_heads_main/turboci-lite/cmd/ci/testing"}} fields:{key:"module" value:{string_value:"github.com/example/turboci-lite"}} fields:{key:"package" value:{string_value:"github.com/example/turboci-lite/cmd/ci/testing"}}

  id: test:github.com/example/turboci-lite/cmd/runner-example
  kind: test:github.com/example/turboci-lite/cmd/runner-example
 options: fields:{key:"dir" value:{string_value:"/Users/phobbs/Downloads/luci-go-refs_heads_main/turboci-lite/cmd/runner-example"}} fields:{key:"module" value:{string_value:"github.com/example/turboci-lite"}} fields:{key:"package" value:{string_value:"github.com/example/turboci-lite/cmd/runner-example"}}])
21:24:56 gRPC call: /turboci.v1.TurboCIOrchestrator/QueryNodes
21:24:57 gRPC call: /turboci.v1.TurboCIOrchestrator/QueryNodes
21:24:58 gRPC call: /turboci.v1.TurboCIOrchestrator/QueryNodes
21:24:59 gRPC call: /turboci.v1.TurboCIOrchestrator/QueryNodes
21:25:00 gRPC call: /turboci.v1.TurboCIOrchestrator/QueryNodes
21:25:00 gRPC call: /turboci.v1.TurboCIOrchestrator/QueryNodes
21:25:00 [diag] Stages: total=37 states=map[STAGE_STATE_ATTEMPTING:25 STAGE_STATE_FINAL:10 STAGE_STATE_PLANNED:2]
21:25:00 [diag] Non-final stages: 27 remaining (first 10: [stage:test:github.com/example/turboci-lite/cmd/ci stage:test:github.com/example/turboci-lite/cmd/ci/runners/builder stage:test:github.com/example/turboci-lite/cmd/ci/runners/collector stage:test:github.com/example/turboci-lite/cmd/ci/runners/common stage:test:github.com/example/turboci-lite/cmd/ci/runners/conditional stage:test:github.com/example/turboci-lite/cmd/ci/runners/materialize stage:test:github.com/example/turboci-lite/cmd/ci/runners/tester stage:test:github.com/example/turboci-lite/cmd/ci/runners/trigger stage:test:github.com/example/turboci-lite/cmd/ci/testing stage:test:github.com/example/turboci-lite/cmd/runner-example])
21:25:00 gRPC call: /turboci.v1.TurboCIOrchestrator/QueryNodes
21:25:00 [diag] Checks: total=37 states=map[CHECK_STATE_FINAL:10 CHECK_STATE_PLANNING:27]
21:25:00 [diag] Non-final checks: 27 remaining (first 5: [

  id: test:github.com/example/turboci-lite/cmd/ci
  kind: test:github.com/example/turboci-lite/cmd/ci
 options: fields:{key:"dir" value:{string_value:"/Users/phobbs/Downloads/luci-go-refs_heads_main/turboci-lite/cmd/ci"}} fields:{key:"module" value:{string_value:"github.com/example/turboci-lite"}} fields:{key:"package" value:{string_value:"github.com/example/turboci-lite/cmd/ci"}}

  id: test:github.com/example/turboci-lite/cmd/ci/runners/builder
  kind: test:github.com/example/turboci-lite/cmd/ci/runners/builder
 options: fields:{key:"dir" value:{string_value:"/Users/phobbs/Downloads/luci-go-refs_heads_main/turboci-lite/cmd/ci/runners/builder"}} fields:{key:"module" value:{string_value:"github.com/example/turboci-lite"}} fields:{key:"package" value:{string_value:"github.com/example/turboci-lite/cmd/ci/runners/builder"}}

  id: test:github.com/example/turboci-lite/cmd/ci/runners/collector
  kind: test:github.com/example/turboci-lite/cmd/ci/runners/collector
 options: fields:{key:"dir" value:{string_value:"/Users/phobbs/Downloads/luci-go-refs_heads_main/turboci-lite/cmd/ci/runners/collector"}} fields:{key:"module" value:{string_value:"github.com/example/turboci-lite"}} fields:{key:"package" value:{string_value:"github.com/example/turboci-lite/cmd/ci/runners/collector"}}

  id: test:github.com/example/turboci-lite/cmd/ci/runners/common
  kind: test:github.com/example/turboci-lite/cmd/ci/runners/common
 options: fields:{key:"dir" value:{string_value:"/Users/phobbs/Downloads/luci-go-refs_heads_main/turboci-lite/cmd/ci/runners/common"}} fields:{key:"module" value:{string_value:"github.com/example/turboci-lite"}} fields:{key:"package" value:{string_value:"github.com/example/turboci-lite/cmd/ci/runners/common"}}

  id: test:github.com/example/turboci-lite/cmd/ci/runners/conditional
  kind: test:github.com/example/turboci-lite/cmd/ci/runners/conditional
 options: fields:{key:"dir" value:{string_value:"/Users/phobbs/Downloads/luci-go-refs_heads_main/turboci-lite/cmd/ci/runners/conditional"}} fields:{key:"module" value:{string_value:"github.com/example/turboci-lite"}} fields:{key:"package" value:{string_value:"github.com/example/turboci-lite/cmd/ci/runners/conditional"}}

  id: test:github.com/example/turboci-lite/cmd/ci/runners/materialize
  kind: test:github.com/example/turboci-lite/cmd/ci/runners/materialize
 options: fields:{key:"dir" value:{string_value:"/Users/phobbs/Downloads/luci-go-refs_heads_main/turboci-lite/cmd/ci/runners/materialize"}} fields:{key:"module" value:{string_value:"github.com/example/turboci-lite"}} fields:{key:"package" value:{string_value:"github.com/example/turboci-lite/cmd/ci/runners/materialize"}}

  id: test:github.com/example/turboci-lite/cmd/ci/runners/tester
  kind: test:github.com/example/turboci-lite/cmd/ci/runners/tester
 options: fields:{key:"dir" value:{string_value:"/Users/phobbs/Downloads/luci-go-refs_heads_main/turboci-lite/cmd/ci/runners/tester"}} fields:{key:"module" value:{string_value:"github.com/example/turboci-lite"}} fields:{key:"package" value:{string_value:"github.com/example/turboci-lite/cmd/ci/runners/tester"}}

  id: test:github.com/example/turboci-lite/cmd/ci/runners/trigger
  kind: test:github.com/example/turboci-lite/cmd/ci/runners/trigger
 options: fields:{key:"dir" value:{string_value:"/Users/phobbs/Downloads/luci-go-refs_heads_main/turboci-lite/cmd/ci/runners/trigger"}} fields:{key:"module" value:{string_value:"github.com/example/turboci-lite"}} fields:{key:"package" value:{string_value:"github.com/example/turboci-lite/cmd/ci/runners/trigger"}}

  id: test:github.com/example/turboci-lite/cmd/ci/testing
  kind: test:github.com/example/turboci-lite/cmd/ci/testing
 options: fields:{key:"dir" value:{string_value:"/Users/phobbs/Downloads/luci-go-refs_heads_main/turboci-lite/cmd/ci/testing"}} fields:{key:"module" value:{string_value:"github.com/example/turboci-lite"}} fields:{key:"package" value:{string_value:"github.com/example/turboci-lite/cmd/ci/testing"}}

  id: test:github.com/example/turboci-lite/cmd/runner-example
  kind: test:github.com/example/turboci-lite/cmd/runner-example
 options: fields:{key:"dir" value:{string_value:"/Users/phobbs/Downloads/luci-go-refs_heads_main/turboci-lite/cmd/runner-example"}} fields:{key:"module" value:{string_value:"github.com/example/turboci-lite"}} fields:{key:"package" value:{string_value:"github.com/example/turboci-lite/cmd/runner-example"}}])
21:25:01 gRPC call: /turboci.v1.TurboCIOrchestrator/QueryNodes
21:25:02 gRPC call: /turboci.v1.TurboCIOrchestrator/QueryNodes
21:25:03 gRPC call: /turboci.v1.TurboCIOrchestrator/QueryNodes
21:25:04 gRPC call: /turboci.v1.TurboCIOrchestrator/QueryNodes
21:25:05 gRPC call: /turboci.v1.TurboCIOrchestrator/QueryNodes
21:25:05 gRPC call: /turboci.v1.TurboCIOrchestrator/QueryNodes
21:25:05 [diag] Stages: total=37 states=map[STAGE_STATE_ATTEMPTING:25 STAGE_STATE_FINAL:10 STAGE_STATE_PLANNED:2]
21:25:05 [diag] Non-final stages: 27 remaining (first 10: [stage:test:github.com/example/turboci-lite/cmd/ci stage:test:github.com/example/turboci-lite/cmd/ci/runners/builder stage:test:github.com/example/turboci-lite/cmd/ci/runners/collector stage:test:github.com/example/turboci-lite/cmd/ci/runners/common stage:test:github.com/example/turboci-lite/cmd/ci/runners/conditional stage:test:github.com/example/turboci-lite/cmd/ci/runners/materialize stage:test:github.com/example/turboci-lite/cmd/ci/runners/tester stage:test:github.com/example/turboci-lite/cmd/ci/runners/trigger stage:test:github.com/example/turboci-lite/cmd/ci/testing stage:test:github.com/example/turboci-lite/cmd/runner-example])
21:25:05 gRPC call: /turboci.v1.TurboCIOrchestrator/QueryNodes
21:25:05 [diag] Checks: total=37 states=map[CHECK_STATE_FINAL:10 CHECK_STATE_PLANNING:27]
21:25:05 [diag] Non-final checks: 27 remaining (first 5: [

  id: test:github.com/example/turboci-lite/cmd/ci
  kind: test:github.com/example/turboci-lite/cmd/ci
 options: fields:{key:"dir" value:{string_value:"/Users/phobbs/Downloads/luci-go-refs_heads_main/turboci-lite/cmd/ci"}} fields:{key:"module" value:{string_value:"github.com/example/turboci-lite"}} fields:{key:"package" value:{string_value:"github.com/example/turboci-lite/cmd/ci"}}

  id: test:github.com/example/turboci-lite/cmd/ci/runners/builder
  kind: test:github.com/example/turboci-lite/cmd/ci/runners/builder
 options: fields:{key:"dir" value:{string_value:"/Users/phobbs/Downloads/luci-go-refs_heads_main/turboci-lite/cmd/ci/runners/builder"}} fields:{key:"module" value:{string_value:"github.com/example/turboci-lite"}} fields:{key:"package" value:{string_value:"github.com/example/turboci-lite/cmd/ci/runners/builder"}}

  id: test:github.com/example/turboci-lite/cmd/ci/runners/collector
  kind: test:github.com/example/turboci-lite/cmd/ci/runners/collector
 options: fields:{key:"dir" value:{string_value:"/Users/phobbs/Downloads/luci-go-refs_heads_main/turboci-lite/cmd/ci/runners/collector"}} fields:{key:"module" value:{string_value:"github.com/example/turboci-lite"}} fields:{key:"package" value:{string_value:"github.com/example/turboci-lite/cmd/ci/runners/collector"}}

  id: test:github.com/example/turboci-lite/cmd/ci/runners/common
  kind: test:github.com/example/turboci-lite/cmd/ci/runners/common
 options: fields:{key:"dir" value:{string_value:"/Users/phobbs/Downloads/luci-go-refs_heads_main/turboci-lite/cmd/ci/runners/common"}} fields:{key:"module" value:{string_value:"github.com/example/turboci-lite"}} fields:{key:"package" value:{string_value:"github.com/example/turboci-lite/cmd/ci/runners/common"}}

  id: test:github.com/example/turboci-lite/cmd/ci/runners/conditional
  kind: test:github.com/example/turboci-lite/cmd/ci/runners/conditional
 options: fields:{key:"dir" value:{string_value:"/Users/phobbs/Downloads/luci-go-refs_heads_main/turboci-lite/cmd/ci/runners/conditional"}} fields:{key:"module" value:{string_value:"github.com/example/turboci-lite"}} fields:{key:"package" value:{string_value:"github.com/example/turboci-lite/cmd/ci/runners/conditional"}}

  id: test:github.com/example/turboci-lite/cmd/ci/runners/materialize
  kind: test:github.com/example/turboci-lite/cmd/ci/runners/materialize
 options: fields:{key:"dir" value:{string_value:"/Users/phobbs/Downloads/luci-go-refs_heads_main/turboci-lite/cmd/ci/runners/materialize"}} fields:{key:"module" value:{string_value:"github.com/example/turboci-lite"}} fields:{key:"package" value:{string_value:"github.com/example/turboci-lite/cmd/ci/runners/materialize"}}

  id: test:github.com/example/turboci-lite/cmd/ci/runners/tester
  kind: test:github.com/example/turboci-lite/cmd/ci/runners/tester
 options: fields:{key:"dir" value:{string_value:"/Users/phobbs/Downloads/luci-go-refs_heads_main/turboci-lite/cmd/ci/runners/tester"}} fields:{key:"module" value:{string_value:"github.com/example/turboci-lite"}} fields:{key:"package" value:{string_value:"github.com/example/turboci-lite/cmd/ci/runners/tester"}}

  id: test:github.com/example/turboci-lite/cmd/ci/runners/trigger
  kind: test:github.com/example/turboci-lite/cmd/ci/runners/trigger
 options: fields:{key:"dir" value:{string_value:"/Users/phobbs/Downloads/luci-go-refs_heads_main/turboci-lite/cmd/ci/runners/trigger"}} fields:{key:"module" value:{string_value:"github.com/example/turboci-lite"}} fields:{key:"package" value:{string_value:"github.com/example/turboci-lite/cmd/ci/runners/trigger"}}

  id: test:github.com/example/turboci-lite/cmd/ci/testing
  kind: test:github.com/example/turboci-lite/cmd/ci/testing
 options: fields:{key:"dir" value:{string_value:"/Users/phobbs/Downloads/luci-go-refs_heads_main/turboci-lite/cmd/ci/testing"}} fields:{key:"module" value:{string_value:"github.com/example/turboci-lite"}} fields:{key:"package" value:{string_value:"github.com/example/turboci-lite/cmd/ci/testing"}}

  id: test:github.com/example/turboci-lite/cmd/runner-example
  kind: test:github.com/example/turboci-lite/cmd/runner-example
 options: fields:{key:"dir" value:{string_value:"/Users/phobbs/Downloads/luci-go-refs_heads_main/turboci-lite/cmd/runner-example"}} fields:{key:"module" value:{string_value:"github.com/example/turboci-lite"}} fields:{key:"package" value:{string_value:"github.com/example/turboci-lite/cmd/runner-example"}}])
21:25:06 gRPC call: /turboci.v1.TurboCIOrchestrator/QueryNodes
21:25:07 gRPC call: /turboci.v1.TurboCIOrchestrator/QueryNodes
21:25:08 gRPC call: /turboci.v1.TurboCIOrchestrator/QueryNodes
21:25:09 gRPC call: /turboci.v1.TurboCIOrchestrator/QueryNodes
21:25:10 gRPC call: /turboci.v1.TurboCIOrchestrator/QueryNodes
21:25:10 gRPC call: /turboci.v1.TurboCIOrchestrator/QueryNodes
21:25:10 [diag] Stages: total=37 states=map[STAGE_STATE_ATTEMPTING:25 STAGE_STATE_FINAL:10 STAGE_STATE_PLANNED:2]
21:25:10 [diag] Non-final stages: 27 remaining (first 10: [stage:test:github.com/example/turboci-lite/cmd/ci stage:test:github.com/example/turboci-lite/cmd/ci/runners/builder stage:test:github.com/example/turboci-lite/cmd/ci/runners/collector stage:test:github.com/example/turboci-lite/cmd/ci/runners/common stage:test:github.com/example/turboci-lite/cmd/ci/runners/conditional stage:test:github.com/example/turboci-lite/cmd/ci/runners/materialize stage:test:github.com/example/turboci-lite/cmd/ci/runners/tester stage:test:github.com/example/turboci-lite/cmd/ci/runners/trigger stage:test:github.com/example/turboci-lite/cmd/ci/testing stage:test:github.com/example/turboci-lite/cmd/runner-example])
21:25:10 gRPC call: /turboci.v1.TurboCIOrchestrator/QueryNodes
21:25:10 [diag] Checks: total=37 states=map[CHECK_STATE_FINAL:10 CHECK_STATE_PLANNING:27]
21:25:10 [diag] Non-final checks: 27 remaining (first 5: [

  id: test:github.com/example/turboci-lite/cmd/ci
  kind: test:github.com/example/turboci-lite/cmd/ci
 options: fields:{key:"dir" value:{string_value:"/Users/phobbs/Downloads/luci-go-refs_heads_main/turboci-lite/cmd/ci"}} fields:{key:"module" value:{string_value:"github.com/example/turboci-lite"}} fields:{key:"package" value:{string_value:"github.com/example/turboci-lite/cmd/ci"}}

  id: test:github.com/example/turboci-lite/cmd/ci/runners/builder
  kind: test:github.com/example/turboci-lite/cmd/ci/runners/builder
 options: fields:{key:"dir" value:{string_value:"/Users/phobbs/Downloads/luci-go-refs_heads_main/turboci-lite/cmd/ci/runners/builder"}} fields:{key:"module" value:{string_value:"github.com/example/turboci-lite"}} fields:{key:"package" value:{string_value:"github.com/example/turboci-lite/cmd/ci/runners/builder"}}

  id: test:github.com/example/turboci-lite/cmd/ci/runners/collector
  kind: test:github.com/example/turboci-lite/cmd/ci/runners/collector
 options: fields:{key:"dir" value:{string_value:"/Users/phobbs/Downloads/luci-go-refs_heads_main/turboci-lite/cmd/ci/runners/collector"}} fields:{key:"module" value:{string_value:"github.com/example/turboci-lite"}} fields:{key:"package" value:{string_value:"github.com/example/turboci-lite/cmd/ci/runners/collector"}}

  id: test:github.com/example/turboci-lite/cmd/ci/runners/common
  kind: test:github.com/example/turboci-lite/cmd/ci/runners/common
 options: fields:{key:"dir" value:{string_value:"/Users/phobbs/Downloads/luci-go-refs_heads_main/turboci-lite/cmd/ci/runners/common"}} fields:{key:"module" value:{string_value:"github.com/example/turboci-lite"}} fields:{key:"package" value:{string_value:"github.com/example/turboci-lite/cmd/ci/runners/common"}}

  id: test:github.com/example/turboci-lite/cmd/ci/runners/conditional
  kind: test:github.com/example/turboci-lite/cmd/ci/runners/conditional
 options: fields:{key:"dir" value:{string_value:"/Users/phobbs/Downloads/luci-go-refs_heads_main/turboci-lite/cmd/ci/runners/conditional"}} fields:{key:"module" value:{string_value:"github.com/example/turboci-lite"}} fields:{key:"package" value:{string_value:"github.com/example/turboci-lite/cmd/ci/runners/conditional"}}

  id: test:github.com/example/turboci-lite/cmd/ci/runners/materialize
  kind: test:github.com/example/turboci-lite/cmd/ci/runners/materialize
 options: fields:{key:"dir" value:{string_value:"/Users/phobbs/Downloads/luci-go-refs_heads_main/turboci-lite/cmd/ci/runners/materialize"}} fields:{key:"module" value:{string_value:"github.com/example/turboci-lite"}} fields:{key:"package" value:{string_value:"github.com/example/turboci-lite/cmd/ci/runners/materialize"}}

  id: test:github.com/example/turboci-lite/cmd/ci/runners/tester
  kind: test:github.com/example/turboci-lite/cmd/ci/runners/tester
 options: fields:{key:"dir" value:{string_value:"/Users/phobbs/Downloads/luci-go-refs_heads_main/turboci-lite/cmd/ci/runners/tester"}} fields:{key:"module" value:{string_value:"github.com/example/turboci-lite"}} fields:{key:"package" value:{string_value:"github.com/example/turboci-lite/cmd/ci/runners/tester"}}

  id: test:github.com/example/turboci-lite/cmd/ci/runners/trigger
  kind: test:github.com/example/turboci-lite/cmd/ci/runners/trigger
 options: fields:{key:"dir" value:{string_value:"/Users/phobbs/Downloads/luci-go-refs_heads_main/turboci-lite/cmd/ci/runners/trigger"}} fields:{key:"module" value:{string_value:"github.com/example/turboci-lite"}} fields:{key:"package" value:{string_value:"github.com/example/turboci-lite/cmd/ci/runners/trigger"}}

  id: test:github.com/example/turboci-lite/cmd/ci/testing
  kind: test:github.com/example/turboci-lite/cmd/ci/testing
 options: fields:{key:"dir" value:{string_value:"/Users/phobbs/Downloads/luci-go-refs_heads_main/turboci-lite/cmd/ci/testing"}} fields:{key:"module" value:{string_value:"github.com/example/turboci-lite"}} fields:{key:"package" value:{string_value:"github.com/example/turboci-lite/cmd/ci/testing"}}

  id: test:github.com/example/turboci-lite/cmd/runner-example
  kind: test:github.com/example/turboci-lite/cmd/runner-example
 options: fields:{key:"dir" value:{string_value:"/Users/phobbs/Downloads/luci-go-refs_heads_main/turboci-lite/cmd/runner-example"}} fields:{key:"module" value:{string_value:"github.com/example/turboci-lite"}} fields:{key:"package" value:{string_value:"github.com/example/turboci-lite/cmd/runner-example"}}])
21:25:11 gRPC call: /turboci.v1.TurboCIOrchestrator/QueryNodes
21:25:12 gRPC call: /turboci.v1.TurboCIOrchestrator/QueryNodes
21:25:13 gRPC call: /turboci.v1.TurboCIOrchestrator/QueryNodes
21:25:14 gRPC call: /turboci.v1.TurboCIOrchestrator/QueryNodes
21:25:15 gRPC call: /turboci.v1.TurboCIOrchestrator/QueryNodes
21:25:15 gRPC call: /turboci.v1.TurboCIOrchestrator/QueryNodes
21:25:15 [diag] Stages: total=37 states=map[STAGE_STATE_ATTEMPTING:25 STAGE_STATE_FINAL:10 STAGE_STATE_PLANNED:2]
21:25:15 [diag] Non-final stages: 27 remaining (first 10: [stage:test:github.com/example/turboci-lite/cmd/ci stage:test:github.com/example/turboci-lite/cmd/ci/runners/builder stage:test:github.com/example/turboci-lite/cmd/ci/runners/collector stage:test:github.com/example/turboci-lite/cmd/ci/runners/common stage:test:github.com/example/turboci-lite/cmd/ci/runners/conditional stage:test:github.com/example/turboci-lite/cmd/ci/runners/materialize stage:test:github.com/example/turboci-lite/cmd/ci/runners/tester stage:test:github.com/example/turboci-lite/cmd/ci/runners/trigger stage:test:github.com/example/turboci-lite/cmd/ci/testing stage:test:github.com/example/turboci-lite/cmd/runner-example])
21:25:15 gRPC call: /turboci.v1.TurboCIOrchestrator/QueryNodes
21:25:15 [diag] Checks: total=37 states=map[CHECK_STATE_FINAL:10 CHECK_STATE_PLANNING:27]
21:25:15 [diag] Non-final checks: 27 remaining (first 5: [

  id: test:github.com/example/turboci-lite/cmd/ci
  kind: test:github.com/example/turboci-lite/cmd/ci
 options: fields:{key:"dir" value:{string_value:"/Users/phobbs/Downloads/luci-go-refs_heads_main/turboci-lite/cmd/ci"}} fields:{key:"module" value:{string_value:"github.com/example/turboci-lite"}} fields:{key:"package" value:{string_value:"github.com/example/turboci-lite/cmd/ci"}}

  id: test:github.com/example/turboci-lite/cmd/ci/runners/builder
  kind: test:github.com/example/turboci-lite/cmd/ci/runners/builder
 options: fields:{key:"dir" value:{string_value:"/Users/phobbs/Downloads/luci-go-refs_heads_main/turboci-lite/cmd/ci/runners/builder"}} fields:{key:"module" value:{string_value:"github.com/example/turboci-lite"}} fields:{key:"package" value:{string_value:"github.com/example/turboci-lite/cmd/ci/runners/builder"}}

  id: test:github.com/example/turboci-lite/cmd/ci/runners/collector
  kind: test:github.com/example/turboci-lite/cmd/ci/runners/collector
 options: fields:{key:"dir" value:{string_value:"/Users/phobbs/Downloads/luci-go-refs_heads_main/turboci-lite/cmd/ci/runners/collector"}} fields:{key:"module" value:{string_value:"github.com/example/turboci-lite"}} fields:{key:"package" value:{string_value:"github.com/example/turboci-lite/cmd/ci/runners/collector"}}

  id: test:github.com/example/turboci-lite/cmd/ci/runners/common
  kind: test:github.com/example/turboci-lite/cmd/ci/runners/common
 options: fields:{key:"dir" value:{string_value:"/Users/phobbs/Downloads/luci-go-refs_heads_main/turboci-lite/cmd/ci/runners/common"}} fields:{key:"module" value:{string_value:"github.com/example/turboci-lite"}} fields:{key:"package" value:{string_value:"github.com/example/turboci-lite/cmd/ci/runners/common"}}

  id: test:github.com/example/turboci-lite/cmd/ci/runners/conditional
  kind: test:github.com/example/turboci-lite/cmd/ci/runners/conditional
 options: fields:{key:"dir" value:{string_value:"/Users/phobbs/Downloads/luci-go-refs_heads_main/turboci-lite/cmd/ci/runners/conditional"}} fields:{key:"module" value:{string_value:"github.com/example/turboci-lite"}} fields:{key:"package" value:{string_value:"github.com/example/turboci-lite/cmd/ci/runners/conditional"}}

  id: test:github.com/example/turboci-lite/cmd/ci/runners/materialize
  kind: test:github.com/example/turboci-lite/cmd/ci/runners/materialize
 options: fields:{key:"dir" value:{string_value:"/Users/phobbs/Downloads/luci-go-refs_heads_main/turboci-lite/cmd/ci/runners/materialize"}} fields:{key:"module" value:{string_value:"github.com/example/turboci-lite"}} fields:{key:"package" value:{string_value:"github.com/example/turboci-lite/cmd/ci/runners/materialize"}}

  id: test:github.com/example/turboci-lite/cmd/ci/runners/tester
  kind: test:github.com/example/turboci-lite/cmd/ci/runners/tester
 options: fields:{key:"dir" value:{string_value:"/Users/phobbs/Downloads/luci-go-refs_heads_main/turboci-lite/cmd/ci/runners/tester"}} fields:{key:"module" value:{string_value:"github.com/example/turboci-lite"}} fields:{key:"package" value:{string_value:"github.com/example/turboci-lite/cmd/ci/runners/tester"}}

  id: test:github.com/example/turboci-lite/cmd/ci/runners/trigger
  kind: test:github.com/example/turboci-lite/cmd/ci/runners/trigger
 options: fields:{key:"dir" value:{string_value:"/Users/phobbs/Downloads/luci-go-refs_heads_main/turboci-lite/cmd/ci/runners/trigger"}} fields:{key:"module" value:{string_value:"github.com/example/turboci-lite"}} fields:{key:"package" value:{string_value:"github.com/example/turboci-lite/cmd/ci/runners/trigger"}}

  id: test:github.com/example/turboci-lite/cmd/ci/testing
  kind: test:github.com/example/turboci-lite/cmd/ci/testing
 options: fields:{key:"dir" value:{string_value:"/Users/phobbs/Downloads/luci-go-refs_heads_main/turboci-lite/cmd/ci/testing"}} fields:{key:"module" value:{string_value:"github.com/example/turboci-lite"}} fields:{key:"package" value:{string_value:"github.com/example/turboci-lite/cmd/ci/testing"}}

  id: test:github.com/example/turboci-lite/cmd/runner-example
  kind: test:github.com/example/turboci-lite/cmd/runner-example
 options: fields:{key:"dir" value:{string_value:"/Users/phobbs/Downloads/luci-go-refs_heads_main/turboci-lite/cmd/runner-example"}} fields:{key:"module" value:{string_value:"github.com/example/turboci-lite"}} fields:{key:"package" value:{string_value:"github.com/example/turboci-lite/cmd/runner-example"}}])
21:25:16 gRPC call: /turboci.v1.TurboCIOrchestrator/QueryNodes
21:25:17 gRPC call: /turboci.v1.TurboCIOrchestrator/QueryNodes
21:25:18 gRPC call: /turboci.v1.TurboCIOrchestrator/QueryNodes
21:25:19 gRPC call: /turboci.v1.TurboCIOrchestrator/QueryNodes
21:25:20 gRPC call: /turboci.v1.TurboCIOrchestrator/QueryNodes
21:25:20 gRPC call: /turboci.v1.TurboCIOrchestrator/QueryNodes
21:25:20 [diag] Stages: total=37 states=map[STAGE_STATE_ATTEMPTING:25 STAGE_STATE_FINAL:10 STAGE_STATE_PLANNED:2]
21:25:20 [diag] Non-final stages: 27 remaining (first 10: [stage:test:github.com/example/turboci-lite/cmd/ci stage:test:github.com/example/turboci-lite/cmd/ci/runners/builder stage:test:github.com/example/turboci-lite/cmd/ci/runners/collector stage:test:github.com/example/turboci-lite/cmd/ci/runners/common stage:test:github.com/example/turboci-lite/cmd/ci/runners/conditional stage:test:github.com/example/turboci-lite/cmd/ci/runners/materialize stage:test:github.com/example/turboci-lite/cmd/ci/runners/tester stage:test:github.com/example/turboci-lite/cmd/ci/runners/trigger stage:test:github.com/example/turboci-lite/cmd/ci/testing stage:test:github.com/example/turboci-lite/cmd/runner-example])
21:25:20 gRPC call: /turboci.v1.TurboCIOrchestrator/QueryNodes
21:25:20 [diag] Checks: total=37 states=map[CHECK_STATE_FINAL:10 CHECK_STATE_PLANNING:27]
21:25:20 [diag] Non-final checks: 27 remaining (first 5: [

  id: test:github.com/example/turboci-lite/cmd/ci
  kind: test:github.com/example/turboci-lite/cmd/ci
 options: fields:{key:"dir" value:{string_value:"/Users/phobbs/Downloads/luci-go-refs_heads_main/turboci-lite/cmd/ci"}} fields:{key:"module" value:{string_value:"github.com/example/turboci-lite"}} fields:{key:"package" value:{string_value:"github.com/example/turboci-lite/cmd/ci"}}

  id: test:github.com/example/turboci-lite/cmd/ci/runners/builder
  kind: test:github.com/example/turboci-lite/cmd/ci/runners/builder
 options: fields:{key:"dir" value:{string_value:"/Users/phobbs/Downloads/luci-go-refs_heads_main/turboci-lite/cmd/ci/runners/builder"}} fields:{key:"module" value:{string_value:"github.com/example/turboci-lite"}} fields:{key:"package" value:{string_value:"github.com/example/turboci-lite/cmd/ci/runners/builder"}}

  id: test:github.com/example/turboci-lite/cmd/ci/runners/collector
  kind: test:github.com/example/turboci-lite/cmd/ci/runners/collector
 options: fields:{key:"dir" value:{string_value:"/Users/phobbs/Downloads/luci-go-refs_heads_main/turboci-lite/cmd/ci/runners/collector"}} fields:{key:"module" value:{string_value:"github.com/example/turboci-lite"}} fields:{key:"package" value:{string_value:"github.com/example/turboci-lite/cmd/ci/runners/collector"}}

  id: test:github.com/example/turboci-lite/cmd/ci/runners/common
  kind: test:github.com/example/turboci-lite/cmd/ci/runners/common
 options: fields:{key:"dir" value:{string_value:"/Users/phobbs/Downloads/luci-go-refs_heads_main/turboci-lite/cmd/ci/runners/common"}} fields:{key:"module" value:{string_value:"github.com/example/turboci-lite"}} fields:{key:"package" value:{string_value:"github.com/example/turboci-lite/cmd/ci/runners/common"}}

  id: test:github.com/example/turboci-lite/cmd/ci/runners/conditional
  kind: test:github.com/example/turboci-lite/cmd/ci/runners/conditional
 options: fields:{key:"dir" value:{string_value:"/Users/phobbs/Downloads/luci-go-refs_heads_main/turboci-lite/cmd/ci/runners/conditional"}} fields:{key:"module" value:{string_value:"github.com/example/turboci-lite"}} fields:{key:"package" value:{string_value:"github.com/example/turboci-lite/cmd/ci/runners/conditional"}}

  id: test:github.com/example/turboci-lite/cmd/ci/runners/materialize
  kind: test:github.com/example/turboci-lite/cmd/ci/runners/materialize
 options: fields:{key:"dir" value:{string_value:"/Users/phobbs/Downloads/luci-go-refs_heads_main/turboci-lite/cmd/ci/runners/materialize"}} fields:{key:"module" value:{string_value:"github.com/example/turboci-lite"}} fields:{key:"package" value:{string_value:"github.com/example/turboci-lite/cmd/ci/runners/materialize"}}

  id: test:github.com/example/turboci-lite/cmd/ci/runners/tester
  kind: test:github.com/example/turboci-lite/cmd/ci/runners/tester
 options: fields:{key:"dir" value:{string_value:"/Users/phobbs/Downloads/luci-go-refs_heads_main/turboci-lite/cmd/ci/runners/tester"}} fields:{key:"module" value:{string_value:"github.com/example/turboci-lite"}} fields:{key:"package" value:{string_value:"github.com/example/turboci-lite/cmd/ci/runners/tester"}}

  id: test:github.com/example/turboci-lite/cmd/ci/runners/trigger
  kind: test:github.com/example/turboci-lite/cmd/ci/runners/trigger
 options: fields:{key:"dir" value:{string_value:"/Users/phobbs/Downloads/luci-go-refs_heads_main/turboci-lite/cmd/ci/runners/trigger"}} fields:{key:"module" value:{string_value:"github.com/example/turboci-lite"}} fields:{key:"package" value:{string_value:"github.com/example/turboci-lite/cmd/ci/runners/trigger"}}

  id: test:github.com/example/turboci-lite/cmd/ci/testing
  kind: test:github.com/example/turboci-lite/cmd/ci/testing
 options: fields:{key:"dir" value:{string_value:"/Users/phobbs/Downloads/luci-go-refs_heads_main/turboci-lite/cmd/ci/testing"}} fields:{key:"module" value:{string_value:"github.com/example/turboci-lite"}} fields:{key:"package" value:{string_value:"github.com/example/turboci-lite/cmd/ci/testing"}}

  id: test:github.com/example/turboci-lite/cmd/runner-example
  kind: test:github.com/example/turboci-lite/cmd/runner-example
 options: fields:{key:"dir" value:{string_value:"/Users/phobbs/Downloads/luci-go-refs_heads_main/turboci-lite/cmd/runner-example"}} fields:{key:"module" value:{string_value:"github.com/example/turboci-lite"}} fields:{key:"package" value:{string_value:"github.com/example/turboci-lite/cmd/runner-example"}}])
21:25:21 gRPC call: /turboci.v1.TurboCIOrchestrator/QueryNodes
21:25:22 gRPC call: /turboci.v1.TurboCIOrchestrator/QueryNodes
21:25:23 gRPC call: /turboci.v1.TurboCIOrchestrator/QueryNodes
21:25:24 gRPC call: /turboci.v1.TurboCIOrchestrator/QueryNodes
21:25:25 gRPC call: /turboci.v1.TurboCIOrchestrator/QueryNodes
21:25:25 gRPC call: /turboci.v1.TurboCIOrchestrator/QueryNodes
21:25:25 [diag] Stages: total=37 states=map[STAGE_STATE_ATTEMPTING:25 STAGE_STATE_FINAL:10 STAGE_STATE_PLANNED:2]
21:25:25 [diag] Non-final stages: 27 remaining (first 10: [stage:test:github.com/example/turboci-lite/cmd/ci stage:test:github.com/example/turboci-lite/cmd/ci/runners/builder stage:test:github.com/example/turboci-lite/cmd/ci/runners/collector stage:test:github.com/example/turboci-lite/cmd/ci/runners/common stage:test:github.com/example/turboci-lite/cmd/ci/runners/conditional stage:test:github.com/example/turboci-lite/cmd/ci/runners/materialize stage:test:github.com/example/turboci-lite/cmd/ci/runners/tester stage:test:github.com/example/turboci-lite/cmd/ci/runners/trigger stage:test:github.com/example/turboci-lite/cmd/ci/testing stage:test:github.com/example/turboci-lite/cmd/runner-example])
21:25:25 gRPC call: /turboci.v1.TurboCIOrchestrator/QueryNodes
21:25:25 [diag] Checks: total=37 states=map[CHECK_STATE_FINAL:10 CHECK_STATE_PLANNING:27]
21:25:25 [diag] Non-final checks: 27 remaining (first 5: [

  id: test:github.com/example/turboci-lite/cmd/ci
  kind: test:github.com/example/turboci-lite/cmd/ci
 options: fields:{key:"dir" value:{string_value:"/Users/phobbs/Downloads/luci-go-refs_heads_main/turboci-lite/cmd/ci"}} fields:{key:"module" value:{string_value:"github.com/example/turboci-lite"}} fields:{key:"package" value:{string_value:"github.com/example/turboci-lite/cmd/ci"}}

  id: test:github.com/example/turboci-lite/cmd/ci/runners/builder
  kind: test:github.com/example/turboci-lite/cmd/ci/runners/builder
 options: fields:{key:"dir" value:{string_value:"/Users/phobbs/Downloads/luci-go-refs_heads_main/turboci-lite/cmd/ci/runners/builder"}} fields:{key:"module" value:{string_value:"github.com/example/turboci-lite"}} fields:{key:"package" value:{string_value:"github.com/example/turboci-lite/cmd/ci/runners/builder"}}

  id: test:github.com/example/turboci-lite/cmd/ci/runners/collector
  kind: test:github.com/example/turboci-lite/cmd/ci/runners/collector
 options: fields:{key:"dir" value:{string_value:"/Users/phobbs/Downloads/luci-go-refs_heads_main/turboci-lite/cmd/ci/runners/collector"}} fields:{key:"module" value:{string_value:"github.com/example/turboci-lite"}} fields:{key:"package" value:{string_value:"github.com/example/turboci-lite/cmd/ci/runners/collector"}}

  id: test:github.com/example/turboci-lite/cmd/ci/runners/common
  kind: test:github.com/example/turboci-lite/cmd/ci/runners/common
 options: fields:{key:"dir" value:{string_value:"/Users/phobbs/Downloads/luci-go-refs_heads_main/turboci-lite/cmd/ci/runners/common"}} fields:{key:"module" value:{string_value:"github.com/example/turboci-lite"}} fields:{key:"package" value:{string_value:"github.com/example/turboci-lite/cmd/ci/runners/common"}}

  id: test:github.com/example/turboci-lite/cmd/ci/runners/conditional
  kind: test:github.com/example/turboci-lite/cmd/ci/runners/conditional
 options: fields:{key:"dir" value:{string_value:"/Users/phobbs/Downloads/luci-go-refs_heads_main/turboci-lite/cmd/ci/runners/conditional"}} fields:{key:"module" value:{string_value:"github.com/example/turboci-lite"}} fields:{key:"package" value:{string_value:"github.com/example/turboci-lite/cmd/ci/runners/conditional"}}

  id: test:github.com/example/turboci-lite/cmd/ci/runners/materialize
  kind: test:github.com/example/turboci-lite/cmd/ci/runners/materialize
 options: fields:{key:"dir" value:{string_value:"/Users/phobbs/Downloads/luci-go-refs_heads_main/turboci-lite/cmd/ci/runners/materialize"}} fields:{key:"module" value:{string_value:"github.com/example/turboci-lite"}} fields:{key:"package" value:{string_value:"github.com/example/turboci-lite/cmd/ci/runners/materialize"}}

  id: test:github.com/example/turboci-lite/cmd/ci/runners/tester
  kind: test:github.com/example/turboci-lite/cmd/ci/runners/tester
 options: fields:{key:"dir" value:{string_value:"/Users/phobbs/Downloads/luci-go-refs_heads_main/turboci-lite/cmd/ci/runners/tester"}} fields:{key:"module" value:{string_value:"github.com/example/turboci-lite"}} fields:{key:"package" value:{string_value:"github.com/example/turboci-lite/cmd/ci/runners/tester"}}

  id: test:github.com/example/turboci-lite/cmd/ci/runners/trigger
  kind: test:github.com/example/turboci-lite/cmd/ci/runners/trigger
 options: fields:{key:"dir" value:{string_value:"/Users/phobbs/Downloads/luci-go-refs_heads_main/turboci-lite/cmd/ci/runners/trigger"}} fields:{key:"module" value:{string_value:"github.com/example/turboci-lite"}} fields:{key:"package" value:{string_value:"github.com/example/turboci-lite/cmd/ci/runners/trigger"}}

  id: test:github.com/example/turboci-lite/cmd/ci/testing
  kind: test:github.com/example/turboci-lite/cmd/ci/testing
 options: fields:{key:"dir" value:{string_value:"/Users/phobbs/Downloads/luci-go-refs_heads_main/turboci-lite/cmd/ci/testing"}} fields:{key:"module" value:{string_value:"github.com/example/turboci-lite"}} fields:{key:"package" value:{string_value:"github.com/example/turboci-lite/cmd/ci/testing"}}

  id: test:github.com/example/turboci-lite/cmd/runner-example
  kind: test:github.com/example/turboci-lite/cmd/runner-example
 options: fields:{key:"dir" value:{string_value:"/Users/phobbs/Downloads/luci-go-refs_heads_main/turboci-lite/cmd/runner-example"}} fields:{key:"module" value:{string_value:"github.com/example/turboci-lite"}} fields:{key:"package" value:{string_value:"github.com/example/turboci-lite/cmd/runner-example"}}])
21:25:26 gRPC call: /turboci.v1.TurboCIOrchestrator/QueryNodes
21:25:27 gRPC call: /turboci.v1.TurboCIOrchestrator/QueryNodes
21:25:28 gRPC call: /turboci.v1.TurboCIOrchestrator/QueryNodes
21:25:29 gRPC call: /turboci.v1.TurboCIOrchestrator/QueryNodes
21:25:29 gRPC call: /turboci.v1.TurboCIOrchestrator/RegisterStageRunner
21:25:29 gRPC call: /turboci.v1.TurboCIOrchestrator/RegisterStageRunner
21:25:29 gRPC call: /turboci.v1.TurboCIOrchestrator/RegisterStageRunner
21:25:29 gRPC call: /turboci.v1.TurboCIOrchestrator/RegisterStageRunner
21:25:29 gRPC call: /turboci.v1.TurboCIOrchestrator/RegisterStageRunner
21:25:29 gRPC call: /turboci.v1.TurboCIOrchestrator/RegisterStageRunner
21:25:30 gRPC call: /turboci.v1.TurboCIOrchestrator/QueryNodes
21:25:30 gRPC call: /turboci.v1.TurboCIOrchestrator/QueryNodes
21:25:30 [diag] Stages: total=37 states=map[STAGE_STATE_ATTEMPTING:25 STAGE_STATE_FINAL:10 STAGE_STATE_PLANNED:2]
21:25:30 [diag] Non-final stages: 27 remaining (first 10: [stage:test:github.com/example/turboci-lite/cmd/ci stage:test:github.com/example/turboci-lite/cmd/ci/runners/builder stage:test:github.com/example/turboci-lite/cmd/ci/runners/collector stage:test:github.com/example/turboci-lite/cmd/ci/runners/common stage:test:github.com/example/turboci-lite/cmd/ci/runners/conditional stage:test:github.com/example/turboci-lite/cmd/ci/runners/materialize stage:test:github.com/example/turboci-lite/cmd/ci/runners/tester stage:test:github.com/example/turboci-lite/cmd/ci/runners/trigger stage:test:github.com/example/turboci-lite/cmd/ci/testing stage:test:github.com/example/turboci-lite/cmd/runner-example])
21:25:30 gRPC call: /turboci.v1.TurboCIOrchestrator/QueryNodes
21:25:30 [diag] Checks: total=37 states=map[CHECK_STATE_FINAL:10 CHECK_STATE_PLANNING:27]
21:25:30 [diag] Non-final checks: 27 remaining (first 5: [

  id: test:github.com/example/turboci-lite/cmd/ci
  kind: test:github.com/example/turboci-lite/cmd/ci
 options: fields:{key:"dir" value:{string_value:"/Users/phobbs/Downloads/luci-go-refs_heads_main/turboci-lite/cmd/ci"}} fields:{key:"module" value:{string_value:"github.com/example/turboci-lite"}} fields:{key:"package" value:{string_value:"github.com/example/turboci-lite/cmd/ci"}}

  id: test:github.com/example/turboci-lite/cmd/ci/runners/builder
  kind: test:github.com/example/turboci-lite/cmd/ci/runners/builder
 options: fields:{key:"dir" value:{string_value:"/Users/phobbs/Downloads/luci-go-refs_heads_main/turboci-lite/cmd/ci/runners/builder"}} fields:{key:"module" value:{string_value:"github.com/example/turboci-lite"}} fields:{key:"package" value:{string_value:"github.com/example/turboci-lite/cmd/ci/runners/builder"}}

  id: test:github.com/example/turboci-lite/cmd/ci/runners/collector
  kind: test:github.com/example/turboci-lite/cmd/ci/runners/collector
 options: fields:{key:"dir" value:{string_value:"/Users/phobbs/Downloads/luci-go-refs_heads_main/turboci-lite/cmd/ci/runners/collector"}} fields:{key:"module" value:{string_value:"github.com/example/turboci-lite"}} fields:{key:"package" value:{string_value:"github.com/example/turboci-lite/cmd/ci/runners/collector"}}

  id: test:github.com/example/turboci-lite/cmd/ci/runners/common
  kind: test:github.com/example/turboci-lite/cmd/ci/runners/common
 options: fields:{key:"dir" value:{string_value:"/Users/phobbs/Downloads/luci-go-refs_heads_main/turboci-lite/cmd/ci/runners/common"}} fields:{key:"module" value:{string_value:"github.com/example/turboci-lite"}} fields:{key:"package" value:{string_value:"github.com/example/turboci-lite/cmd/ci/runners/common"}}

  id: test:github.com/example/turboci-lite/cmd/ci/runners/conditional
  kind: test:github.com/example/turboci-lite/cmd/ci/runners/conditional
 options: fields:{key:"dir" value:{string_value:"/Users/phobbs/Downloads/luci-go-refs_heads_main/turboci-lite/cmd/ci/runners/conditional"}} fields:{key:"module" value:{string_value:"github.com/example/turboci-lite"}} fields:{key:"package" value:{string_value:"github.com/example/turboci-lite/cmd/ci/runners/conditional"}}

  id: test:github.com/example/turboci-lite/cmd/ci/runners/materialize
  kind: test:github.com/example/turboci-lite/cmd/ci/runners/materialize
 options: fields:{key:"dir" value:{string_value:"/Users/phobbs/Downloads/luci-go-refs_heads_main/turboci-lite/cmd/ci/runners/materialize"}} fields:{key:"module" value:{string_value:"github.com/example/turboci-lite"}} fields:{key:"package" value:{string_value:"github.com/example/turboci-lite/cmd/ci/runners/materialize"}}

  id: test:github.com/example/turboci-lite/cmd/ci/runners/tester
  kind: test:github.com/example/turboci-lite/cmd/ci/runners/tester
 options: fields:{key:"dir" value:{string_value:"/Users/phobbs/Downloads/luci-go-refs_heads_main/turboci-lite/cmd/ci/runners/tester"}} fields:{key:"module" value:{string_value:"github.com/example/turboci-lite"}} fields:{key:"package" value:{string_value:"github.com/example/turboci-lite/cmd/ci/runners/tester"}}

  id: test:github.com/example/turboci-lite/cmd/ci/runners/trigger
  kind: test:github.com/example/turboci-lite/cmd/ci/runners/trigger
 options: fields:{key:"dir" value:{string_value:"/Users/phobbs/Downloads/luci-go-refs_heads_main/turboci-lite/cmd/ci/runners/trigger"}} fields:{key:"module" value:{string_value:"github.com/example/turboci-lite"}} fields:{key:"package" value:{string_value:"github.com/example/turboci-lite/cmd/ci/runners/trigger"}}

  id: test:github.com/example/turboci-lite/cmd/ci/testing
  kind: test:github.com/example/turboci-lite/cmd/ci/testing
 options: fields:{key:"dir" value:{string_value:"/Users/phobbs/Downloads/luci-go-refs_heads_main/turboci-lite/cmd/ci/testing"}} fields:{key:"module" value:{string_value:"github.com/example/turboci-lite"}} fields:{key:"package" value:{string_value:"github.com/example/turboci-lite/cmd/ci/testing"}}

  id: test:github.com/example/turboci-lite/cmd/runner-example
  kind: test:github.com/example/turboci-lite/cmd/runner-example
 options: fields:{key:"dir" value:{string_value:"/Users/phobbs/Downloads/luci-go-refs_heads_main/turboci-lite/cmd/runner-example"}} fields:{key:"module" value:{string_value:"github.com/example/turboci-lite"}} fields:{key:"package" value:{string_value:"github.com/example/turboci-lite/cmd/runner-example"}}])
21:25:31 gRPC call: /turboci.v1.TurboCIOrchestrator/QueryNodes
21:25:32 gRPC call: /turboci.v1.TurboCIOrchestrator/QueryNodes
21:25:33 gRPC call: /turboci.v1.TurboCIOrchestrator/QueryNodes
21:25:34 gRPC call: /turboci.v1.TurboCIOrchestrator/QueryNodes
21:25:35 gRPC call: /turboci.v1.TurboCIOrchestrator/QueryNodes
21:25:35 gRPC call: /turboci.v1.TurboCIOrchestrator/QueryNodes
21:25:35 [diag] Stages: total=37 states=map[STAGE_STATE_ATTEMPTING:24 STAGE_STATE_FINAL:11 STAGE_STATE_PLANNED:2]
21:25:35 [diag] Non-final stages: 26 remaining (first 10: [stage:test:github.com/example/turboci-lite/cmd/ci stage:test:github.com/example/turboci-lite/cmd/ci/runners/builder stage:test:github.com/example/turboci-lite/cmd/ci/runners/collector stage:test:github.com/example/turboci-lite/cmd/ci/runners/common stage:test:github.com/example/turboci-lite/cmd/ci/runners/conditional stage:test:github.com/example/turboci-lite/cmd/ci/runners/materialize stage:test:github.com/example/turboci-lite/cmd/ci/runners/tester stage:test:github.com/example/turboci-lite/cmd/ci/runners/trigger stage:test:github.com/example/turboci-lite/cmd/ci/testing stage:test:github.com/example/turboci-lite/cmd/runner-example])
21:25:35 gRPC call: /turboci.v1.TurboCIOrchestrator/QueryNodes
21:25:35 [diag] Checks: total=37 states=map[CHECK_STATE_FINAL:11 CHECK_STATE_PLANNING:26]
21:25:35 [diag] Non-final checks: 26 remaining (first 5: [

  id: test:github.com/example/turboci-lite/cmd/ci
  kind: test:github.com/example/turboci-lite/cmd/ci
 options: fields:{key:"dir" value:{string_value:"/Users/phobbs/Downloads/luci-go-refs_heads_main/turboci-lite/cmd/ci"}} fields:{key:"module" value:{string_value:"github.com/example/turboci-lite"}} fields:{key:"package" value:{string_value:"github.com/example/turboci-lite/cmd/ci"}}

  id: test:github.com/example/turboci-lite/cmd/ci/runners/builder
  kind: test:github.com/example/turboci-lite/cmd/ci/runners/builder
 options: fields:{key:"dir" value:{string_value:"/Users/phobbs/Downloads/luci-go-refs_heads_main/turboci-lite/cmd/ci/runners/builder"}} fields:{key:"module" value:{string_value:"github.com/example/turboci-lite"}} fields:{key:"package" value:{string_value:"github.com/example/turboci-lite/cmd/ci/runners/builder"}}

  id: test:github.com/example/turboci-lite/cmd/ci/runners/collector
  kind: test:github.com/example/turboci-lite/cmd/ci/runners/collector
 options: fields:{key:"dir" value:{string_value:"/Users/phobbs/Downloads/luci-go-refs_heads_main/turboci-lite/cmd/ci/runners/collector"}} fields:{key:"module" value:{string_value:"github.com/example/turboci-lite"}} fields:{key:"package" value:{string_value:"github.com/example/turboci-lite/cmd/ci/runners/collector"}}

  id: test:github.com/example/turboci-lite/cmd/ci/runners/common
  kind: test:github.com/example/turboci-lite/cmd/ci/runners/common
 options: fields:{key:"dir" value:{string_value:"/Users/phobbs/Downloads/luci-go-refs_heads_main/turboci-lite/cmd/ci/runners/common"}} fields:{key:"module" value:{string_value:"github.com/example/turboci-lite"}} fields:{key:"package" value:{string_value:"github.com/example/turboci-lite/cmd/ci/runners/common"}}

  id: test:github.com/example/turboci-lite/cmd/ci/runners/conditional
  kind: test:github.com/example/turboci-lite/cmd/ci/runners/conditional
 options: fields:{key:"dir" value:{string_value:"/Users/phobbs/Downloads/luci-go-refs_heads_main/turboci-lite/cmd/ci/runners/conditional"}} fields:{key:"module" value:{string_value:"github.com/example/turboci-lite"}} fields:{key:"package" value:{string_value:"github.com/example/turboci-lite/cmd/ci/runners/conditional"}}

  id: test:github.com/example/turboci-lite/cmd/ci/runners/materialize
  kind: test:github.com/example/turboci-lite/cmd/ci/runners/materialize
 options: fields:{key:"dir" value:{string_value:"/Users/phobbs/Downloads/luci-go-refs_heads_main/turboci-lite/cmd/ci/runners/materialize"}} fields:{key:"module" value:{string_value:"github.com/example/turboci-lite"}} fields:{key:"package" value:{string_value:"github.com/example/turboci-lite/cmd/ci/runners/materialize"}}

  id: test:github.com/example/turboci-lite/cmd/ci/runners/tester
  kind: test:github.com/example/turboci-lite/cmd/ci/runners/tester
 options: fields:{key:"dir" value:{string_value:"/Users/phobbs/Downloads/luci-go-refs_heads_main/turboci-lite/cmd/ci/runners/tester"}} fields:{key:"module" value:{string_value:"github.com/example/turboci-lite"}} fields:{key:"package" value:{string_value:"github.com/example/turboci-lite/cmd/ci/runners/tester"}}

  id: test:github.com/example/turboci-lite/cmd/ci/runners/trigger
  kind: test:github.com/example/turboci-lite/cmd/ci/runners/trigger
 options: fields:{key:"dir" value:{string_value:"/Users/phobbs/Downloads/luci-go-refs_heads_main/turboci-lite/cmd/ci/runners/trigger"}} fields:{key:"module" value:{string_value:"github.com/example/turboci-lite"}} fields:{key:"package" value:{string_value:"github.com/example/turboci-lite/cmd/ci/runners/trigger"}}

  id: test:github.com/example/turboci-lite/cmd/ci/testing
  kind: test:github.com/example/turboci-lite/cmd/ci/testing
 options: fields:{key:"dir" value:{string_value:"/Users/phobbs/Downloads/luci-go-refs_heads_main/turboci-lite/cmd/ci/testing"}} fields:{key:"module" value:{string_value:"github.com/example/turboci-lite"}} fields:{key:"package" value:{string_value:"github.com/example/turboci-lite/cmd/ci/testing"}}

  id: test:github.com/example/turboci-lite/cmd/runner-example
  kind: test:github.com/example/turboci-lite/cmd/runner-example
 options: fields:{key:"dir" value:{string_value:"/Users/phobbs/Downloads/luci-go-refs_heads_main/turboci-lite/cmd/runner-example"}} fields:{key:"module" value:{string_value:"github.com/example/turboci-lite"}} fields:{key:"package" value:{string_value:"github.com/example/turboci-lite/cmd/runner-example"}}])
21:25:36 gRPC call: /turboci.v1.TurboCIOrchestrator/QueryNodes
21:25:37 gRPC call: /turboci.v1.TurboCIOrchestrator/QueryNodes
21:25:38 gRPC call: /turboci.v1.TurboCIOrchestrator/QueryNodes
21:25:39 gRPC call: /turboci.v1.TurboCIOrchestrator/QueryNodes
21:25:40 gRPC call: /turboci.v1.TurboCIOrchestrator/QueryNodes
21:25:40 gRPC call: /turboci.v1.TurboCIOrchestrator/QueryNodes
21:25:40 [diag] Stages: total=37 states=map[STAGE_STATE_ATTEMPTING:24 STAGE_STATE_FINAL:11 STAGE_STATE_PLANNED:2]
21:25:40 [diag] Non-final stages: 26 remaining (first 10: [stage:test:github.com/example/turboci-lite/cmd/ci stage:test:github.com/example/turboci-lite/cmd/ci/runners/builder stage:test:github.com/example/turboci-lite/cmd/ci/runners/collector stage:test:github.com/example/turboci-lite/cmd/ci/runners/common stage:test:github.com/example/turboci-lite/cmd/ci/runners/conditional stage:test:github.com/example/turboci-lite/cmd/ci/runners/materialize stage:test:github.com/example/turboci-lite/cmd/ci/runners/tester stage:test:github.com/example/turboci-lite/cmd/ci/runners/trigger stage:test:github.com/example/turboci-lite/cmd/ci/testing stage:test:github.com/example/turboci-lite/cmd/runner-example])
21:25:40 gRPC call: /turboci.v1.TurboCIOrchestrator/QueryNodes
21:25:40 [diag] Checks: total=37 states=map[CHECK_STATE_FINAL:11 CHECK_STATE_PLANNING:26]
21:25:40 [diag] Non-final checks: 26 remaining (first 5: [

  id: test:github.com/example/turboci-lite/cmd/ci
  kind: test:github.com/example/turboci-lite/cmd/ci
 options: fields:{key:"dir" value:{string_value:"/Users/phobbs/Downloads/luci-go-refs_heads_main/turboci-lite/cmd/ci"}} fields:{key:"module" value:{string_value:"github.com/example/turboci-lite"}} fields:{key:"package" value:{string_value:"github.com/example/turboci-lite/cmd/ci"}}

  id: test:github.com/example/turboci-lite/cmd/ci/runners/builder
  kind: test:github.com/example/turboci-lite/cmd/ci/runners/builder
 options: fields:{key:"dir" value:{string_value:"/Users/phobbs/Downloads/luci-go-refs_heads_main/turboci-lite/cmd/ci/runners/builder"}} fields:{key:"module" value:{string_value:"github.com/example/turboci-lite"}} fields:{key:"package" value:{string_value:"github.com/example/turboci-lite/cmd/ci/runners/builder"}}

  id: test:github.com/example/turboci-lite/cmd/ci/runners/collector
  kind: test:github.com/example/turboci-lite/cmd/ci/runners/collector
 options: fields:{key:"dir" value:{string_value:"/Users/phobbs/Downloads/luci-go-refs_heads_main/turboci-lite/cmd/ci/runners/collector"}} fields:{key:"module" value:{string_value:"github.com/example/turboci-lite"}} fields:{key:"package" value:{string_value:"github.com/example/turboci-lite/cmd/ci/runners/collector"}}

  id: test:github.com/example/turboci-lite/cmd/ci/runners/common
  kind: test:github.com/example/turboci-lite/cmd/ci/runners/common
 options: fields:{key:"dir" value:{string_value:"/Users/phobbs/Downloads/luci-go-refs_heads_main/turboci-lite/cmd/ci/runners/common"}} fields:{key:"module" value:{string_value:"github.com/example/turboci-lite"}} fields:{key:"package" value:{string_value:"github.com/example/turboci-lite/cmd/ci/runners/common"}}

  id: test:github.com/example/turboci-lite/cmd/ci/runners/conditional
  kind: test:github.com/example/turboci-lite/cmd/ci/runners/conditional
 options: fields:{key:"dir" value:{string_value:"/Users/phobbs/Downloads/luci-go-refs_heads_main/turboci-lite/cmd/ci/runners/conditional"}} fields:{key:"module" value:{string_value:"github.com/example/turboci-lite"}} fields:{key:"package" value:{string_value:"github.com/example/turboci-lite/cmd/ci/runners/conditional"}}

  id: test:github.com/example/turboci-lite/cmd/ci/runners/materialize
  kind: test:github.com/example/turboci-lite/cmd/ci/runners/materialize
 options: fields:{key:"dir" value:{string_value:"/Users/phobbs/Downloads/luci-go-refs_heads_main/turboci-lite/cmd/ci/runners/materialize"}} fields:{key:"module" value:{string_value:"github.com/example/turboci-lite"}} fields:{key:"package" value:{string_value:"github.com/example/turboci-lite/cmd/ci/runners/materialize"}}

  id: test:github.com/example/turboci-lite/cmd/ci/runners/tester
  kind: test:github.com/example/turboci-lite/cmd/ci/runners/tester
 options: fields:{key:"dir" value:{string_value:"/Users/phobbs/Downloads/luci-go-refs_heads_main/turboci-lite/cmd/ci/runners/tester"}} fields:{key:"module" value:{string_value:"github.com/example/turboci-lite"}} fields:{key:"package" value:{string_value:"github.com/example/turboci-lite/cmd/ci/runners/tester"}}

  id: test:github.com/example/turboci-lite/cmd/ci/runners/trigger
  kind: test:github.com/example/turboci-lite/cmd/ci/runners/trigger
 options: fields:{key:"dir" value:{string_value:"/Users/phobbs/Downloads/luci-go-refs_heads_main/turboci-lite/cmd/ci/runners/trigger"}} fields:{key:"module" value:{string_value:"github.com/example/turboci-lite"}} fields:{key:"package" value:{string_value:"github.com/example/turboci-lite/cmd/ci/runners/trigger"}}

  id: test:github.com/example/turboci-lite/cmd/ci/testing
  kind: test:github.com/example/turboci-lite/cmd/ci/testing
 options: fields:{key:"dir" value:{string_value:"/Users/phobbs/Downloads/luci-go-refs_heads_main/turboci-lite/cmd/ci/testing"}} fields:{key:"module" value:{string_value:"github.com/example/turboci-lite"}} fields:{key:"package" value:{string_value:"github.com/example/turboci-lite/cmd/ci/testing"}}

  id: test:github.com/example/turboci-lite/cmd/runner-example
  kind: test:github.com/example/turboci-lite/cmd/runner-example
 options: fields:{key:"dir" value:{string_value:"/Users/phobbs/Downloads/luci-go-refs_heads_main/turboci-lite/cmd/runner-example"}} fields:{key:"module" value:{string_value:"github.com/example/turboci-lite"}} fields:{key:"package" value:{string_value:"github.com/example/turboci-lite/cmd/runner-example"}}])
21:25:41 gRPC call: /turboci.v1.TurboCIOrchestrator/QueryNodes
21:25:42 gRPC call: /turboci.v1.TurboCIOrchestrator/QueryNodes
21:25:43 gRPC call: /turboci.v1.TurboCIOrchestrator/QueryNodes
21:25:44 gRPC call: /turboci.v1.TurboCIOrchestrator/QueryNodes
21:25:45 gRPC call: /turboci.v1.TurboCIOrchestrator/QueryNodes
21:25:45 gRPC call: /turboci.v1.TurboCIOrchestrator/QueryNodes
21:25:45 [diag] Stages: total=37 states=map[STAGE_STATE_ATTEMPTING:24 STAGE_STATE_FINAL:11 STAGE_STATE_PLANNED:2]
21:25:45 [diag] Non-final stages: 26 remaining (first 10: [stage:test:github.com/example/turboci-lite/cmd/ci stage:test:github.com/example/turboci-lite/cmd/ci/runners/builder stage:test:github.com/example/turboci-lite/cmd/ci/runners/collector stage:test:github.com/example/turboci-lite/cmd/ci/runners/common stage:test:github.com/example/turboci-lite/cmd/ci/runners/conditional stage:test:github.com/example/turboci-lite/cmd/ci/runners/materialize stage:test:github.com/example/turboci-lite/cmd/ci/runners/tester stage:test:github.com/example/turboci-lite/cmd/ci/runners/trigger stage:test:github.com/example/turboci-lite/cmd/ci/testing stage:test:github.com/example/turboci-lite/cmd/runner-example])
21:25:45 gRPC call: /turboci.v1.TurboCIOrchestrator/QueryNodes
21:25:45 [diag] Checks: total=37 states=map[CHECK_STATE_FINAL:11 CHECK_STATE_PLANNING:26]
21:25:45 [diag] Non-final checks: 26 remaining (first 5: [

  id: test:github.com/example/turboci-lite/cmd/ci
  kind: test:github.com/example/turboci-lite/cmd/ci
 options: fields:{key:"dir" value:{string_value:"/Users/phobbs/Downloads/luci-go-refs_heads_main/turboci-lite/cmd/ci"}} fields:{key:"module" value:{string_value:"github.com/example/turboci-lite"}} fields:{key:"package" value:{string_value:"github.com/example/turboci-lite/cmd/ci"}}

  id: test:github.com/example/turboci-lite/cmd/ci/runners/builder
  kind: test:github.com/example/turboci-lite/cmd/ci/runners/builder
 options: fields:{key:"dir" value:{string_value:"/Users/phobbs/Downloads/luci-go-refs_heads_main/turboci-lite/cmd/ci/runners/builder"}} fields:{key:"module" value:{string_value:"github.com/example/turboci-lite"}} fields:{key:"package" value:{string_value:"github.com/example/turboci-lite/cmd/ci/runners/builder"}}

  id: test:github.com/example/turboci-lite/cmd/ci/runners/collector
  kind: test:github.com/example/turboci-lite/cmd/ci/runners/collector
 options: fields:{key:"dir" value:{string_value:"/Users/phobbs/Downloads/luci-go-refs_heads_main/turboci-lite/cmd/ci/runners/collector"}} fields:{key:"module" value:{string_value:"github.com/example/turboci-lite"}} fields:{key:"package" value:{string_value:"github.com/example/turboci-lite/cmd/ci/runners/collector"}}

  id: test:github.com/example/turboci-lite/cmd/ci/runners/common
  kind: test:github.com/example/turboci-lite/cmd/ci/runners/common
 options: fields:{key:"dir" value:{string_value:"/Users/phobbs/Downloads/luci-go-refs_heads_main/turboci-lite/cmd/ci/runners/common"}} fields:{key:"module" value:{string_value:"github.com/example/turboci-lite"}} fields:{key:"package" value:{string_value:"github.com/example/turboci-lite/cmd/ci/runners/common"}}

  id: test:github.com/example/turboci-lite/cmd/ci/runners/conditional
  kind: test:github.com/example/turboci-lite/cmd/ci/runners/conditional
 options: fields:{key:"dir" value:{string_value:"/Users/phobbs/Downloads/luci-go-refs_heads_main/turboci-lite/cmd/ci/runners/conditional"}} fields:{key:"module" value:{string_value:"github.com/example/turboci-lite"}} fields:{key:"package" value:{string_value:"github.com/example/turboci-lite/cmd/ci/runners/conditional"}}

  id: test:github.com/example/turboci-lite/cmd/ci/runners/materialize
  kind: test:github.com/example/turboci-lite/cmd/ci/runners/materialize
 options: fields:{key:"dir" value:{string_value:"/Users/phobbs/Downloads/luci-go-refs_heads_main/turboci-lite/cmd/ci/runners/materialize"}} fields:{key:"module" value:{string_value:"github.com/example/turboci-lite"}} fields:{key:"package" value:{string_value:"github.com/example/turboci-lite/cmd/ci/runners/materialize"}}

  id: test:github.com/example/turboci-lite/cmd/ci/runners/tester
  kind: test:github.com/example/turboci-lite/cmd/ci/runners/tester
 options: fields:{key:"dir" value:{string_value:"/Users/phobbs/Downloads/luci-go-refs_heads_main/turboci-lite/cmd/ci/runners/tester"}} fields:{key:"module" value:{string_value:"github.com/example/turboci-lite"}} fields:{key:"package" value:{string_value:"github.com/example/turboci-lite/cmd/ci/runners/tester"}}

  id: test:github.com/example/turboci-lite/cmd/ci/runners/trigger
  kind: test:github.com/example/turboci-lite/cmd/ci/runners/trigger
 options: fields:{key:"dir" value:{string_value:"/Users/phobbs/Downloads/luci-go-refs_heads_main/turboci-lite/cmd/ci/runners/trigger"}} fields:{key:"module" value:{string_value:"github.com/example/turboci-lite"}} fields:{key:"package" value:{string_value:"github.com/example/turboci-lite/cmd/ci/runners/trigger"}}

  id: test:github.com/example/turboci-lite/cmd/ci/testing
  kind: test:github.com/example/turboci-lite/cmd/ci/testing
 options: fields:{key:"dir" value:{string_value:"/Users/phobbs/Downloads/luci-go-refs_heads_main/turboci-lite/cmd/ci/testing"}} fields:{key:"module" value:{string_value:"github.com/example/turboci-lite"}} fields:{key:"package" value:{string_value:"github.com/example/turboci-lite/cmd/ci/testing"}}

  id: test:github.com/example/turboci-lite/cmd/runner-example
  kind: test:github.com/example/turboci-lite/cmd/runner-example
 options: fields:{key:"dir" value:{string_value:"/Users/phobbs/Downloads/luci-go-refs_heads_main/turboci-lite/cmd/runner-example"}} fields:{key:"module" value:{string_value:"github.com/example/turboci-lite"}} fields:{key:"package" value:{string_value:"github.com/example/turboci-lite/cmd/runner-example"}}])
21:25:46 gRPC call: /turboci.v1.TurboCIOrchestrator/QueryNodes
21:25:47 gRPC call: /turboci.v1.TurboCIOrchestrator/QueryNodes
21:25:48 gRPC call: /turboci.v1.TurboCIOrchestrator/QueryNodes
21:25:49 gRPC call: /turboci.v1.TurboCIOrchestrator/QueryNodes
21:25:50 gRPC call: /turboci.v1.TurboCIOrchestrator/QueryNodes
21:25:50 gRPC call: /turboci.v1.TurboCIOrchestrator/QueryNodes
21:25:50 [diag] Stages: total=37 states=map[STAGE_STATE_ATTEMPTING:24 STAGE_STATE_FINAL:11 STAGE_STATE_PLANNED:2]
21:25:50 [diag] Non-final stages: 26 remaining (first 10: [stage:test:github.com/example/turboci-lite/cmd/ci stage:test:github.com/example/turboci-lite/cmd/ci/runners/builder stage:test:github.com/example/turboci-lite/cmd/ci/runners/collector stage:test:github.com/example/turboci-lite/cmd/ci/runners/common stage:test:github.com/example/turboci-lite/cmd/ci/runners/conditional stage:test:github.com/example/turboci-lite/cmd/ci/runners/materialize stage:test:github.com/example/turboci-lite/cmd/ci/runners/tester stage:test:github.com/example/turboci-lite/cmd/ci/runners/trigger stage:test:github.com/example/turboci-lite/cmd/ci/testing stage:test:github.com/example/turboci-lite/cmd/runner-example])
21:25:50 gRPC call: /turboci.v1.TurboCIOrchestrator/QueryNodes
21:25:50 [diag] Checks: total=37 states=map[CHECK_STATE_FINAL:11 CHECK_STATE_PLANNING:26]
21:25:50 [diag] Non-final checks: 26 remaining (first 5: [

  id: test:github.com/example/turboci-lite/cmd/ci
  kind: test:github.com/example/turboci-lite/cmd/ci
 options: fields:{key:"dir" value:{string_value:"/Users/phobbs/Downloads/luci-go-refs_heads_main/turboci-lite/cmd/ci"}} fields:{key:"module" value:{string_value:"github.com/example/turboci-lite"}} fields:{key:"package" value:{string_value:"github.com/example/turboci-lite/cmd/ci"}}

  id: test:github.com/example/turboci-lite/cmd/ci/runners/builder
  kind: test:github.com/example/turboci-lite/cmd/ci/runners/builder
 options: fields:{key:"dir" value:{string_value:"/Users/phobbs/Downloads/luci-go-refs_heads_main/turboci-lite/cmd/ci/runners/builder"}} fields:{key:"module" value:{string_value:"github.com/example/turboci-lite"}} fields:{key:"package" value:{string_value:"github.com/example/turboci-lite/cmd/ci/runners/builder"}}

  id: test:github.com/example/turboci-lite/cmd/ci/runners/collector
  kind: test:github.com/example/turboci-lite/cmd/ci/runners/collector
 options: fields:{key:"dir" value:{string_value:"/Users/phobbs/Downloads/luci-go-refs_heads_main/turboci-lite/cmd/ci/runners/collector"}} fields:{key:"module" value:{string_value:"github.com/example/turboci-lite"}} fields:{key:"package" value:{string_value:"github.com/example/turboci-lite/cmd/ci/runners/collector"}}

  id: test:github.com/example/turboci-lite/cmd/ci/runners/common
  kind: test:github.com/example/turboci-lite/cmd/ci/runners/common
 options: fields:{key:"dir" value:{string_value:"/Users/phobbs/Downloads/luci-go-refs_heads_main/turboci-lite/cmd/ci/runners/common"}} fields:{key:"module" value:{string_value:"github.com/example/turboci-lite"}} fields:{key:"package" value:{string_value:"github.com/example/turboci-lite/cmd/ci/runners/common"}}

  id: test:github.com/example/turboci-lite/cmd/ci/runners/conditional
  kind: test:github.com/example/turboci-lite/cmd/ci/runners/conditional
 options: fields:{key:"dir" value:{string_value:"/Users/phobbs/Downloads/luci-go-refs_heads_main/turboci-lite/cmd/ci/runners/conditional"}} fields:{key:"module" value:{string_value:"github.com/example/turboci-lite"}} fields:{key:"package" value:{string_value:"github.com/example/turboci-lite/cmd/ci/runners/conditional"}}

  id: test:github.com/example/turboci-lite/cmd/ci/runners/materialize
  kind: test:github.com/example/turboci-lite/cmd/ci/runners/materialize
 options: fields:{key:"dir" value:{string_value:"/Users/phobbs/Downloads/luci-go-refs_heads_main/turboci-lite/cmd/ci/runners/materialize"}} fields:{key:"module" value:{string_value:"github.com/example/turboci-lite"}} fields:{key:"package" value:{string_value:"github.com/example/turboci-lite/cmd/ci/runners/materialize"}}

  id: test:github.com/example/turboci-lite/cmd/ci/runners/tester
  kind: test:github.com/example/turboci-lite/cmd/ci/runners/tester
 options: fields:{key:"dir" value:{string_value:"/Users/phobbs/Downloads/luci-go-refs_heads_main/turboci-lite/cmd/ci/runners/tester"}} fields:{key:"module" value:{string_value:"github.com/example/turboci-lite"}} fields:{key:"package" value:{string_value:"github.com/example/turboci-lite/cmd/ci/runners/tester"}}

  id: test:github.com/example/turboci-lite/cmd/ci/runners/trigger
  kind: test:github.com/example/turboci-lite/cmd/ci/runners/trigger
 options: fields:{key:"dir" value:{string_value:"/Users/phobbs/Downloads/luci-go-refs_heads_main/turboci-lite/cmd/ci/runners/trigger"}} fields:{key:"module" value:{string_value:"github.com/example/turboci-lite"}} fields:{key:"package" value:{string_value:"github.com/example/turboci-lite/cmd/ci/runners/trigger"}}

  id: test:github.com/example/turboci-lite/cmd/ci/testing
  kind: test:github.com/example/turboci-lite/cmd/ci/testing
 options: fields:{key:"dir" value:{string_value:"/Users/phobbs/Downloads/luci-go-refs_heads_main/turboci-lite/cmd/ci/testing"}} fields:{key:"module" value:{string_value:"github.com/example/turboci-lite"}} fields:{key:"package" value:{string_value:"github.com/example/turboci-lite/cmd/ci/testing"}}

  id: test:github.com/example/turboci-lite/cmd/runner-example
  kind: test:github.com/example/turboci-lite/cmd/runner-example
 options: fields:{key:"dir" value:{string_value:"/Users/phobbs/Downloads/luci-go-refs_heads_main/turboci-lite/cmd/runner-example"}} fields:{key:"module" value:{string_value:"github.com/example/turboci-lite"}} fields:{key:"package" value:{string_value:"github.com/example/turboci-lite/cmd/runner-example"}}])
21:25:51 gRPC call: /turboci.v1.TurboCIOrchestrator/QueryNodes
21:25:52 gRPC call: /turboci.v1.TurboCIOrchestrator/QueryNodes
21:25:53 gRPC call: /turboci.v1.TurboCIOrchestrator/QueryNodes
21:25:54 gRPC call: /turboci.v1.TurboCIOrchestrator/QueryNodes
21:25:55 gRPC call: /turboci.v1.TurboCIOrchestrator/QueryNodes
21:25:55 gRPC call: /turboci.v1.TurboCIOrchestrator/QueryNodes
21:25:55 [diag] Stages: total=37 states=map[STAGE_STATE_ATTEMPTING:24 STAGE_STATE_FINAL:11 STAGE_STATE_PLANNED:2]
21:25:55 [diag] Non-final stages: 26 remaining (first 10: [stage:test:github.com/example/turboci-lite/cmd/ci stage:test:github.com/example/turboci-lite/cmd/ci/runners/builder stage:test:github.com/example/turboci-lite/cmd/ci/runners/collector stage:test:github.com/example/turboci-lite/cmd/ci/runners/common stage:test:github.com/example/turboci-lite/cmd/ci/runners/conditional stage:test:github.com/example/turboci-lite/cmd/ci/runners/materialize stage:test:github.com/example/turboci-lite/cmd/ci/runners/tester stage:test:github.com/example/turboci-lite/cmd/ci/runners/trigger stage:test:github.com/example/turboci-lite/cmd/ci/testing stage:test:github.com/example/turboci-lite/cmd/runner-example])
21:25:55 gRPC call: /turboci.v1.TurboCIOrchestrator/QueryNodes
21:25:55 [diag] Checks: total=37 states=map[CHECK_STATE_FINAL:11 CHECK_STATE_PLANNING:26]
21:25:55 [diag] Non-final checks: 26 remaining (first 5: [

  id: test:github.com/example/turboci-lite/cmd/ci
  kind: test:github.com/example/turboci-lite/cmd/ci
 options: fields:{key:"dir" value:{string_value:"/Users/phobbs/Downloads/luci-go-refs_heads_main/turboci-lite/cmd/ci"}} fields:{key:"module" value:{string_value:"github.com/example/turboci-lite"}} fields:{key:"package" value:{string_value:"github.com/example/turboci-lite/cmd/ci"}}

  id: test:github.com/example/turboci-lite/cmd/ci/runners/builder
  kind: test:github.com/example/turboci-lite/cmd/ci/runners/builder
 options: fields:{key:"dir" value:{string_value:"/Users/phobbs/Downloads/luci-go-refs_heads_main/turboci-lite/cmd/ci/runners/builder"}} fields:{key:"module" value:{string_value:"github.com/example/turboci-lite"}} fields:{key:"package" value:{string_value:"github.com/example/turboci-lite/cmd/ci/runners/builder"}}

  id: test:github.com/example/turboci-lite/cmd/ci/runners/collector
  kind: test:github.com/example/turboci-lite/cmd/ci/runners/collector
 options: fields:{key:"dir" value:{string_value:"/Users/phobbs/Downloads/luci-go-refs_heads_main/turboci-lite/cmd/ci/runners/collector"}} fields:{key:"module" value:{string_value:"github.com/example/turboci-lite"}} fields:{key:"package" value:{string_value:"github.com/example/turboci-lite/cmd/ci/runners/collector"}}

  id: test:github.com/example/turboci-lite/cmd/ci/runners/common
  kind: test:github.com/example/turboci-lite/cmd/ci/runners/common
 options: fields:{key:"dir" value:{string_value:"/Users/phobbs/Downloads/luci-go-refs_heads_main/turboci-lite/cmd/ci/runners/common"}} fields:{key:"module" value:{string_value:"github.com/example/turboci-lite"}} fields:{key:"package" value:{string_value:"github.com/example/turboci-lite/cmd/ci/runners/common"}}

  id: test:github.com/example/turboci-lite/cmd/ci/runners/conditional
  kind: test:github.com/example/turboci-lite/cmd/ci/runners/conditional
 options: fields:{key:"dir" value:{string_value:"/Users/phobbs/Downloads/luci-go-refs_heads_main/turboci-lite/cmd/ci/runners/conditional"}} fields:{key:"module" value:{string_value:"github.com/example/turboci-lite"}} fields:{key:"package" value:{string_value:"github.com/example/turboci-lite/cmd/ci/runners/conditional"}}

  id: test:github.com/example/turboci-lite/cmd/ci/runners/materialize
  kind: test:github.com/example/turboci-lite/cmd/ci/runners/materialize
 options: fields:{key:"dir" value:{string_value:"/Users/phobbs/Downloads/luci-go-refs_heads_main/turboci-lite/cmd/ci/runners/materialize"}} fields:{key:"module" value:{string_value:"github.com/example/turboci-lite"}} fields:{key:"package" value:{string_value:"github.com/example/turboci-lite/cmd/ci/runners/materialize"}}

  id: test:github.com/example/turboci-lite/cmd/ci/runners/tester
  kind: test:github.com/example/turboci-lite/cmd/ci/runners/tester
 options: fields:{key:"dir" value:{string_value:"/Users/phobbs/Downloads/luci-go-refs_heads_main/turboci-lite/cmd/ci/runners/tester"}} fields:{key:"module" value:{string_value:"github.com/example/turboci-lite"}} fields:{key:"package" value:{string_value:"github.com/example/turboci-lite/cmd/ci/runners/tester"}}

  id: test:github.com/example/turboci-lite/cmd/ci/runners/trigger
  kind: test:github.com/example/turboci-lite/cmd/ci/runners/trigger
 options: fields:{key:"dir" value:{string_value:"/Users/phobbs/Downloads/luci-go-refs_heads_main/turboci-lite/cmd/ci/runners/trigger"}} fields:{key:"module" value:{string_value:"github.com/example/turboci-lite"}} fields:{key:"package" value:{string_value:"github.com/example/turboci-lite/cmd/ci/runners/trigger"}}

  id: test:github.com/example/turboci-lite/cmd/ci/testing
  kind: test:github.com/example/turboci-lite/cmd/ci/testing
 options: fields:{key:"dir" value:{string_value:"/Users/phobbs/Downloads/luci-go-refs_heads_main/turboci-lite/cmd/ci/testing"}} fields:{key:"module" value:{string_value:"github.com/example/turboci-lite"}} fields:{key:"package" value:{string_value:"github.com/example/turboci-lite/cmd/ci/testing"}}

  id: test:github.com/example/turboci-lite/cmd/runner-example
  kind: test:github.com/example/turboci-lite/cmd/runner-example
 options: fields:{key:"dir" value:{string_value:"/Users/phobbs/Downloads/luci-go-refs_heads_main/turboci-lite/cmd/runner-example"}} fields:{key:"module" value:{string_value:"github.com/example/turboci-lite"}} fields:{key:"package" value:{string_value:"github.com/example/turboci-lite/cmd/runner-example"}}])
21:25:56 gRPC call: /turboci.v1.TurboCIOrchestrator/QueryNodes
21:25:57 gRPC call: /turboci.v1.TurboCIOrchestrator/QueryNodes
21:25:58 gRPC call: /turboci.v1.TurboCIOrchestrator/QueryNodes
21:25:59 gRPC call: /turboci.v1.TurboCIOrchestrator/QueryNodes
21:26:00 gRPC call: /turboci.v1.TurboCIOrchestrator/QueryNodes
21:26:00 gRPC call: /turboci.v1.TurboCIOrchestrator/QueryNodes
21:26:00 [diag] Stages: total=37 states=map[STAGE_STATE_ATTEMPTING:24 STAGE_STATE_FINAL:11 STAGE_STATE_PLANNED:2]
21:26:00 [diag] Non-final stages: 26 remaining (first 10: [stage:test:github.com/example/turboci-lite/cmd/ci stage:test:github.com/example/turboci-lite/cmd/ci/runners/builder stage:test:github.com/example/turboci-lite/cmd/ci/runners/collector stage:test:github.com/example/turboci-lite/cmd/ci/runners/common stage:test:github.com/example/turboci-lite/cmd/ci/runners/conditional stage:test:github.com/example/turboci-lite/cmd/ci/runners/materialize stage:test:github.com/example/turboci-lite/cmd/ci/runners/tester stage:test:github.com/example/turboci-lite/cmd/ci/runners/trigger stage:test:github.com/example/turboci-lite/cmd/ci/testing stage:test:github.com/example/turboci-lite/cmd/runner-example])
21:26:00 gRPC call: /turboci.v1.TurboCIOrchestrator/QueryNodes
21:26:00 [diag] Checks: total=37 states=map[CHECK_STATE_FINAL:11 CHECK_STATE_PLANNING:26]
21:26:00 [diag] Non-final checks: 26 remaining (first 5: [

  id: test:github.com/example/turboci-lite/cmd/ci
  kind: test:github.com/example/turboci-lite/cmd/ci
 options: fields:{key:"dir" value:{string_value:"/Users/phobbs/Downloads/luci-go-refs_heads_main/turboci-lite/cmd/ci"}} fields:{key:"module" value:{string_value:"github.com/example/turboci-lite"}} fields:{key:"package" value:{string_value:"github.com/example/turboci-lite/cmd/ci"}}

  id: test:github.com/example/turboci-lite/cmd/ci/runners/builder
  kind: test:github.com/example/turboci-lite/cmd/ci/runners/builder
 options: fields:{key:"dir" value:{string_value:"/Users/phobbs/Downloads/luci-go-refs_heads_main/turboci-lite/cmd/ci/runners/builder"}} fields:{key:"module" value:{string_value:"github.com/example/turboci-lite"}} fields:{key:"package" value:{string_value:"github.com/example/turboci-lite/cmd/ci/runners/builder"}}

  id: test:github.com/example/turboci-lite/cmd/ci/runners/collector
  kind: test:github.com/example/turboci-lite/cmd/ci/runners/collector
 options: fields:{key:"dir" value:{string_value:"/Users/phobbs/Downloads/luci-go-refs_heads_main/turboci-lite/cmd/ci/runners/collector"}} fields:{key:"module" value:{string_value:"github.com/example/turboci-lite"}} fields:{key:"package" value:{string_value:"github.com/example/turboci-lite/cmd/ci/runners/collector"}}

  id: test:github.com/example/turboci-lite/cmd/ci/runners/common
  kind: test:github.com/example/turboci-lite/cmd/ci/runners/common
 options: fields:{key:"dir" value:{string_value:"/Users/phobbs/Downloads/luci-go-refs_heads_main/turboci-lite/cmd/ci/runners/common"}} fields:{key:"module" value:{string_value:"github.com/example/turboci-lite"}} fields:{key:"package" value:{string_value:"github.com/example/turboci-lite/cmd/ci/runners/common"}}

  id: test:github.com/example/turboci-lite/cmd/ci/runners/conditional
  kind: test:github.com/example/turboci-lite/cmd/ci/runners/conditional
 options: fields:{key:"dir" value:{string_value:"/Users/phobbs/Downloads/luci-go-refs_heads_main/turboci-lite/cmd/ci/runners/conditional"}} fields:{key:"module" value:{string_value:"github.com/example/turboci-lite"}} fields:{key:"package" value:{string_value:"github.com/example/turboci-lite/cmd/ci/runners/conditional"}}

  id: test:github.com/example/turboci-lite/cmd/ci/runners/materialize
  kind: test:github.com/example/turboci-lite/cmd/ci/runners/materialize
 options: fields:{key:"dir" value:{string_value:"/Users/phobbs/Downloads/luci-go-refs_heads_main/turboci-lite/cmd/ci/runners/materialize"}} fields:{key:"module" value:{string_value:"github.com/example/turboci-lite"}} fields:{key:"package" value:{string_value:"github.com/example/turboci-lite/cmd/ci/runners/materialize"}}

  id: test:github.com/example/turboci-lite/cmd/ci/runners/tester
  kind: test:github.com/example/turboci-lite/cmd/ci/runners/tester
 options: fields:{key:"dir" value:{string_value:"/Users/phobbs/Downloads/luci-go-refs_heads_main/turboci-lite/cmd/ci/runners/tester"}} fields:{key:"module" value:{string_value:"github.com/example/turboci-lite"}} fields:{key:"package" value:{string_value:"github.com/example/turboci-lite/cmd/ci/runners/tester"}}

  id: test:github.com/example/turboci-lite/cmd/ci/runners/trigger
  kind: test:github.com/example/turboci-lite/cmd/ci/runners/trigger
 options: fields:{key:"dir" value:{string_value:"/Users/phobbs/Downloads/luci-go-refs_heads_main/turboci-lite/cmd/ci/runners/trigger"}} fields:{key:"module" value:{string_value:"github.com/example/turboci-lite"}} fields:{key:"package" value:{string_value:"github.com/example/turboci-lite/cmd/ci/runners/trigger"}}

  id: test:github.com/example/turboci-lite/cmd/ci/testing
  kind: test:github.com/example/turboci-lite/cmd/ci/testing
 options: fields:{key:"dir" value:{string_value:"/Users/phobbs/Downloads/luci-go-refs_heads_main/turboci-lite/cmd/ci/testing"}} fields:{key:"module" value:{string_value:"github.com/example/turboci-lite"}} fields:{key:"package" value:{string_value:"github.com/example/turboci-lite/cmd/ci/testing"}}

  id: test:github.com/example/turboci-lite/cmd/runner-example
  kind: test:github.com/example/turboci-lite/cmd/runner-example
 options: fields:{key:"dir" value:{string_value:"/Users/phobbs/Downloads/luci-go-refs_heads_main/turboci-lite/cmd/runner-example"}} fields:{key:"module" value:{string_value:"github.com/example/turboci-lite"}} fields:{key:"package" value:{string_value:"github.com/example/turboci-lite/cmd/runner-example"}}])
21:26:01 gRPC call: /turboci.v1.TurboCIOrchestrator/QueryNodes
21:26:02 gRPC call: /turboci.v1.TurboCIOrchestrator/QueryNodes
21:26:03 gRPC call: /turboci.v1.TurboCIOrchestrator/QueryNodes
21:26:04 gRPC call: /turboci.v1.TurboCIOrchestrator/QueryNodes
21:26:05 gRPC call: /turboci.v1.TurboCIOrchestrator/QueryNodes
21:26:05 gRPC call: /turboci.v1.TurboCIOrchestrator/QueryNodes
21:26:05 [diag] Stages: total=37 states=map[STAGE_STATE_ATTEMPTING:24 STAGE_STATE_FINAL:11 STAGE_STATE_PLANNED:2]
21:26:05 [diag] Non-final stages: 26 remaining (first 10: [stage:test:github.com/example/turboci-lite/cmd/ci stage:test:github.com/example/turboci-lite/cmd/ci/runners/builder stage:test:github.com/example/turboci-lite/cmd/ci/runners/collector stage:test:github.com/example/turboci-lite/cmd/ci/runners/common stage:test:github.com/example/turboci-lite/cmd/ci/runners/conditional stage:test:github.com/example/turboci-lite/cmd/ci/runners/materialize stage:test:github.com/example/turboci-lite/cmd/ci/runners/tester stage:test:github.com/example/turboci-lite/cmd/ci/runners/trigger stage:test:github.com/example/turboci-lite/cmd/ci/testing stage:test:github.com/example/turboci-lite/cmd/runner-example])
21:26:05 gRPC call: /turboci.v1.TurboCIOrchestrator/QueryNodes
21:26:05 [diag] Checks: total=37 states=map[CHECK_STATE_FINAL:11 CHECK_STATE_PLANNING:26]
21:26:05 [diag] Non-final checks: 26 remaining (first 5: [

  id: test:github.com/example/turboci-lite/cmd/ci
  kind: test:github.com/example/turboci-lite/cmd/ci
 options: fields:{key:"dir" value:{string_value:"/Users/phobbs/Downloads/luci-go-refs_heads_main/turboci-lite/cmd/ci"}} fields:{key:"module" value:{string_value:"github.com/example/turboci-lite"}} fields:{key:"package" value:{string_value:"github.com/example/turboci-lite/cmd/ci"}}

  id: test:github.com/example/turboci-lite/cmd/ci/runners/builder
  kind: test:github.com/example/turboci-lite/cmd/ci/runners/builder
 options: fields:{key:"dir" value:{string_value:"/Users/phobbs/Downloads/luci-go-refs_heads_main/turboci-lite/cmd/ci/runners/builder"}} fields:{key:"module" value:{string_value:"github.com/example/turboci-lite"}} fields:{key:"package" value:{string_value:"github.com/example/turboci-lite/cmd/ci/runners/builder"}}

  id: test:github.com/example/turboci-lite/cmd/ci/runners/collector
  kind: test:github.com/example/turboci-lite/cmd/ci/runners/collector
 options: fields:{key:"dir" value:{string_value:"/Users/phobbs/Downloads/luci-go-refs_heads_main/turboci-lite/cmd/ci/runners/collector"}} fields:{key:"module" value:{string_value:"github.com/example/turboci-lite"}} fields:{key:"package" value:{string_value:"github.com/example/turboci-lite/cmd/ci/runners/collector"}}

  id: test:github.com/example/turboci-lite/cmd/ci/runners/common
  kind: test:github.com/example/turboci-lite/cmd/ci/runners/common
 options: fields:{key:"dir" value:{string_value:"/Users/phobbs/Downloads/luci-go-refs_heads_main/turboci-lite/cmd/ci/runners/common"}} fields:{key:"module" value:{string_value:"github.com/example/turboci-lite"}} fields:{key:"package" value:{string_value:"github.com/example/turboci-lite/cmd/ci/runners/common"}}

  id: test:github.com/example/turboci-lite/cmd/ci/runners/conditional
  kind: test:github.com/example/turboci-lite/cmd/ci/runners/conditional
 options: fields:{key:"dir" value:{string_value:"/Users/phobbs/Downloads/luci-go-refs_heads_main/turboci-lite/cmd/ci/runners/conditional"}} fields:{key:"module" value:{string_value:"github.com/example/turboci-lite"}} fields:{key:"package" value:{string_value:"github.com/example/turboci-lite/cmd/ci/runners/conditional"}}

  id: test:github.com/example/turboci-lite/cmd/ci/runners/materialize
  kind: test:github.com/example/turboci-lite/cmd/ci/runners/materialize
 options: fields:{key:"dir" value:{string_value:"/Users/phobbs/Downloads/luci-go-refs_heads_main/turboci-lite/cmd/ci/runners/materialize"}} fields:{key:"module" value:{string_value:"github.com/example/turboci-lite"}} fields:{key:"package" value:{string_value:"github.com/example/turboci-lite/cmd/ci/runners/materialize"}}

  id: test:github.com/example/turboci-lite/cmd/ci/runners/tester
  kind: test:github.com/example/turboci-lite/cmd/ci/runners/tester
 options: fields:{key:"dir" value:{string_value:"/Users/phobbs/Downloads/luci-go-refs_heads_main/turboci-lite/cmd/ci/runners/tester"}} fields:{key:"module" value:{string_value:"github.com/example/turboci-lite"}} fields:{key:"package" value:{string_value:"github.com/example/turboci-lite/cmd/ci/runners/tester"}}

  id: test:github.com/example/turboci-lite/cmd/ci/runners/trigger
  kind: test:github.com/example/turboci-lite/cmd/ci/runners/trigger
 options: fields:{key:"dir" value:{string_value:"/Users/phobbs/Downloads/luci-go-refs_heads_main/turboci-lite/cmd/ci/runners/trigger"}} fields:{key:"module" value:{string_value:"github.com/example/turboci-lite"}} fields:{key:"package" value:{string_value:"github.com/example/turboci-lite/cmd/ci/runners/trigger"}}

  id: test:github.com/example/turboci-lite/cmd/ci/testing
  kind: test:github.com/example/turboci-lite/cmd/ci/testing
 options: fields:{key:"dir" value:{string_value:"/Users/phobbs/Downloads/luci-go-refs_heads_main/turboci-lite/cmd/ci/testing"}} fields:{key:"module" value:{string_value:"github.com/example/turboci-lite"}} fields:{key:"package" value:{string_value:"github.com/example/turboci-lite/cmd/ci/testing"}}

  id: test:github.com/example/turboci-lite/cmd/runner-example
  kind: test:github.com/example/turboci-lite/cmd/runner-example
 options: fields:{key:"dir" value:{string_value:"/Users/phobbs/Downloads/luci-go-refs_heads_main/turboci-lite/cmd/runner-example"}} fields:{key:"module" value:{string_value:"github.com/example/turboci-lite"}} fields:{key:"package" value:{string_value:"github.com/example/turboci-lite/cmd/runner-example"}}])
21:26:06 gRPC call: /turboci.v1.TurboCIOrchestrator/QueryNodes
21:26:07 gRPC call: /turboci.v1.TurboCIOrchestrator/QueryNodes
21:26:08 gRPC call: /turboci.v1.TurboCIOrchestrator/QueryNodes
21:26:09 gRPC call: /turboci.v1.TurboCIOrchestrator/QueryNodes
21:26:10 gRPC call: /turboci.v1.TurboCIOrchestrator/QueryNodes
21:26:10 gRPC call: /turboci.v1.TurboCIOrchestrator/QueryNodes
21:26:10 [diag] Stages: total=37 states=map[STAGE_STATE_ATTEMPTING:24 STAGE_STATE_FINAL:11 STAGE_STATE_PLANNED:2]
21:26:10 [diag] Non-final stages: 26 remaining (first 10: [stage:test:github.com/example/turboci-lite/cmd/ci stage:test:github.com/example/turboci-lite/cmd/ci/runners/builder stage:test:github.com/example/turboci-lite/cmd/ci/runners/collector stage:test:github.com/example/turboci-lite/cmd/ci/runners/common stage:test:github.com/example/turboci-lite/cmd/ci/runners/conditional stage:test:github.com/example/turboci-lite/cmd/ci/runners/materialize stage:test:github.com/example/turboci-lite/cmd/ci/runners/tester stage:test:github.com/example/turboci-lite/cmd/ci/runners/trigger stage:test:github.com/example/turboci-lite/cmd/ci/testing stage:test:github.com/example/turboci-lite/cmd/runner-example])
21:26:10 gRPC call: /turboci.v1.TurboCIOrchestrator/QueryNodes
21:26:10 [diag] Checks: total=37 states=map[CHECK_STATE_FINAL:11 CHECK_STATE_PLANNING:26]
21:26:10 [diag] Non-final checks: 26 remaining (first 5: [

  id: test:github.com/example/turboci-lite/cmd/ci
  kind: test:github.com/example/turboci-lite/cmd/ci
 options: fields:{key:"dir" value:{string_value:"/Users/phobbs/Downloads/luci-go-refs_heads_main/turboci-lite/cmd/ci"}} fields:{key:"module" value:{string_value:"github.com/example/turboci-lite"}} fields:{key:"package" value:{string_value:"github.com/example/turboci-lite/cmd/ci"}}

  id: test:github.com/example/turboci-lite/cmd/ci/runners/builder
  kind: test:github.com/example/turboci-lite/cmd/ci/runners/builder
 options: fields:{key:"dir" value:{string_value:"/Users/phobbs/Downloads/luci-go-refs_heads_main/turboci-lite/cmd/ci/runners/builder"}} fields:{key:"module" value:{string_value:"github.com/example/turboci-lite"}} fields:{key:"package" value:{string_value:"github.com/example/turboci-lite/cmd/ci/runners/builder"}}

  id: test:github.com/example/turboci-lite/cmd/ci/runners/collector
  kind: test:github.com/example/turboci-lite/cmd/ci/runners/collector
 options: fields:{key:"dir" value:{string_value:"/Users/phobbs/Downloads/luci-go-refs_heads_main/turboci-lite/cmd/ci/runners/collector"}} fields:{key:"module" value:{string_value:"github.com/example/turboci-lite"}} fields:{key:"package" value:{string_value:"github.com/example/turboci-lite/cmd/ci/runners/collector"}}

  id: test:github.com/example/turboci-lite/cmd/ci/runners/common
  kind: test:github.com/example/turboci-lite/cmd/ci/runners/common
 options: fields:{key:"dir" value:{string_value:"/Users/phobbs/Downloads/luci-go-refs_heads_main/turboci-lite/cmd/ci/runners/common"}} fields:{key:"module" value:{string_value:"github.com/example/turboci-lite"}} fields:{key:"package" value:{string_value:"github.com/example/turboci-lite/cmd/ci/runners/common"}}

  id: test:github.com/example/turboci-lite/cmd/ci/runners/conditional
  kind: test:github.com/example/turboci-lite/cmd/ci/runners/conditional
 options: fields:{key:"dir" value:{string_value:"/Users/phobbs/Downloads/luci-go-refs_heads_main/turboci-lite/cmd/ci/runners/conditional"}} fields:{key:"module" value:{string_value:"github.com/example/turboci-lite"}} fields:{key:"package" value:{string_value:"github.com/example/turboci-lite/cmd/ci/runners/conditional"}}

  id: test:github.com/example/turboci-lite/cmd/ci/runners/materialize
  kind: test:github.com/example/turboci-lite/cmd/ci/runners/materialize
 options: fields:{key:"dir" value:{string_value:"/Users/phobbs/Downloads/luci-go-refs_heads_main/turboci-lite/cmd/ci/runners/materialize"}} fields:{key:"module" value:{string_value:"github.com/example/turboci-lite"}} fields:{key:"package" value:{string_value:"github.com/example/turboci-lite/cmd/ci/runners/materialize"}}

  id: test:github.com/example/turboci-lite/cmd/ci/runners/tester
  kind: test:github.com/example/turboci-lite/cmd/ci/runners/tester
 options: fields:{key:"dir" value:{string_value:"/Users/phobbs/Downloads/luci-go-refs_heads_main/turboci-lite/cmd/ci/runners/tester"}} fields:{key:"module" value:{string_value:"github.com/example/turboci-lite"}} fields:{key:"package" value:{string_value:"github.com/example/turboci-lite/cmd/ci/runners/tester"}}

  id: test:github.com/example/turboci-lite/cmd/ci/runners/trigger
  kind: test:github.com/example/turboci-lite/cmd/ci/runners/trigger
 options: fields:{key:"dir" value:{string_value:"/Users/phobbs/Downloads/luci-go-refs_heads_main/turboci-lite/cmd/ci/runners/trigger"}} fields:{key:"module" value:{string_value:"github.com/example/turboci-lite"}} fields:{key:"package" value:{string_value:"github.com/example/turboci-lite/cmd/ci/runners/trigger"}}

  id: test:github.com/example/turboci-lite/cmd/ci/testing
  kind: test:github.com/example/turboci-lite/cmd/ci/testing
 options: fields:{key:"dir" value:{string_value:"/Users/phobbs/Downloads/luci-go-refs_heads_main/turboci-lite/cmd/ci/testing"}} fields:{key:"module" value:{string_value:"github.com/example/turboci-lite"}} fields:{key:"package" value:{string_value:"github.com/example/turboci-lite/cmd/ci/testing"}}

  id: test:github.com/example/turboci-lite/cmd/runner-example
  kind: test:github.com/example/turboci-lite/cmd/runner-example
 options: fields:{key:"dir" value:{string_value:"/Users/phobbs/Downloads/luci-go-refs_heads_main/turboci-lite/cmd/runner-example"}} fields:{key:"module" value:{string_value:"github.com/example/turboci-lite"}} fields:{key:"package" value:{string_value:"github.com/example/turboci-lite/cmd/runner-example"}}])
21:26:11 gRPC call: /turboci.v1.TurboCIOrchestrator/QueryNodes
21:26:12 gRPC call: /turboci.v1.TurboCIOrchestrator/QueryNodes
21:26:13 gRPC call: /turboci.v1.TurboCIOrchestrator/QueryNodes
21:26:14 gRPC call: /turboci.v1.TurboCIOrchestrator/QueryNodes
21:26:15 gRPC call: /turboci.v1.TurboCIOrchestrator/QueryNodes
21:26:15 gRPC call: /turboci.v1.TurboCIOrchestrator/QueryNodes
21:26:15 [diag] Stages: total=37 states=map[STAGE_STATE_ATTEMPTING:24 STAGE_STATE_FINAL:11 STAGE_STATE_PLANNED:2]
21:26:15 [diag] Non-final stages: 26 remaining (first 10: [stage:test:github.com/example/turboci-lite/cmd/ci stage:test:github.com/example/turboci-lite/cmd/ci/runners/builder stage:test:github.com/example/turboci-lite/cmd/ci/runners/collector stage:test:github.com/example/turboci-lite/cmd/ci/runners/common stage:test:github.com/example/turboci-lite/cmd/ci/runners/conditional stage:test:github.com/example/turboci-lite/cmd/ci/runners/materialize stage:test:github.com/example/turboci-lite/cmd/ci/runners/tester stage:test:github.com/example/turboci-lite/cmd/ci/runners/trigger stage:test:github.com/example/turboci-lite/cmd/ci/testing stage:test:github.com/example/turboci-lite/cmd/runner-example])
21:26:15 gRPC call: /turboci.v1.TurboCIOrchestrator/QueryNodes
21:26:15 [diag] Checks: total=37 states=map[CHECK_STATE_FINAL:11 CHECK_STATE_PLANNING:26]
21:26:15 [diag] Non-final checks: 26 remaining (first 5: [

  id: test:github.com/example/turboci-lite/cmd/ci
  kind: test:github.com/example/turboci-lite/cmd/ci
 options: fields:{key:"dir" value:{string_value:"/Users/phobbs/Downloads/luci-go-refs_heads_main/turboci-lite/cmd/ci"}} fields:{key:"module" value:{string_value:"github.com/example/turboci-lite"}} fields:{key:"package" value:{string_value:"github.com/example/turboci-lite/cmd/ci"}}

  id: test:github.com/example/turboci-lite/cmd/ci/runners/builder
  kind: test:github.com/example/turboci-lite/cmd/ci/runners/builder
 options: fields:{key:"dir" value:{string_value:"/Users/phobbs/Downloads/luci-go-refs_heads_main/turboci-lite/cmd/ci/runners/builder"}} fields:{key:"module" value:{string_value:"github.com/example/turboci-lite"}} fields:{key:"package" value:{string_value:"github.com/example/turboci-lite/cmd/ci/runners/builder"}}

  id: test:github.com/example/turboci-lite/cmd/ci/runners/collector
  kind: test:github.com/example/turboci-lite/cmd/ci/runners/collector
 options: fields:{key:"dir" value:{string_value:"/Users/phobbs/Downloads/luci-go-refs_heads_main/turboci-lite/cmd/ci/runners/collector"}} fields:{key:"module" value:{string_value:"github.com/example/turboci-lite"}} fields:{key:"package" value:{string_value:"github.com/example/turboci-lite/cmd/ci/runners/collector"}}

  id: test:github.com/example/turboci-lite/cmd/ci/runners/common
  kind: test:github.com/example/turboci-lite/cmd/ci/runners/common
 options: fields:{key:"dir" value:{string_value:"/Users/phobbs/Downloads/luci-go-refs_heads_main/turboci-lite/cmd/ci/runners/common"}} fields:{key:"module" value:{string_value:"github.com/example/turboci-lite"}} fields:{key:"package" value:{string_value:"github.com/example/turboci-lite/cmd/ci/runners/common"}}

  id: test:github.com/example/turboci-lite/cmd/ci/runners/conditional
  kind: test:github.com/example/turboci-lite/cmd/ci/runners/conditional
 options: fields:{key:"dir" value:{string_value:"/Users/phobbs/Downloads/luci-go-refs_heads_main/turboci-lite/cmd/ci/runners/conditional"}} fields:{key:"module" value:{string_value:"github.com/example/turboci-lite"}} fields:{key:"package" value:{string_value:"github.com/example/turboci-lite/cmd/ci/runners/conditional"}}

  id: test:github.com/example/turboci-lite/cmd/ci/runners/materialize
  kind: test:github.com/example/turboci-lite/cmd/ci/runners/materialize
 options: fields:{key:"dir" value:{string_value:"/Users/phobbs/Downloads/luci-go-refs_heads_main/turboci-lite/cmd/ci/runners/materialize"}} fields:{key:"module" value:{string_value:"github.com/example/turboci-lite"}} fields:{key:"package" value:{string_value:"github.com/example/turboci-lite/cmd/ci/runners/materialize"}}

  id: test:github.com/example/turboci-lite/cmd/ci/runners/tester
  kind: test:github.com/example/turboci-lite/cmd/ci/runners/tester
 options: fields:{key:"dir" value:{string_value:"/Users/phobbs/Downloads/luci-go-refs_heads_main/turboci-lite/cmd/ci/runners/tester"}} fields:{key:"module" value:{string_value:"github.com/example/turboci-lite"}} fields:{key:"package" value:{string_value:"github.com/example/turboci-lite/cmd/ci/runners/tester"}}

  id: test:github.com/example/turboci-lite/cmd/ci/runners/trigger
  kind: test:github.com/example/turboci-lite/cmd/ci/runners/trigger
 options: fields:{key:"dir" value:{string_value:"/Users/phobbs/Downloads/luci-go-refs_heads_main/turboci-lite/cmd/ci/runners/trigger"}} fields:{key:"module" value:{string_value:"github.com/example/turboci-lite"}} fields:{key:"package" value:{string_value:"github.com/example/turboci-lite/cmd/ci/runners/trigger"}}

  id: test:github.com/example/turboci-lite/cmd/ci/testing
  kind: test:github.com/example/turboci-lite/cmd/ci/testing
 options: fields:{key:"dir" value:{string_value:"/Users/phobbs/Downloads/luci-go-refs_heads_main/turboci-lite/cmd/ci/testing"}} fields:{key:"module" value:{string_value:"github.com/example/turboci-lite"}} fields:{key:"package" value:{string_value:"github.com/example/turboci-lite/cmd/ci/testing"}}

  id: test:github.com/example/turboci-lite/cmd/runner-example
  kind: test:github.com/example/turboci-lite/cmd/runner-example
 options: fields:{key:"dir" value:{string_value:"/Users/phobbs/Downloads/luci-go-refs_heads_main/turboci-lite/cmd/runner-example"}} fields:{key:"module" value:{string_value:"github.com/example/turboci-lite"}} fields:{key:"package" value:{string_value:"github.com/example/turboci-lite/cmd/runner-example"}}])
21:26:16 gRPC call: /turboci.v1.TurboCIOrchestrator/QueryNodes
21:26:17 gRPC call: /turboci.v1.TurboCIOrchestrator/QueryNodes
21:26:18 gRPC call: /turboci.v1.TurboCIOrchestrator/QueryNodes
21:26:19 gRPC call: /turboci.v1.TurboCIOrchestrator/QueryNodes
21:26:20 gRPC call: /turboci.v1.TurboCIOrchestrator/QueryNodes
21:26:20 gRPC call: /turboci.v1.TurboCIOrchestrator/QueryNodes
21:26:20 [diag] Stages: total=37 states=map[STAGE_STATE_ATTEMPTING:24 STAGE_STATE_FINAL:11 STAGE_STATE_PLANNED:2]
21:26:20 [diag] Non-final stages: 26 remaining (first 10: [stage:test:github.com/example/turboci-lite/cmd/ci stage:test:github.com/example/turboci-lite/cmd/ci/runners/builder stage:test:github.com/example/turboci-lite/cmd/ci/runners/collector stage:test:github.com/example/turboci-lite/cmd/ci/runners/common stage:test:github.com/example/turboci-lite/cmd/ci/runners/conditional stage:test:github.com/example/turboci-lite/cmd/ci/runners/materialize stage:test:github.com/example/turboci-lite/cmd/ci/runners/tester stage:test:github.com/example/turboci-lite/cmd/ci/runners/trigger stage:test:github.com/example/turboci-lite/cmd/ci/testing stage:test:github.com/example/turboci-lite/cmd/runner-example])
21:26:20 gRPC call: /turboci.v1.TurboCIOrchestrator/QueryNodes
21:26:20 [diag] Checks: total=37 states=map[CHECK_STATE_FINAL:11 CHECK_STATE_PLANNING:26]
21:26:20 [diag] Non-final checks: 26 remaining (first 5: [

  id: test:github.com/example/turboci-lite/cmd/ci
  kind: test:github.com/example/turboci-lite/cmd/ci
 options: fields:{key:"dir" value:{string_value:"/Users/phobbs/Downloads/luci-go-refs_heads_main/turboci-lite/cmd/ci"}} fields:{key:"module" value:{string_value:"github.com/example/turboci-lite"}} fields:{key:"package" value:{string_value:"github.com/example/turboci-lite/cmd/ci"}}

  id: test:github.com/example/turboci-lite/cmd/ci/runners/builder
  kind: test:github.com/example/turboci-lite/cmd/ci/runners/builder
 options: fields:{key:"dir" value:{string_value:"/Users/phobbs/Downloads/luci-go-refs_heads_main/turboci-lite/cmd/ci/runners/builder"}} fields:{key:"module" value:{string_value:"github.com/example/turboci-lite"}} fields:{key:"package" value:{string_value:"github.com/example/turboci-lite/cmd/ci/runners/builder"}}

  id: test:github.com/example/turboci-lite/cmd/ci/runners/collector
  kind: test:github.com/example/turboci-lite/cmd/ci/runners/collector
 options: fields:{key:"dir" value:{string_value:"/Users/phobbs/Downloads/luci-go-refs_heads_main/turboci-lite/cmd/ci/runners/collector"}} fields:{key:"module" value:{string_value:"github.com/example/turboci-lite"}} fields:{key:"package" value:{string_value:"github.com/example/turboci-lite/cmd/ci/runners/collector"}}

  id: test:github.com/example/turboci-lite/cmd/ci/runners/common
  kind: test:github.com/example/turboci-lite/cmd/ci/runners/common
 options: fields:{key:"dir" value:{string_value:"/Users/phobbs/Downloads/luci-go-refs_heads_main/turboci-lite/cmd/ci/runners/common"}} fields:{key:"module" value:{string_value:"github.com/example/turboci-lite"}} fields:{key:"package" value:{string_value:"github.com/example/turboci-lite/cmd/ci/runners/common"}}

  id: test:github.com/example/turboci-lite/cmd/ci/runners/conditional
  kind: test:github.com/example/turboci-lite/cmd/ci/runners/conditional
 options: fields:{key:"dir" value:{string_value:"/Users/phobbs/Downloads/luci-go-refs_heads_main/turboci-lite/cmd/ci/runners/conditional"}} fields:{key:"module" value:{string_value:"github.com/example/turboci-lite"}} fields:{key:"package" value:{string_value:"github.com/example/turboci-lite/cmd/ci/runners/conditional"}}

  id: test:github.com/example/turboci-lite/cmd/ci/runners/materialize
  kind: test:github.com/example/turboci-lite/cmd/ci/runners/materialize
 options: fields:{key:"dir" value:{string_value:"/Users/phobbs/Downloads/luci-go-refs_heads_main/turboci-lite/cmd/ci/runners/materialize"}} fields:{key:"module" value:{string_value:"github.com/example/turboci-lite"}} fields:{key:"package" value:{string_value:"github.com/example/turboci-lite/cmd/ci/runners/materialize"}}

  id: test:github.com/example/turboci-lite/cmd/ci/runners/tester
  kind: test:github.com/example/turboci-lite/cmd/ci/runners/tester
 options: fields:{key:"dir" value:{string_value:"/Users/phobbs/Downloads/luci-go-refs_heads_main/turboci-lite/cmd/ci/runners/tester"}} fields:{key:"module" value:{string_value:"github.com/example/turboci-lite"}} fields:{key:"package" value:{string_value:"github.com/example/turboci-lite/cmd/ci/runners/tester"}}

  id: test:github.com/example/turboci-lite/cmd/ci/runners/trigger
  kind: test:github.com/example/turboci-lite/cmd/ci/runners/trigger
 options: fields:{key:"dir" value:{string_value:"/Users/phobbs/Downloads/luci-go-refs_heads_main/turboci-lite/cmd/ci/runners/trigger"}} fields:{key:"module" value:{string_value:"github.com/example/turboci-lite"}} fields:{key:"package" value:{string_value:"github.com/example/turboci-lite/cmd/ci/runners/trigger"}}

  id: test:github.com/example/turboci-lite/cmd/ci/testing
  kind: test:github.com/example/turboci-lite/cmd/ci/testing
 options: fields:{key:"dir" value:{string_value:"/Users/phobbs/Downloads/luci-go-refs_heads_main/turboci-lite/cmd/ci/testing"}} fields:{key:"module" value:{string_value:"github.com/example/turboci-lite"}} fields:{key:"package" value:{string_value:"github.com/example/turboci-lite/cmd/ci/testing"}}

  id: test:github.com/example/turboci-lite/cmd/runner-example
  kind: test:github.com/example/turboci-lite/cmd/runner-example
 options: fields:{key:"dir" value:{string_value:"/Users/phobbs/Downloads/luci-go-refs_heads_main/turboci-lite/cmd/runner-example"}} fields:{key:"module" value:{string_value:"github.com/example/turboci-lite"}} fields:{key:"package" value:{string_value:"github.com/example/turboci-lite/cmd/runner-example"}}])
21:26:21 gRPC call: /turboci.v1.TurboCIOrchestrator/QueryNodes
21:26:22 gRPC call: /turboci.v1.TurboCIOrchestrator/QueryNodes
21:26:23 gRPC call: /turboci.v1.TurboCIOrchestrator/QueryNodes
21:26:24 gRPC call: /turboci.v1.TurboCIOrchestrator/QueryNodes
21:26:25 gRPC call: /turboci.v1.TurboCIOrchestrator/QueryNodes
21:26:25 gRPC call: /turboci.v1.TurboCIOrchestrator/QueryNodes
21:26:25 [diag] Stages: total=37 states=map[STAGE_STATE_ATTEMPTING:24 STAGE_STATE_FINAL:11 STAGE_STATE_PLANNED:2]
21:26:25 [diag] Non-final stages: 26 remaining (first 10: [stage:test:github.com/example/turboci-lite/cmd/ci stage:test:github.com/example/turboci-lite/cmd/ci/runners/builder stage:test:github.com/example/turboci-lite/cmd/ci/runners/collector stage:test:github.com/example/turboci-lite/cmd/ci/runners/common stage:test:github.com/example/turboci-lite/cmd/ci/runners/conditional stage:test:github.com/example/turboci-lite/cmd/ci/runners/materialize stage:test:github.com/example/turboci-lite/cmd/ci/runners/tester stage:test:github.com/example/turboci-lite/cmd/ci/runners/trigger stage:test:github.com/example/turboci-lite/cmd/ci/testing stage:test:github.com/example/turboci-lite/cmd/runner-example])
21:26:25 gRPC call: /turboci.v1.TurboCIOrchestrator/QueryNodes
21:26:25 [diag] Checks: total=37 states=map[CHECK_STATE_FINAL:11 CHECK_STATE_PLANNING:26]
21:26:25 [diag] Non-final checks: 26 remaining (first 5: [

  id: test:github.com/example/turboci-lite/cmd/ci
  kind: test:github.com/example/turboci-lite/cmd/ci
 options: fields:{key:"dir" value:{string_value:"/Users/phobbs/Downloads/luci-go-refs_heads_main/turboci-lite/cmd/ci"}} fields:{key:"module" value:{string_value:"github.com/example/turboci-lite"}} fields:{key:"package" value:{string_value:"github.com/example/turboci-lite/cmd/ci"}}

  id: test:github.com/example/turboci-lite/cmd/ci/runners/builder
  kind: test:github.com/example/turboci-lite/cmd/ci/runners/builder
 options: fields:{key:"dir" value:{string_value:"/Users/phobbs/Downloads/luci-go-refs_heads_main/turboci-lite/cmd/ci/runners/builder"}} fields:{key:"module" value:{string_value:"github.com/example/turboci-lite"}} fields:{key:"package" value:{string_value:"github.com/example/turboci-lite/cmd/ci/runners/builder"}}

  id: test:github.com/example/turboci-lite/cmd/ci/runners/collector
  kind: test:github.com/example/turboci-lite/cmd/ci/runners/collector
 options: fields:{key:"dir" value:{string_value:"/Users/phobbs/Downloads/luci-go-refs_heads_main/turboci-lite/cmd/ci/runners/collector"}} fields:{key:"module" value:{string_value:"github.com/example/turboci-lite"}} fields:{key:"package" value:{string_value:"github.com/example/turboci-lite/cmd/ci/runners/collector"}}

  id: test:github.com/example/turboci-lite/cmd/ci/runners/common
  kind: test:github.com/example/turboci-lite/cmd/ci/runners/common
 options: fields:{key:"dir" value:{string_value:"/Users/phobbs/Downloads/luci-go-refs_heads_main/turboci-lite/cmd/ci/runners/common"}} fields:{key:"module" value:{string_value:"github.com/example/turboci-lite"}} fields:{key:"package" value:{string_value:"github.com/example/turboci-lite/cmd/ci/runners/common"}}

  id: test:github.com/example/turboci-lite/cmd/ci/runners/conditional
  kind: test:github.com/example/turboci-lite/cmd/ci/runners/conditional
 options: fields:{key:"dir" value:{string_value:"/Users/phobbs/Downloads/luci-go-refs_heads_main/turboci-lite/cmd/ci/runners/conditional"}} fields:{key:"module" value:{string_value:"github.com/example/turboci-lite"}} fields:{key:"package" value:{string_value:"github.com/example/turboci-lite/cmd/ci/runners/conditional"}}

  id: test:github.com/example/turboci-lite/cmd/ci/runners/materialize
  kind: test:github.com/example/turboci-lite/cmd/ci/runners/materialize
 options: fields:{key:"dir" value:{string_value:"/Users/phobbs/Downloads/luci-go-refs_heads_main/turboci-lite/cmd/ci/runners/materialize"}} fields:{key:"module" value:{string_value:"github.com/example/turboci-lite"}} fields:{key:"package" value:{string_value:"github.com/example/turboci-lite/cmd/ci/runners/materialize"}}

  id: test:github.com/example/turboci-lite/cmd/ci/runners/tester
  kind: test:github.com/example/turboci-lite/cmd/ci/runners/tester
 options: fields:{key:"dir" value:{string_value:"/Users/phobbs/Downloads/luci-go-refs_heads_main/turboci-lite/cmd/ci/runners/tester"}} fields:{key:"module" value:{string_value:"github.com/example/turboci-lite"}} fields:{key:"package" value:{string_value:"github.com/example/turboci-lite/cmd/ci/runners/tester"}}

  id: test:github.com/example/turboci-lite/cmd/ci/runners/trigger
  kind: test:github.com/example/turboci-lite/cmd/ci/runners/trigger
 options: fields:{key:"dir" value:{string_value:"/Users/phobbs/Downloads/luci-go-refs_heads_main/turboci-lite/cmd/ci/runners/trigger"}} fields:{key:"module" value:{string_value:"github.com/example/turboci-lite"}} fields:{key:"package" value:{string_value:"github.com/example/turboci-lite/cmd/ci/runners/trigger"}}

  id: test:github.com/example/turboci-lite/cmd/ci/testing
  kind: test:github.com/example/turboci-lite/cmd/ci/testing
 options: fields:{key:"dir" value:{string_value:"/Users/phobbs/Downloads/luci-go-refs_heads_main/turboci-lite/cmd/ci/testing"}} fields:{key:"module" value:{string_value:"github.com/example/turboci-lite"}} fields:{key:"package" value:{string_value:"github.com/example/turboci-lite/cmd/ci/testing"}}

  id: test:github.com/example/turboci-lite/cmd/runner-example
  kind: test:github.com/example/turboci-lite/cmd/runner-example
 options: fields:{key:"dir" value:{string_value:"/Users/phobbs/Downloads/luci-go-refs_heads_main/turboci-lite/cmd/runner-example"}} fields:{key:"module" value:{string_value:"github.com/example/turboci-lite"}} fields:{key:"package" value:{string_value:"github.com/example/turboci-lite/cmd/runner-example"}}])
21:26:26 gRPC call: /turboci.v1.TurboCIOrchestrator/QueryNodes
21:26:27 gRPC call: /turboci.v1.TurboCIOrchestrator/QueryNodes
21:26:28 gRPC call: /turboci.v1.TurboCIOrchestrator/QueryNodes
21:26:29 gRPC call: /turboci.v1.TurboCIOrchestrator/QueryNodes
21:26:29 gRPC call: /turboci.v1.TurboCIOrchestrator/RegisterStageRunner
21:26:29 gRPC call: /turboci.v1.TurboCIOrchestrator/RegisterStageRunner
21:26:29 gRPC call: /turboci.v1.TurboCIOrchestrator/RegisterStageRunner
21:26:29 gRPC call: /turboci.v1.TurboCIOrchestrator/RegisterStageRunner
21:26:29 gRPC call: /turboci.v1.TurboCIOrchestrator/RegisterStageRunner
21:26:29 gRPC call: /turboci.v1.TurboCIOrchestrator/RegisterStageRunner
21:26:30 gRPC call: /turboci.v1.TurboCIOrchestrator/QueryNodes
21:26:30 gRPC call: /turboci.v1.TurboCIOrchestrator/QueryNodes
21:26:30 [diag] Stages: total=37 states=map[STAGE_STATE_ATTEMPTING:24 STAGE_STATE_FINAL:11 STAGE_STATE_PLANNED:2]
21:26:30 [diag] Non-final stages: 26 remaining (first 10: [stage:test:github.com/example/turboci-lite/cmd/ci stage:test:github.com/example/turboci-lite/cmd/ci/runners/builder stage:test:github.com/example/turboci-lite/cmd/ci/runners/collector stage:test:github.com/example/turboci-lite/cmd/ci/runners/common stage:test:github.com/example/turboci-lite/cmd/ci/runners/conditional stage:test:github.com/example/turboci-lite/cmd/ci/runners/materialize stage:test:github.com/example/turboci-lite/cmd/ci/runners/tester stage:test:github.com/example/turboci-lite/cmd/ci/runners/trigger stage:test:github.com/example/turboci-lite/cmd/ci/testing stage:test:github.com/example/turboci-lite/cmd/runner-example])
21:26:30 gRPC call: /turboci.v1.TurboCIOrchestrator/QueryNodes
21:26:30 [diag] Checks: total=37 states=map[CHECK_STATE_FINAL:11 CHECK_STATE_PLANNING:26]
21:26:30 [diag] Non-final checks: 26 remaining (first 5: [

  id: test:github.com/example/turboci-lite/cmd/ci
  kind: test:github.com/example/turboci-lite/cmd/ci
 options: fields:{key:"dir" value:{string_value:"/Users/phobbs/Downloads/luci-go-refs_heads_main/turboci-lite/cmd/ci"}} fields:{key:"module" value:{string_value:"github.com/example/turboci-lite"}} fields:{key:"package" value:{string_value:"github.com/example/turboci-lite/cmd/ci"}}

  id: test:github.com/example/turboci-lite/cmd/ci/runners/builder
  kind: test:github.com/example/turboci-lite/cmd/ci/runners/builder
 options: fields:{key:"dir" value:{string_value:"/Users/phobbs/Downloads/luci-go-refs_heads_main/turboci-lite/cmd/ci/runners/builder"}} fields:{key:"module" value:{string_value:"github.com/example/turboci-lite"}} fields:{key:"package" value:{string_value:"github.com/example/turboci-lite/cmd/ci/runners/builder"}}

  id: test:github.com/example/turboci-lite/cmd/ci/runners/collector
  kind: test:github.com/example/turboci-lite/cmd/ci/runners/collector
 options: fields:{key:"dir" value:{string_value:"/Users/phobbs/Downloads/luci-go-refs_heads_main/turboci-lite/cmd/ci/runners/collector"}} fields:{key:"module" value:{string_value:"github.com/example/turboci-lite"}} fields:{key:"package" value:{string_value:"github.com/example/turboci-lite/cmd/ci/runners/collector"}}

  id: test:github.com/example/turboci-lite/cmd/ci/runners/common
  kind: test:github.com/example/turboci-lite/cmd/ci/runners/common
 options: fields:{key:"dir" value:{string_value:"/Users/phobbs/Downloads/luci-go-refs_heads_main/turboci-lite/cmd/ci/runners/common"}} fields:{key:"module" value:{string_value:"github.com/example/turboci-lite"}} fields:{key:"package" value:{string_value:"github.com/example/turboci-lite/cmd/ci/runners/common"}}

  id: test:github.com/example/turboci-lite/cmd/ci/runners/conditional
  kind: test:github.com/example/turboci-lite/cmd/ci/runners/conditional
 options: fields:{key:"dir" value:{string_value:"/Users/phobbs/Downloads/luci-go-refs_heads_main/turboci-lite/cmd/ci/runners/conditional"}} fields:{key:"module" value:{string_value:"github.com/example/turboci-lite"}} fields:{key:"package" value:{string_value:"github.com/example/turboci-lite/cmd/ci/runners/conditional"}}

  id: test:github.com/example/turboci-lite/cmd/ci/runners/materialize
  kind: test:github.com/example/turboci-lite/cmd/ci/runners/materialize
 options: fields:{key:"dir" value:{string_value:"/Users/phobbs/Downloads/luci-go-refs_heads_main/turboci-lite/cmd/ci/runners/materialize"}} fields:{key:"module" value:{string_value:"github.com/example/turboci-lite"}} fields:{key:"package" value:{string_value:"github.com/example/turboci-lite/cmd/ci/runners/materialize"}}

  id: test:github.com/example/turboci-lite/cmd/ci/runners/tester
  kind: test:github.com/example/turboci-lite/cmd/ci/runners/tester
 options: fields:{key:"dir" value:{string_value:"/Users/phobbs/Downloads/luci-go-refs_heads_main/turboci-lite/cmd/ci/runners/tester"}} fields:{key:"module" value:{string_value:"github.com/example/turboci-lite"}} fields:{key:"package" value:{string_value:"github.com/example/turboci-lite/cmd/ci/runners/tester"}}

  id: test:github.com/example/turboci-lite/cmd/ci/runners/trigger
  kind: test:github.com/example/turboci-lite/cmd/ci/runners/trigger
 options: fields:{key:"dir" value:{string_value:"/Users/phobbs/Downloads/luci-go-refs_heads_main/turboci-lite/cmd/ci/runners/trigger"}} fields:{key:"module" value:{string_value:"github.com/example/turboci-lite"}} fields:{key:"package" value:{string_value:"github.com/example/turboci-lite/cmd/ci/runners/trigger"}}

  id: test:github.com/example/turboci-lite/cmd/ci/testing
  kind: test:github.com/example/turboci-lite/cmd/ci/testing
 options: fields:{key:"dir" value:{string_value:"/Users/phobbs/Downloads/luci-go-refs_heads_main/turboci-lite/cmd/ci/testing"}} fields:{key:"module" value:{string_value:"github.com/example/turboci-lite"}} fields:{key:"package" value:{string_value:"github.com/example/turboci-lite/cmd/ci/testing"}}

  id: test:github.com/example/turboci-lite/cmd/runner-example
  kind: test:github.com/example/turboci-lite/cmd/runner-example
 options: fields:{key:"dir" value:{string_value:"/Users/phobbs/Downloads/luci-go-refs_heads_main/turboci-lite/cmd/runner-example"}} fields:{key:"module" value:{string_value:"github.com/example/turboci-lite"}} fields:{key:"package" value:{string_value:"github.com/example/turboci-lite/cmd/runner-example"}}])
21:26:31 gRPC call: /turboci.v1.TurboCIOrchestrator/QueryNodes
21:26:32 gRPC call: /turboci.v1.TurboCIOrchestrator/QueryNodes
21:26:33 gRPC call: /turboci.v1.TurboCIOrchestrator/QueryNodes
21:26:34 gRPC call: /turboci.v1.TurboCIOrchestrator/QueryNodes
21:26:35 gRPC call: /turboci.v1.TurboCIOrchestrator/QueryNodes
21:26:35 gRPC call: /turboci.v1.TurboCIOrchestrator/QueryNodes
21:26:35 [diag] Stages: total=37 states=map[STAGE_STATE_ATTEMPTING:17 STAGE_STATE_FINAL:18 STAGE_STATE_PLANNED:2]
21:26:35 [diag] Non-final stages: 19 remaining (first 10: [stage:test:github.com/example/turboci-lite/cmd/ci stage:test:github.com/example/turboci-lite/cmd/ci/runners/builder stage:test:github.com/example/turboci-lite/cmd/ci/runners/collector stage:test:github.com/example/turboci-lite/cmd/ci/runners/common stage:test:github.com/example/turboci-lite/cmd/ci/runners/conditional stage:test:github.com/example/turboci-lite/cmd/ci/runners/materialize stage:test:github.com/example/turboci-lite/cmd/ci/runners/tester stage:test:github.com/example/turboci-lite/cmd/ci/runners/trigger stage:test:github.com/example/turboci-lite/cmd/ci/testing stage:test:github.com/example/turboci-lite/cmd/runner-example])
21:26:35 gRPC call: /turboci.v1.TurboCIOrchestrator/QueryNodes
21:26:35 [diag] Checks: total=37 states=map[CHECK_STATE_FINAL:18 CHECK_STATE_PLANNING:19]
21:26:35 [diag] Non-final checks: 19 remaining (first 5: [

  id: test:github.com/example/turboci-lite/cmd/ci
  kind: test:github.com/example/turboci-lite/cmd/ci
 options: fields:{key:"dir" value:{string_value:"/Users/phobbs/Downloads/luci-go-refs_heads_main/turboci-lite/cmd/ci"}} fields:{key:"module" value:{string_value:"github.com/example/turboci-lite"}} fields:{key:"package" value:{string_value:"github.com/example/turboci-lite/cmd/ci"}}

  id: test:github.com/example/turboci-lite/cmd/ci/runners/builder
  kind: test:github.com/example/turboci-lite/cmd/ci/runners/builder
 options: fields:{key:"dir" value:{string_value:"/Users/phobbs/Downloads/luci-go-refs_heads_main/turboci-lite/cmd/ci/runners/builder"}} fields:{key:"module" value:{string_value:"github.com/example/turboci-lite"}} fields:{key:"package" value:{string_value:"github.com/example/turboci-lite/cmd/ci/runners/builder"}}

  id: test:github.com/example/turboci-lite/cmd/ci/runners/collector
  kind: test:github.com/example/turboci-lite/cmd/ci/runners/collector
 options: fields:{key:"dir" value:{string_value:"/Users/phobbs/Downloads/luci-go-refs_heads_main/turboci-lite/cmd/ci/runners/collector"}} fields:{key:"module" value:{string_value:"github.com/example/turboci-lite"}} fields:{key:"package" value:{string_value:"github.com/example/turboci-lite/cmd/ci/runners/collector"}}

  id: test:github.com/example/turboci-lite/cmd/ci/runners/common
  kind: test:github.com/example/turboci-lite/cmd/ci/runners/common
 options: fields:{key:"dir" value:{string_value:"/Users/phobbs/Downloads/luci-go-refs_heads_main/turboci-lite/cmd/ci/runners/common"}} fields:{key:"module" value:{string_value:"github.com/example/turboci-lite"}} fields:{key:"package" value:{string_value:"github.com/example/turboci-lite/cmd/ci/runners/common"}}

  id: test:github.com/example/turboci-lite/cmd/ci/runners/conditional
  kind: test:github.com/example/turboci-lite/cmd/ci/runners/conditional
 options: fields:{key:"dir" value:{string_value:"/Users/phobbs/Downloads/luci-go-refs_heads_main/turboci-lite/cmd/ci/runners/conditional"}} fields:{key:"module" value:{string_value:"github.com/example/turboci-lite"}} fields:{key:"package" value:{string_value:"github.com/example/turboci-lite/cmd/ci/runners/conditional"}}

  id: test:github.com/example/turboci-lite/cmd/ci/runners/materialize
  kind: test:github.com/example/turboci-lite/cmd/ci/runners/materialize
 options: fields:{key:"dir" value:{string_value:"/Users/phobbs/Downloads/luci-go-refs_heads_main/turboci-lite/cmd/ci/runners/materialize"}} fields:{key:"module" value:{string_value:"github.com/example/turboci-lite"}} fields:{key:"package" value:{string_value:"github.com/example/turboci-lite/cmd/ci/runners/materialize"}}

  id: test:github.com/example/turboci-lite/cmd/ci/runners/tester
  kind: test:github.com/example/turboci-lite/cmd/ci/runners/tester
 options: fields:{key:"dir" value:{string_value:"/Users/phobbs/Downloads/luci-go-refs_heads_main/turboci-lite/cmd/ci/runners/tester"}} fields:{key:"module" value:{string_value:"github.com/example/turboci-lite"}} fields:{key:"package" value:{string_value:"github.com/example/turboci-lite/cmd/ci/runners/tester"}}

  id: test:github.com/example/turboci-lite/cmd/ci/runners/trigger
  kind: test:github.com/example/turboci-lite/cmd/ci/runners/trigger
 options: fields:{key:"dir" value:{string_value:"/Users/phobbs/Downloads/luci-go-refs_heads_main/turboci-lite/cmd/ci/runners/trigger"}} fields:{key:"module" value:{string_value:"github.com/example/turboci-lite"}} fields:{key:"package" value:{string_value:"github.com/example/turboci-lite/cmd/ci/runners/trigger"}}

  id: test:github.com/example/turboci-lite/cmd/ci/testing
  kind: test:github.com/example/turboci-lite/cmd/ci/testing
 options: fields:{key:"dir" value:{string_value:"/Users/phobbs/Downloads/luci-go-refs_heads_main/turboci-lite/cmd/ci/testing"}} fields:{key:"module" value:{string_value:"github.com/example/turboci-lite"}} fields:{key:"package" value:{string_value:"github.com/example/turboci-lite/cmd/ci/testing"}}

  id: test:github.com/example/turboci-lite/cmd/runner-example
  kind: test:github.com/example/turboci-lite/cmd/runner-example
 options: fields:{key:"dir" value:{string_value:"/Users/phobbs/Downloads/luci-go-refs_heads_main/turboci-lite/cmd/runner-example"}} fields:{key:"module" value:{string_value:"github.com/example/turboci-lite"}} fields:{key:"package" value:{string_value:"github.com/example/turboci-lite/cmd/runner-example"}}])
21:26:36 gRPC call: /turboci.v1.TurboCIOrchestrator/QueryNodes
21:26:37 gRPC call: /turboci.v1.TurboCIOrchestrator/QueryNodes
21:26:38 gRPC call: /turboci.v1.TurboCIOrchestrator/QueryNodes
21:26:39 gRPC call: /turboci.v1.TurboCIOrchestrator/QueryNodes
21:26:40 gRPC call: /turboci.v1.TurboCIOrchestrator/QueryNodes
21:26:40 gRPC call: /turboci.v1.TurboCIOrchestrator/QueryNodes
21:26:40 [diag] Stages: total=37 states=map[STAGE_STATE_ATTEMPTING:17 STAGE_STATE_FINAL:18 STAGE_STATE_PLANNED:2]
21:26:40 [diag] Non-final stages: 19 remaining (first 10: [stage:test:github.com/example/turboci-lite/cmd/ci stage:test:github.com/example/turboci-lite/cmd/ci/runners/builder stage:test:github.com/example/turboci-lite/cmd/ci/runners/collector stage:test:github.com/example/turboci-lite/cmd/ci/runners/common stage:test:github.com/example/turboci-lite/cmd/ci/runners/conditional stage:test:github.com/example/turboci-lite/cmd/ci/runners/materialize stage:test:github.com/example/turboci-lite/cmd/ci/runners/tester stage:test:github.com/example/turboci-lite/cmd/ci/runners/trigger stage:test:github.com/example/turboci-lite/cmd/ci/testing stage:test:github.com/example/turboci-lite/cmd/runner-example])
21:26:40 gRPC call: /turboci.v1.TurboCIOrchestrator/QueryNodes
21:26:40 [diag] Checks: total=37 states=map[CHECK_STATE_FINAL:18 CHECK_STATE_PLANNING:19]
21:26:40 [diag] Non-final checks: 19 remaining (first 5: [

  id: test:github.com/example/turboci-lite/cmd/ci
  kind: test:github.com/example/turboci-lite/cmd/ci
 options: fields:{key:"dir" value:{string_value:"/Users/phobbs/Downloads/luci-go-refs_heads_main/turboci-lite/cmd/ci"}} fields:{key:"module" value:{string_value:"github.com/example/turboci-lite"}} fields:{key:"package" value:{string_value:"github.com/example/turboci-lite/cmd/ci"}}

  id: test:github.com/example/turboci-lite/cmd/ci/runners/builder
  kind: test:github.com/example/turboci-lite/cmd/ci/runners/builder
 options: fields:{key:"dir" value:{string_value:"/Users/phobbs/Downloads/luci-go-refs_heads_main/turboci-lite/cmd/ci/runners/builder"}} fields:{key:"module" value:{string_value:"github.com/example/turboci-lite"}} fields:{key:"package" value:{string_value:"github.com/example/turboci-lite/cmd/ci/runners/builder"}}

  id: test:github.com/example/turboci-lite/cmd/ci/runners/collector
  kind: test:github.com/example/turboci-lite/cmd/ci/runners/collector
 options: fields:{key:"dir" value:{string_value:"/Users/phobbs/Downloads/luci-go-refs_heads_main/turboci-lite/cmd/ci/runners/collector"}} fields:{key:"module" value:{string_value:"github.com/example/turboci-lite"}} fields:{key:"package" value:{string_value:"github.com/example/turboci-lite/cmd/ci/runners/collector"}}

  id: test:github.com/example/turboci-lite/cmd/ci/runners/common
  kind: test:github.com/example/turboci-lite/cmd/ci/runners/common
 options: fields:{key:"dir" value:{string_value:"/Users/phobbs/Downloads/luci-go-refs_heads_main/turboci-lite/cmd/ci/runners/common"}} fields:{key:"module" value:{string_value:"github.com/example/turboci-lite"}} fields:{key:"package" value:{string_value:"github.com/example/turboci-lite/cmd/ci/runners/common"}}

  id: test:github.com/example/turboci-lite/cmd/ci/runners/conditional
  kind: test:github.com/example/turboci-lite/cmd/ci/runners/conditional
 options: fields:{key:"dir" value:{string_value:"/Users/phobbs/Downloads/luci-go-refs_heads_main/turboci-lite/cmd/ci/runners/conditional"}} fields:{key:"module" value:{string_value:"github.com/example/turboci-lite"}} fields:{key:"package" value:{string_value:"github.com/example/turboci-lite/cmd/ci/runners/conditional"}}

  id: test:github.com/example/turboci-lite/cmd/ci/runners/materialize
  kind: test:github.com/example/turboci-lite/cmd/ci/runners/materialize
 options: fields:{key:"dir" value:{string_value:"/Users/phobbs/Downloads/luci-go-refs_heads_main/turboci-lite/cmd/ci/runners/materialize"}} fields:{key:"module" value:{string_value:"github.com/example/turboci-lite"}} fields:{key:"package" value:{string_value:"github.com/example/turboci-lite/cmd/ci/runners/materialize"}}

  id: test:github.com/example/turboci-lite/cmd/ci/runners/tester
  kind: test:github.com/example/turboci-lite/cmd/ci/runners/tester
 options: fields:{key:"dir" value:{string_value:"/Users/phobbs/Downloads/luci-go-refs_heads_main/turboci-lite/cmd/ci/runners/tester"}} fields:{key:"module" value:{string_value:"github.com/example/turboci-lite"}} fields:{key:"package" value:{string_value:"github.com/example/turboci-lite/cmd/ci/runners/tester"}}

  id: test:github.com/example/turboci-lite/cmd/ci/runners/trigger
  kind: test:github.com/example/turboci-lite/cmd/ci/runners/trigger
 options: fields:{key:"dir" value:{string_value:"/Users/phobbs/Downloads/luci-go-refs_heads_main/turboci-lite/cmd/ci/runners/trigger"}} fields:{key:"module" value:{string_value:"github.com/example/turboci-lite"}} fields:{key:"package" value:{string_value:"github.com/example/turboci-lite/cmd/ci/runners/trigger"}}

  id: test:github.com/example/turboci-lite/cmd/ci/testing
  kind: test:github.com/example/turboci-lite/cmd/ci/testing
 options: fields:{key:"dir" value:{string_value:"/Users/phobbs/Downloads/luci-go-refs_heads_main/turboci-lite/cmd/ci/testing"}} fields:{key:"module" value:{string_value:"github.com/example/turboci-lite"}} fields:{key:"package" value:{string_value:"github.com/example/turboci-lite/cmd/ci/testing"}}

  id: test:github.com/example/turboci-lite/cmd/runner-example
  kind: test:github.com/example/turboci-lite/cmd/runner-example
 options: fields:{key:"dir" value:{string_value:"/Users/phobbs/Downloads/luci-go-refs_heads_main/turboci-lite/cmd/runner-example"}} fields:{key:"module" value:{string_value:"github.com/example/turboci-lite"}} fields:{key:"package" value:{string_value:"github.com/example/turboci-lite/cmd/runner-example"}}])
21:26:41 gRPC call: /turboci.v1.TurboCIOrchestrator/QueryNodes
21:26:42 gRPC call: /turboci.v1.TurboCIOrchestrator/QueryNodes
21:26:43 gRPC call: /turboci.v1.TurboCIOrchestrator/QueryNodes
21:26:44 gRPC call: /turboci.v1.TurboCIOrchestrator/QueryNodes
21:26:45 gRPC call: /turboci.v1.TurboCIOrchestrator/QueryNodes
21:26:45 gRPC call: /turboci.v1.TurboCIOrchestrator/QueryNodes
21:26:45 [diag] Stages: total=37 states=map[STAGE_STATE_ATTEMPTING:17 STAGE_STATE_FINAL:18 STAGE_STATE_PLANNED:2]
21:26:45 [diag] Non-final stages: 19 remaining (first 10: [stage:test:github.com/example/turboci-lite/cmd/ci stage:test:github.com/example/turboci-lite/cmd/ci/runners/builder stage:test:github.com/example/turboci-lite/cmd/ci/runners/collector stage:test:github.com/example/turboci-lite/cmd/ci/runners/common stage:test:github.com/example/turboci-lite/cmd/ci/runners/conditional stage:test:github.com/example/turboci-lite/cmd/ci/runners/materialize stage:test:github.com/example/turboci-lite/cmd/ci/runners/tester stage:test:github.com/example/turboci-lite/cmd/ci/runners/trigger stage:test:github.com/example/turboci-lite/cmd/ci/testing stage:test:github.com/example/turboci-lite/cmd/runner-example])
21:26:45 gRPC call: /turboci.v1.TurboCIOrchestrator/QueryNodes
21:26:45 [diag] Checks: total=37 states=map[CHECK_STATE_FINAL:18 CHECK_STATE_PLANNING:19]
21:26:45 [diag] Non-final checks: 19 remaining (first 5: [

  id: test:github.com/example/turboci-lite/cmd/ci
  kind: test:github.com/example/turboci-lite/cmd/ci
 options: fields:{key:"dir" value:{string_value:"/Users/phobbs/Downloads/luci-go-refs_heads_main/turboci-lite/cmd/ci"}} fields:{key:"module" value:{string_value:"github.com/example/turboci-lite"}} fields:{key:"package" value:{string_value:"github.com/example/turboci-lite/cmd/ci"}}

  id: test:github.com/example/turboci-lite/cmd/ci/runners/builder
  kind: test:github.com/example/turboci-lite/cmd/ci/runners/builder
 options: fields:{key:"dir" value:{string_value:"/Users/phobbs/Downloads/luci-go-refs_heads_main/turboci-lite/cmd/ci/runners/builder"}} fields:{key:"module" value:{string_value:"github.com/example/turboci-lite"}} fields:{key:"package" value:{string_value:"github.com/example/turboci-lite/cmd/ci/runners/builder"}}

  id: test:github.com/example/turboci-lite/cmd/ci/runners/collector
  kind: test:github.com/example/turboci-lite/cmd/ci/runners/collector
 options: fields:{key:"dir" value:{string_value:"/Users/phobbs/Downloads/luci-go-refs_heads_main/turboci-lite/cmd/ci/runners/collector"}} fields:{key:"module" value:{string_value:"github.com/example/turboci-lite"}} fields:{key:"package" value:{string_value:"github.com/example/turboci-lite/cmd/ci/runners/collector"}}

  id: test:github.com/example/turboci-lite/cmd/ci/runners/common
  kind: test:github.com/example/turboci-lite/cmd/ci/runners/common
 options: fields:{key:"dir" value:{string_value:"/Users/phobbs/Downloads/luci-go-refs_heads_main/turboci-lite/cmd/ci/runners/common"}} fields:{key:"module" value:{string_value:"github.com/example/turboci-lite"}} fields:{key:"package" value:{string_value:"github.com/example/turboci-lite/cmd/ci/runners/common"}}

  id: test:github.com/example/turboci-lite/cmd/ci/runners/conditional
  kind: test:github.com/example/turboci-lite/cmd/ci/runners/conditional
 options: fields:{key:"dir" value:{string_value:"/Users/phobbs/Downloads/luci-go-refs_heads_main/turboci-lite/cmd/ci/runners/conditional"}} fields:{key:"module" value:{string_value:"github.com/example/turboci-lite"}} fields:{key:"package" value:{string_value:"github.com/example/turboci-lite/cmd/ci/runners/conditional"}}

  id: test:github.com/example/turboci-lite/cmd/ci/runners/materialize
  kind: test:github.com/example/turboci-lite/cmd/ci/runners/materialize
 options: fields:{key:"dir" value:{string_value:"/Users/phobbs/Downloads/luci-go-refs_heads_main/turboci-lite/cmd/ci/runners/materialize"}} fields:{key:"module" value:{string_value:"github.com/example/turboci-lite"}} fields:{key:"package" value:{string_value:"github.com/example/turboci-lite/cmd/ci/runners/materialize"}}

  id: test:github.com/example/turboci-lite/cmd/ci/runners/tester
  kind: test:github.com/example/turboci-lite/cmd/ci/runners/tester
 options: fields:{key:"dir" value:{string_value:"/Users/phobbs/Downloads/luci-go-refs_heads_main/turboci-lite/cmd/ci/runners/tester"}} fields:{key:"module" value:{string_value:"github.com/example/turboci-lite"}} fields:{key:"package" value:{string_value:"github.com/example/turboci-lite/cmd/ci/runners/tester"}}

  id: test:github.com/example/turboci-lite/cmd/ci/runners/trigger
  kind: test:github.com/example/turboci-lite/cmd/ci/runners/trigger
 options: fields:{key:"dir" value:{string_value:"/Users/phobbs/Downloads/luci-go-refs_heads_main/turboci-lite/cmd/ci/runners/trigger"}} fields:{key:"module" value:{string_value:"github.com/example/turboci-lite"}} fields:{key:"package" value:{string_value:"github.com/example/turboci-lite/cmd/ci/runners/trigger"}}

  id: test:github.com/example/turboci-lite/cmd/ci/testing
  kind: test:github.com/example/turboci-lite/cmd/ci/testing
 options: fields:{key:"dir" value:{string_value:"/Users/phobbs/Downloads/luci-go-refs_heads_main/turboci-lite/cmd/ci/testing"}} fields:{key:"module" value:{string_value:"github.com/example/turboci-lite"}} fields:{key:"package" value:{string_value:"github.com/example/turboci-lite/cmd/ci/testing"}}

  id: test:github.com/example/turboci-lite/cmd/runner-example
  kind: test:github.com/example/turboci-lite/cmd/runner-example
 options: fields:{key:"dir" value:{string_value:"/Users/phobbs/Downloads/luci-go-refs_heads_main/turboci-lite/cmd/runner-example"}} fields:{key:"module" value:{string_value:"github.com/example/turboci-lite"}} fields:{key:"package" value:{string_value:"github.com/example/turboci-lite/cmd/runner-example"}}])
21:26:46 gRPC call: /turboci.v1.TurboCIOrchestrator/QueryNodes
21:26:47 gRPC call: /turboci.v1.TurboCIOrchestrator/QueryNodes
21:26:48 gRPC call: /turboci.v1.TurboCIOrchestrator/QueryNodes
21:26:49 gRPC call: /turboci.v1.TurboCIOrchestrator/QueryNodes
21:26:50 gRPC call: /turboci.v1.TurboCIOrchestrator/QueryNodes
21:26:50 gRPC call: /turboci.v1.TurboCIOrchestrator/QueryNodes
21:26:50 [diag] Stages: total=37 states=map[STAGE_STATE_ATTEMPTING:17 STAGE_STATE_FINAL:18 STAGE_STATE_PLANNED:2]
21:26:50 [diag] Non-final stages: 19 remaining (first 10: [stage:test:github.com/example/turboci-lite/cmd/ci stage:test:github.com/example/turboci-lite/cmd/ci/runners/builder stage:test:github.com/example/turboci-lite/cmd/ci/runners/collector stage:test:github.com/example/turboci-lite/cmd/ci/runners/common stage:test:github.com/example/turboci-lite/cmd/ci/runners/conditional stage:test:github.com/example/turboci-lite/cmd/ci/runners/materialize stage:test:github.com/example/turboci-lite/cmd/ci/runners/tester stage:test:github.com/example/turboci-lite/cmd/ci/runners/trigger stage:test:github.com/example/turboci-lite/cmd/ci/testing stage:test:github.com/example/turboci-lite/cmd/runner-example])
21:26:50 gRPC call: /turboci.v1.TurboCIOrchestrator/QueryNodes
21:26:50 [diag] Checks: total=37 states=map[CHECK_STATE_FINAL:18 CHECK_STATE_PLANNING:19]
21:26:50 [diag] Non-final checks: 19 remaining (first 5: [

  id: test:github.com/example/turboci-lite/cmd/ci
  kind: test:github.com/example/turboci-lite/cmd/ci
 options: fields:{key:"dir" value:{string_value:"/Users/phobbs/Downloads/luci-go-refs_heads_main/turboci-lite/cmd/ci"}} fields:{key:"module" value:{string_value:"github.com/example/turboci-lite"}} fields:{key:"package" value:{string_value:"github.com/example/turboci-lite/cmd/ci"}}

  id: test:github.com/example/turboci-lite/cmd/ci/runners/builder
  kind: test:github.com/example/turboci-lite/cmd/ci/runners/builder
 options: fields:{key:"dir" value:{string_value:"/Users/phobbs/Downloads/luci-go-refs_heads_main/turboci-lite/cmd/ci/runners/builder"}} fields:{key:"module" value:{string_value:"github.com/example/turboci-lite"}} fields:{key:"package" value:{string_value:"github.com/example/turboci-lite/cmd/ci/runners/builder"}}

  id: test:github.com/example/turboci-lite/cmd/ci/runners/collector
  kind: test:github.com/example/turboci-lite/cmd/ci/runners/collector
 options: fields:{key:"dir" value:{string_value:"/Users/phobbs/Downloads/luci-go-refs_heads_main/turboci-lite/cmd/ci/runners/collector"}} fields:{key:"module" value:{string_value:"github.com/example/turboci-lite"}} fields:{key:"package" value:{string_value:"github.com/example/turboci-lite/cmd/ci/runners/collector"}}

  id: test:github.com/example/turboci-lite/cmd/ci/runners/common
  kind: test:github.com/example/turboci-lite/cmd/ci/runners/common
 options: fields:{key:"dir" value:{string_value:"/Users/phobbs/Downloads/luci-go-refs_heads_main/turboci-lite/cmd/ci/runners/common"}} fields:{key:"module" value:{string_value:"github.com/example/turboci-lite"}} fields:{key:"package" value:{string_value:"github.com/example/turboci-lite/cmd/ci/runners/common"}}

  id: test:github.com/example/turboci-lite/cmd/ci/runners/conditional
  kind: test:github.com/example/turboci-lite/cmd/ci/runners/conditional
 options: fields:{key:"dir" value:{string_value:"/Users/phobbs/Downloads/luci-go-refs_heads_main/turboci-lite/cmd/ci/runners/conditional"}} fields:{key:"module" value:{string_value:"github.com/example/turboci-lite"}} fields:{key:"package" value:{string_value:"github.com/example/turboci-lite/cmd/ci/runners/conditional"}}

  id: test:github.com/example/turboci-lite/cmd/ci/runners/materialize
  kind: test:github.com/example/turboci-lite/cmd/ci/runners/materialize
 options: fields:{key:"dir" value:{string_value:"/Users/phobbs/Downloads/luci-go-refs_heads_main/turboci-lite/cmd/ci/runners/materialize"}} fields:{key:"module" value:{string_value:"github.com/example/turboci-lite"}} fields:{key:"package" value:{string_value:"github.com/example/turboci-lite/cmd/ci/runners/materialize"}}

  id: test:github.com/example/turboci-lite/cmd/ci/runners/tester
  kind: test:github.com/example/turboci-lite/cmd/ci/runners/tester
 options: fields:{key:"dir" value:{string_value:"/Users/phobbs/Downloads/luci-go-refs_heads_main/turboci-lite/cmd/ci/runners/tester"}} fields:{key:"module" value:{string_value:"github.com/example/turboci-lite"}} fields:{key:"package" value:{string_value:"github.com/example/turboci-lite/cmd/ci/runners/tester"}}

  id: test:github.com/example/turboci-lite/cmd/ci/runners/trigger
  kind: test:github.com/example/turboci-lite/cmd/ci/runners/trigger
 options: fields:{key:"dir" value:{string_value:"/Users/phobbs/Downloads/luci-go-refs_heads_main/turboci-lite/cmd/ci/runners/trigger"}} fields:{key:"module" value:{string_value:"github.com/example/turboci-lite"}} fields:{key:"package" value:{string_value:"github.com/example/turboci-lite/cmd/ci/runners/trigger"}}

  id: test:github.com/example/turboci-lite/cmd/ci/testing
  kind: test:github.com/example/turboci-lite/cmd/ci/testing
 options: fields:{key:"dir" value:{string_value:"/Users/phobbs/Downloads/luci-go-refs_heads_main/turboci-lite/cmd/ci/testing"}} fields:{key:"module" value:{string_value:"github.com/example/turboci-lite"}} fields:{key:"package" value:{string_value:"github.com/example/turboci-lite/cmd/ci/testing"}}

  id: test:github.com/example/turboci-lite/cmd/runner-example
  kind: test:github.com/example/turboci-lite/cmd/runner-example
 options: fields:{key:"dir" value:{string_value:"/Users/phobbs/Downloads/luci-go-refs_heads_main/turboci-lite/cmd/runner-example"}} fields:{key:"module" value:{string_value:"github.com/example/turboci-lite"}} fields:{key:"package" value:{string_value:"github.com/example/turboci-lite/cmd/runner-example"}}])
21:26:51 gRPC call: /turboci.v1.TurboCIOrchestrator/QueryNodes
21:26:52 gRPC call: /turboci.v1.TurboCIOrchestrator/QueryNodes
21:26:53 gRPC call: /turboci.v1.TurboCIOrchestrator/QueryNodes
21:26:54 gRPC call: /turboci.v1.TurboCIOrchestrator/QueryNodes
21:26:55 gRPC call: /turboci.v1.TurboCIOrchestrator/QueryNodes
21:26:55 gRPC call: /turboci.v1.TurboCIOrchestrator/QueryNodes
21:26:55 [diag] Stages: total=37 states=map[STAGE_STATE_ATTEMPTING:17 STAGE_STATE_FINAL:18 STAGE_STATE_PLANNED:2]
21:26:55 [diag] Non-final stages: 19 remaining (first 10: [stage:test:github.com/example/turboci-lite/cmd/ci stage:test:github.com/example/turboci-lite/cmd/ci/runners/builder stage:test:github.com/example/turboci-lite/cmd/ci/runners/collector stage:test:github.com/example/turboci-lite/cmd/ci/runners/common stage:test:github.com/example/turboci-lite/cmd/ci/runners/conditional stage:test:github.com/example/turboci-lite/cmd/ci/runners/materialize stage:test:github.com/example/turboci-lite/cmd/ci/runners/tester stage:test:github.com/example/turboci-lite/cmd/ci/runners/trigger stage:test:github.com/example/turboci-lite/cmd/ci/testing stage:test:github.com/example/turboci-lite/cmd/runner-example])
21:26:55 gRPC call: /turboci.v1.TurboCIOrchestrator/QueryNodes
21:26:55 [diag] Checks: total=37 states=map[CHECK_STATE_FINAL:18 CHECK_STATE_PLANNING:19]
21:26:55 [diag] Non-final checks: 19 remaining (first 5: [

  id: test:github.com/example/turboci-lite/cmd/ci
  kind: test:github.com/example/turboci-lite/cmd/ci
 options: fields:{key:"dir" value:{string_value:"/Users/phobbs/Downloads/luci-go-refs_heads_main/turboci-lite/cmd/ci"}} fields:{key:"module" value:{string_value:"github.com/example/turboci-lite"}} fields:{key:"package" value:{string_value:"github.com/example/turboci-lite/cmd/ci"}}

  id: test:github.com/example/turboci-lite/cmd/ci/runners/builder
  kind: test:github.com/example/turboci-lite/cmd/ci/runners/builder
 options: fields:{key:"dir" value:{string_value:"/Users/phobbs/Downloads/luci-go-refs_heads_main/turboci-lite/cmd/ci/runners/builder"}} fields:{key:"module" value:{string_value:"github.com/example/turboci-lite"}} fields:{key:"package" value:{string_value:"github.com/example/turboci-lite/cmd/ci/runners/builder"}}

  id: test:github.com/example/turboci-lite/cmd/ci/runners/collector
  kind: test:github.com/example/turboci-lite/cmd/ci/runners/collector
 options: fields:{key:"dir" value:{string_value:"/Users/phobbs/Downloads/luci-go-refs_heads_main/turboci-lite/cmd/ci/runners/collector"}} fields:{key:"module" value:{string_value:"github.com/example/turboci-lite"}} fields:{key:"package" value:{string_value:"github.com/example/turboci-lite/cmd/ci/runners/collector"}}

  id: test:github.com/example/turboci-lite/cmd/ci/runners/common
  kind: test:github.com/example/turboci-lite/cmd/ci/runners/common
 options: fields:{key:"dir" value:{string_value:"/Users/phobbs/Downloads/luci-go-refs_heads_main/turboci-lite/cmd/ci/runners/common"}} fields:{key:"module" value:{string_value:"github.com/example/turboci-lite"}} fields:{key:"package" value:{string_value:"github.com/example/turboci-lite/cmd/ci/runners/common"}}

  id: test:github.com/example/turboci-lite/cmd/ci/runners/conditional
  kind: test:github.com/example/turboci-lite/cmd/ci/runners/conditional
 options: fields:{key:"dir" value:{string_value:"/Users/phobbs/Downloads/luci-go-refs_heads_main/turboci-lite/cmd/ci/runners/conditional"}} fields:{key:"module" value:{string_value:"github.com/example/turboci-lite"}} fields:{key:"package" value:{string_value:"github.com/example/turboci-lite/cmd/ci/runners/conditional"}}

  id: test:github.com/example/turboci-lite/cmd/ci/runners/materialize
  kind: test:github.com/example/turboci-lite/cmd/ci/runners/materialize
 options: fields:{key:"dir" value:{string_value:"/Users/phobbs/Downloads/luci-go-refs_heads_main/turboci-lite/cmd/ci/runners/materialize"}} fields:{key:"module" value:{string_value:"github.com/example/turboci-lite"}} fields:{key:"package" value:{string_value:"github.com/example/turboci-lite/cmd/ci/runners/materialize"}}

  id: test:github.com/example/turboci-lite/cmd/ci/runners/tester
  kind: test:github.com/example/turboci-lite/cmd/ci/runners/tester
 options: fields:{key:"dir" value:{string_value:"/Users/phobbs/Downloads/luci-go-refs_heads_main/turboci-lite/cmd/ci/runners/tester"}} fields:{key:"module" value:{string_value:"github.com/example/turboci-lite"}} fields:{key:"package" value:{string_value:"github.com/example/turboci-lite/cmd/ci/runners/tester"}}

  id: test:github.com/example/turboci-lite/cmd/ci/runners/trigger
  kind: test:github.com/example/turboci-lite/cmd/ci/runners/trigger
 options: fields:{key:"dir" value:{string_value:"/Users/phobbs/Downloads/luci-go-refs_heads_main/turboci-lite/cmd/ci/runners/trigger"}} fields:{key:"module" value:{string_value:"github.com/example/turboci-lite"}} fields:{key:"package" value:{string_value:"github.com/example/turboci-lite/cmd/ci/runners/trigger"}}

  id: test:github.com/example/turboci-lite/cmd/ci/testing
  kind: test:github.com/example/turboci-lite/cmd/ci/testing
 options: fields:{key:"dir" value:{string_value:"/Users/phobbs/Downloads/luci-go-refs_heads_main/turboci-lite/cmd/ci/testing"}} fields:{key:"module" value:{string_value:"github.com/example/turboci-lite"}} fields:{key:"package" value:{string_value:"github.com/example/turboci-lite/cmd/ci/testing"}}

  id: test:github.com/example/turboci-lite/cmd/runner-example
  kind: test:github.com/example/turboci-lite/cmd/runner-example
 options: fields:{key:"dir" value:{string_value:"/Users/phobbs/Downloads/luci-go-refs_heads_main/turboci-lite/cmd/runner-example"}} fields:{key:"module" value:{string_value:"github.com/example/turboci-lite"}} fields:{key:"package" value:{string_value:"github.com/example/turboci-lite/cmd/runner-example"}}])
21:26:56 gRPC call: /turboci.v1.TurboCIOrchestrator/QueryNodes
21:26:57 gRPC call: /turboci.v1.TurboCIOrchestrator/QueryNodes
21:26:58 gRPC call: /turboci.v1.TurboCIOrchestrator/QueryNodes
21:26:59 gRPC call: /turboci.v1.TurboCIOrchestrator/QueryNodes
21:27:00 gRPC call: /turboci.v1.TurboCIOrchestrator/QueryNodes
21:27:00 gRPC call: /turboci.v1.TurboCIOrchestrator/QueryNodes
21:27:00 [diag] Stages: total=37 states=map[STAGE_STATE_ATTEMPTING:17 STAGE_STATE_FINAL:18 STAGE_STATE_PLANNED:2]
21:27:00 [diag] Non-final stages: 19 remaining (first 10: [stage:test:github.com/example/turboci-lite/cmd/ci stage:test:github.com/example/turboci-lite/cmd/ci/runners/builder stage:test:github.com/example/turboci-lite/cmd/ci/runners/collector stage:test:github.com/example/turboci-lite/cmd/ci/runners/common stage:test:github.com/example/turboci-lite/cmd/ci/runners/conditional stage:test:github.com/example/turboci-lite/cmd/ci/runners/materialize stage:test:github.com/example/turboci-lite/cmd/ci/runners/tester stage:test:github.com/example/turboci-lite/cmd/ci/runners/trigger stage:test:github.com/example/turboci-lite/cmd/ci/testing stage:test:github.com/example/turboci-lite/cmd/runner-example])
21:27:00 gRPC call: /turboci.v1.TurboCIOrchestrator/QueryNodes
21:27:00 [diag] Checks: total=37 states=map[CHECK_STATE_FINAL:18 CHECK_STATE_PLANNING:19]
21:27:00 [diag] Non-final checks: 19 remaining (first 5: [

  id: test:github.com/example/turboci-lite/cmd/ci
  kind: test:github.com/example/turboci-lite/cmd/ci
 options: fields:{key:"dir" value:{string_value:"/Users/phobbs/Downloads/luci-go-refs_heads_main/turboci-lite/cmd/ci"}} fields:{key:"module" value:{string_value:"github.com/example/turboci-lite"}} fields:{key:"package" value:{string_value:"github.com/example/turboci-lite/cmd/ci"}}

  id: test:github.com/example/turboci-lite/cmd/ci/runners/builder
  kind: test:github.com/example/turboci-lite/cmd/ci/runners/builder
 options: fields:{key:"dir" value:{string_value:"/Users/phobbs/Downloads/luci-go-refs_heads_main/turboci-lite/cmd/ci/runners/builder"}} fields:{key:"module" value:{string_value:"github.com/example/turboci-lite"}} fields:{key:"package" value:{string_value:"github.com/example/turboci-lite/cmd/ci/runners/builder"}}

  id: test:github.com/example/turboci-lite/cmd/ci/runners/collector
  kind: test:github.com/example/turboci-lite/cmd/ci/runners/collector
 options: fields:{key:"dir" value:{string_value:"/Users/phobbs/Downloads/luci-go-refs_heads_main/turboci-lite/cmd/ci/runners/collector"}} fields:{key:"module" value:{string_value:"github.com/example/turboci-lite"}} fields:{key:"package" value:{string_value:"github.com/example/turboci-lite/cmd/ci/runners/collector"}}

  id: test:github.com/example/turboci-lite/cmd/ci/runners/common
  kind: test:github.com/example/turboci-lite/cmd/ci/runners/common
 options: fields:{key:"dir" value:{string_value:"/Users/phobbs/Downloads/luci-go-refs_heads_main/turboci-lite/cmd/ci/runners/common"}} fields:{key:"module" value:{string_value:"github.com/example/turboci-lite"}} fields:{key:"package" value:{string_value:"github.com/example/turboci-lite/cmd/ci/runners/common"}}

  id: test:github.com/example/turboci-lite/cmd/ci/runners/conditional
  kind: test:github.com/example/turboci-lite/cmd/ci/runners/conditional
 options: fields:{key:"dir" value:{string_value:"/Users/phobbs/Downloads/luci-go-refs_heads_main/turboci-lite/cmd/ci/runners/conditional"}} fields:{key:"module" value:{string_value:"github.com/example/turboci-lite"}} fields:{key:"package" value:{string_value:"github.com/example/turboci-lite/cmd/ci/runners/conditional"}}

  id: test:github.com/example/turboci-lite/cmd/ci/runners/materialize
  kind: test:github.com/example/turboci-lite/cmd/ci/runners/materialize
 options: fields:{key:"dir" value:{string_value:"/Users/phobbs/Downloads/luci-go-refs_heads_main/turboci-lite/cmd/ci/runners/materialize"}} fields:{key:"module" value:{string_value:"github.com/example/turboci-lite"}} fields:{key:"package" value:{string_value:"github.com/example/turboci-lite/cmd/ci/runners/materialize"}}

  id: test:github.com/example/turboci-lite/cmd/ci/runners/tester
  kind: test:github.com/example/turboci-lite/cmd/ci/runners/tester
 options: fields:{key:"dir" value:{string_value:"/Users/phobbs/Downloads/luci-go-refs_heads_main/turboci-lite/cmd/ci/runners/tester"}} fields:{key:"module" value:{string_value:"github.com/example/turboci-lite"}} fields:{key:"package" value:{string_value:"github.com/example/turboci-lite/cmd/ci/runners/tester"}}

  id: test:github.com/example/turboci-lite/cmd/ci/runners/trigger
  kind: test:github.com/example/turboci-lite/cmd/ci/runners/trigger
 options: fields:{key:"dir" value:{string_value:"/Users/phobbs/Downloads/luci-go-refs_heads_main/turboci-lite/cmd/ci/runners/trigger"}} fields:{key:"module" value:{string_value:"github.com/example/turboci-lite"}} fields:{key:"package" value:{string_value:"github.com/example/turboci-lite/cmd/ci/runners/trigger"}}

  id: test:github.com/example/turboci-lite/cmd/ci/testing
  kind: test:github.com/example/turboci-lite/cmd/ci/testing
 options: fields:{key:"dir" value:{string_value:"/Users/phobbs/Downloads/luci-go-refs_heads_main/turboci-lite/cmd/ci/testing"}} fields:{key:"module" value:{string_value:"github.com/example/turboci-lite"}} fields:{key:"package" value:{string_value:"github.com/example/turboci-lite/cmd/ci/testing"}}

  id: test:github.com/example/turboci-lite/cmd/runner-example
  kind: test:github.com/example/turboci-lite/cmd/runner-example
 options: fields:{key:"dir" value:{string_value:"/Users/phobbs/Downloads/luci-go-refs_heads_main/turboci-lite/cmd/runner-example"}} fields:{key:"module" value:{string_value:"github.com/example/turboci-lite"}} fields:{key:"package" value:{string_value:"github.com/example/turboci-lite/cmd/runner-example"}}])
21:27:01 gRPC call: /turboci.v1.TurboCIOrchestrator/QueryNodes
21:27:02 gRPC call: /turboci.v1.TurboCIOrchestrator/QueryNodes
21:27:03 gRPC call: /turboci.v1.TurboCIOrchestrator/QueryNodes
21:27:04 gRPC call: /turboci.v1.TurboCIOrchestrator/QueryNodes
21:27:05 gRPC call: /turboci.v1.TurboCIOrchestrator/QueryNodes
21:27:05 gRPC call: /turboci.v1.TurboCIOrchestrator/QueryNodes
21:27:05 [diag] Stages: total=37 states=map[STAGE_STATE_ATTEMPTING:17 STAGE_STATE_FINAL:18 STAGE_STATE_PLANNED:2]
21:27:05 [diag] Non-final stages: 19 remaining (first 10: [stage:test:github.com/example/turboci-lite/cmd/ci stage:test:github.com/example/turboci-lite/cmd/ci/runners/builder stage:test:github.com/example/turboci-lite/cmd/ci/runners/collector stage:test:github.com/example/turboci-lite/cmd/ci/runners/common stage:test:github.com/example/turboci-lite/cmd/ci/runners/conditional stage:test:github.com/example/turboci-lite/cmd/ci/runners/materialize stage:test:github.com/example/turboci-lite/cmd/ci/runners/tester stage:test:github.com/example/turboci-lite/cmd/ci/runners/trigger stage:test:github.com/example/turboci-lite/cmd/ci/testing stage:test:github.com/example/turboci-lite/cmd/runner-example])
21:27:05 gRPC call: /turboci.v1.TurboCIOrchestrator/QueryNodes
21:27:05 [diag] Checks: total=37 states=map[CHECK_STATE_FINAL:18 CHECK_STATE_PLANNING:19]
21:27:05 [diag] Non-final checks: 19 remaining (first 5: [

  id: test:github.com/example/turboci-lite/cmd/ci
  kind: test:github.com/example/turboci-lite/cmd/ci
 options: fields:{key:"dir" value:{string_value:"/Users/phobbs/Downloads/luci-go-refs_heads_main/turboci-lite/cmd/ci"}} fields:{key:"module" value:{string_value:"github.com/example/turboci-lite"}} fields:{key:"package" value:{string_value:"github.com/example/turboci-lite/cmd/ci"}}

  id: test:github.com/example/turboci-lite/cmd/ci/runners/builder
  kind: test:github.com/example/turboci-lite/cmd/ci/runners/builder
 options: fields:{key:"dir" value:{string_value:"/Users/phobbs/Downloads/luci-go-refs_heads_main/turboci-lite/cmd/ci/runners/builder"}} fields:{key:"module" value:{string_value:"github.com/example/turboci-lite"}} fields:{key:"package" value:{string_value:"github.com/example/turboci-lite/cmd/ci/runners/builder"}}

  id: test:github.com/example/turboci-lite/cmd/ci/runners/collector
  kind: test:github.com/example/turboci-lite/cmd/ci/runners/collector
 options: fields:{key:"dir" value:{string_value:"/Users/phobbs/Downloads/luci-go-refs_heads_main/turboci-lite/cmd/ci/runners/collector"}} fields:{key:"module" value:{string_value:"github.com/example/turboci-lite"}} fields:{key:"package" value:{string_value:"github.com/example/turboci-lite/cmd/ci/runners/collector"}}

  id: test:github.com/example/turboci-lite/cmd/ci/runners/common
  kind: test:github.com/example/turboci-lite/cmd/ci/runners/common
 options: fields:{key:"dir" value:{string_value:"/Users/phobbs/Downloads/luci-go-refs_heads_main/turboci-lite/cmd/ci/runners/common"}} fields:{key:"module" value:{string_value:"github.com/example/turboci-lite"}} fields:{key:"package" value:{string_value:"github.com/example/turboci-lite/cmd/ci/runners/common"}}

  id: test:github.com/example/turboci-lite/cmd/ci/runners/conditional
  kind: test:github.com/example/turboci-lite/cmd/ci/runners/conditional
 options: fields:{key:"dir" value:{string_value:"/Users/phobbs/Downloads/luci-go-refs_heads_main/turboci-lite/cmd/ci/runners/conditional"}} fields:{key:"module" value:{string_value:"github.com/example/turboci-lite"}} fields:{key:"package" value:{string_value:"github.com/example/turboci-lite/cmd/ci/runners/conditional"}}

  id: test:github.com/example/turboci-lite/cmd/ci/runners/materialize
  kind: test:github.com/example/turboci-lite/cmd/ci/runners/materialize
 options: fields:{key:"dir" value:{string_value:"/Users/phobbs/Downloads/luci-go-refs_heads_main/turboci-lite/cmd/ci/runners/materialize"}} fields:{key:"module" value:{string_value:"github.com/example/turboci-lite"}} fields:{key:"package" value:{string_value:"github.com/example/turboci-lite/cmd/ci/runners/materialize"}}

  id: test:github.com/example/turboci-lite/cmd/ci/runners/tester
  kind: test:github.com/example/turboci-lite/cmd/ci/runners/tester
 options: fields:{key:"dir" value:{string_value:"/Users/phobbs/Downloads/luci-go-refs_heads_main/turboci-lite/cmd/ci/runners/tester"}} fields:{key:"module" value:{string_value:"github.com/example/turboci-lite"}} fields:{key:"package" value:{string_value:"github.com/example/turboci-lite/cmd/ci/runners/tester"}}

  id: test:github.com/example/turboci-lite/cmd/ci/runners/trigger
  kind: test:github.com/example/turboci-lite/cmd/ci/runners/trigger
 options: fields:{key:"dir" value:{string_value:"/Users/phobbs/Downloads/luci-go-refs_heads_main/turboci-lite/cmd/ci/runners/trigger"}} fields:{key:"module" value:{string_value:"github.com/example/turboci-lite"}} fields:{key:"package" value:{string_value:"github.com/example/turboci-lite/cmd/ci/runners/trigger"}}

  id: test:github.com/example/turboci-lite/cmd/ci/testing
  kind: test:github.com/example/turboci-lite/cmd/ci/testing
 options: fields:{key:"dir" value:{string_value:"/Users/phobbs/Downloads/luci-go-refs_heads_main/turboci-lite/cmd/ci/testing"}} fields:{key:"module" value:{string_value:"github.com/example/turboci-lite"}} fields:{key:"package" value:{string_value:"github.com/example/turboci-lite/cmd/ci/testing"}}

  id: test:github.com/example/turboci-lite/cmd/runner-example
  kind: test:github.com/example/turboci-lite/cmd/runner-example
 options: fields:{key:"dir" value:{string_value:"/Users/phobbs/Downloads/luci-go-refs_heads_main/turboci-lite/cmd/runner-example"}} fields:{key:"module" value:{string_value:"github.com/example/turboci-lite"}} fields:{key:"package" value:{string_value:"github.com/example/turboci-lite/cmd/runner-example"}}])
21:27:06 gRPC call: /turboci.v1.TurboCIOrchestrator/QueryNodes
21:27:07 gRPC call: /turboci.v1.TurboCIOrchestrator/QueryNodes
21:27:08 gRPC call: /turboci.v1.TurboCIOrchestrator/QueryNodes
21:27:09 gRPC call: /turboci.v1.TurboCIOrchestrator/QueryNodes
21:27:10 gRPC call: /turboci.v1.TurboCIOrchestrator/QueryNodes
21:27:10 gRPC call: /turboci.v1.TurboCIOrchestrator/QueryNodes
21:27:10 [diag] Stages: total=37 states=map[STAGE_STATE_ATTEMPTING:17 STAGE_STATE_FINAL:18 STAGE_STATE_PLANNED:2]
21:27:10 [diag] Non-final stages: 19 remaining (first 10: [stage:test:github.com/example/turboci-lite/cmd/ci stage:test:github.com/example/turboci-lite/cmd/ci/runners/builder stage:test:github.com/example/turboci-lite/cmd/ci/runners/collector stage:test:github.com/example/turboci-lite/cmd/ci/runners/common stage:test:github.com/example/turboci-lite/cmd/ci/runners/conditional stage:test:github.com/example/turboci-lite/cmd/ci/runners/materialize stage:test:github.com/example/turboci-lite/cmd/ci/runners/tester stage:test:github.com/example/turboci-lite/cmd/ci/runners/trigger stage:test:github.com/example/turboci-lite/cmd/ci/testing stage:test:github.com/example/turboci-lite/cmd/runner-example])
21:27:10 gRPC call: /turboci.v1.TurboCIOrchestrator/QueryNodes
21:27:10 [diag] Checks: total=37 states=map[CHECK_STATE_FINAL:18 CHECK_STATE_PLANNING:19]
21:27:10 [diag] Non-final checks: 19 remaining (first 5: [

  id: test:github.com/example/turboci-lite/cmd/ci
  kind: test:github.com/example/turboci-lite/cmd/ci
 options: fields:{key:"dir" value:{string_value:"/Users/phobbs/Downloads/luci-go-refs_heads_main/turboci-lite/cmd/ci"}} fields:{key:"module" value:{string_value:"github.com/example/turboci-lite"}} fields:{key:"package" value:{string_value:"github.com/example/turboci-lite/cmd/ci"}}

  id: test:github.com/example/turboci-lite/cmd/ci/runners/builder
  kind: test:github.com/example/turboci-lite/cmd/ci/runners/builder
 options: fields:{key:"dir" value:{string_value:"/Users/phobbs/Downloads/luci-go-refs_heads_main/turboci-lite/cmd/ci/runners/builder"}} fields:{key:"module" value:{string_value:"github.com/example/turboci-lite"}} fields:{key:"package" value:{string_value:"github.com/example/turboci-lite/cmd/ci/runners/builder"}}

  id: test:github.com/example/turboci-lite/cmd/ci/runners/collector
  kind: test:github.com/example/turboci-lite/cmd/ci/runners/collector
 options: fields:{key:"dir" value:{string_value:"/Users/phobbs/Downloads/luci-go-refs_heads_main/turboci-lite/cmd/ci/runners/collector"}} fields:{key:"module" value:{string_value:"github.com/example/turboci-lite"}} fields:{key:"package" value:{string_value:"github.com/example/turboci-lite/cmd/ci/runners/collector"}}

  id: test:github.com/example/turboci-lite/cmd/ci/runners/common
  kind: test:github.com/example/turboci-lite/cmd/ci/runners/common
 options: fields:{key:"dir" value:{string_value:"/Users/phobbs/Downloads/luci-go-refs_heads_main/turboci-lite/cmd/ci/runners/common"}} fields:{key:"module" value:{string_value:"github.com/example/turboci-lite"}} fields:{key:"package" value:{string_value:"github.com/example/turboci-lite/cmd/ci/runners/common"}}

  id: test:github.com/example/turboci-lite/cmd/ci/runners/conditional
  kind: test:github.com/example/turboci-lite/cmd/ci/runners/conditional
 options: fields:{key:"dir" value:{string_value:"/Users/phobbs/Downloads/luci-go-refs_heads_main/turboci-lite/cmd/ci/runners/conditional"}} fields:{key:"module" value:{string_value:"github.com/example/turboci-lite"}} fields:{key:"package" value:{string_value:"github.com/example/turboci-lite/cmd/ci/runners/conditional"}}

  id: test:github.com/example/turboci-lite/cmd/ci/runners/materialize
  kind: test:github.com/example/turboci-lite/cmd/ci/runners/materialize
 options: fields:{key:"dir" value:{string_value:"/Users/phobbs/Downloads/luci-go-refs_heads_main/turboci-lite/cmd/ci/runners/materialize"}} fields:{key:"module" value:{string_value:"github.com/example/turboci-lite"}} fields:{key:"package" value:{string_value:"github.com/example/turboci-lite/cmd/ci/runners/materialize"}}

  id: test:github.com/example/turboci-lite/cmd/ci/runners/tester
  kind: test:github.com/example/turboci-lite/cmd/ci/runners/tester
 options: fields:{key:"dir" value:{string_value:"/Users/phobbs/Downloads/luci-go-refs_heads_main/turboci-lite/cmd/ci/runners/tester"}} fields:{key:"module" value:{string_value:"github.com/example/turboci-lite"}} fields:{key:"package" value:{string_value:"github.com/example/turboci-lite/cmd/ci/runners/tester"}}

  id: test:github.com/example/turboci-lite/cmd/ci/runners/trigger
  kind: test:github.com/example/turboci-lite/cmd/ci/runners/trigger
 options: fields:{key:"dir" value:{string_value:"/Users/phobbs/Downloads/luci-go-refs_heads_main/turboci-lite/cmd/ci/runners/trigger"}} fields:{key:"module" value:{string_value:"github.com/example/turboci-lite"}} fields:{key:"package" value:{string_value:"github.com/example/turboci-lite/cmd/ci/runners/trigger"}}

  id: test:github.com/example/turboci-lite/cmd/ci/testing
  kind: test:github.com/example/turboci-lite/cmd/ci/testing
 options: fields:{key:"dir" value:{string_value:"/Users/phobbs/Downloads/luci-go-refs_heads_main/turboci-lite/cmd/ci/testing"}} fields:{key:"module" value:{string_value:"github.com/example/turboci-lite"}} fields:{key:"package" value:{string_value:"github.com/example/turboci-lite/cmd/ci/testing"}}

  id: test:github.com/example/turboci-lite/cmd/runner-example
  kind: test:github.com/example/turboci-lite/cmd/runner-example
 options: fields:{key:"dir" value:{string_value:"/Users/phobbs/Downloads/luci-go-refs_heads_main/turboci-lite/cmd/runner-example"}} fields:{key:"module" value:{string_value:"github.com/example/turboci-lite"}} fields:{key:"package" value:{string_value:"github.com/example/turboci-lite/cmd/runner-example"}}])
21:27:11 gRPC call: /turboci.v1.TurboCIOrchestrator/QueryNodes
21:27:12 gRPC call: /turboci.v1.TurboCIOrchestrator/QueryNodes
21:27:13 gRPC call: /turboci.v1.TurboCIOrchestrator/QueryNodes
21:27:14 gRPC call: /turboci.v1.TurboCIOrchestrator/QueryNodes
21:27:15 gRPC call: /turboci.v1.TurboCIOrchestrator/QueryNodes
21:27:15 gRPC call: /turboci.v1.TurboCIOrchestrator/QueryNodes
21:27:15 [diag] Stages: total=37 states=map[STAGE_STATE_ATTEMPTING:17 STAGE_STATE_FINAL:18 STAGE_STATE_PLANNED:2]
21:27:15 [diag] Non-final stages: 19 remaining (first 10: [stage:test:github.com/example/turboci-lite/cmd/ci stage:test:github.com/example/turboci-lite/cmd/ci/runners/builder stage:test:github.com/example/turboci-lite/cmd/ci/runners/collector stage:test:github.com/example/turboci-lite/cmd/ci/runners/common stage:test:github.com/example/turboci-lite/cmd/ci/runners/conditional stage:test:github.com/example/turboci-lite/cmd/ci/runners/materialize stage:test:github.com/example/turboci-lite/cmd/ci/runners/tester stage:test:github.com/example/turboci-lite/cmd/ci/runners/trigger stage:test:github.com/example/turboci-lite/cmd/ci/testing stage:test:github.com/example/turboci-lite/cmd/runner-example])
21:27:15 gRPC call: /turboci.v1.TurboCIOrchestrator/QueryNodes
21:27:15 [diag] Checks: total=37 states=map[CHECK_STATE_FINAL:18 CHECK_STATE_PLANNING:19]
21:27:15 [diag] Non-final checks: 19 remaining (first 5: [

  id: test:github.com/example/turboci-lite/cmd/ci
  kind: test:github.com/example/turboci-lite/cmd/ci
 options: fields:{key:"dir" value:{string_value:"/Users/phobbs/Downloads/luci-go-refs_heads_main/turboci-lite/cmd/ci"}} fields:{key:"module" value:{string_value:"github.com/example/turboci-lite"}} fields:{key:"package" value:{string_value:"github.com/example/turboci-lite/cmd/ci"}}

  id: test:github.com/example/turboci-lite/cmd/ci/runners/builder
  kind: test:github.com/example/turboci-lite/cmd/ci/runners/builder
 options: fields:{key:"dir" value:{string_value:"/Users/phobbs/Downloads/luci-go-refs_heads_main/turboci-lite/cmd/ci/runners/builder"}} fields:{key:"module" value:{string_value:"github.com/example/turboci-lite"}} fields:{key:"package" value:{string_value:"github.com/example/turboci-lite/cmd/ci/runners/builder"}}

  id: test:github.com/example/turboci-lite/cmd/ci/runners/collector
  kind: test:github.com/example/turboci-lite/cmd/ci/runners/collector
 options: fields:{key:"dir" value:{string_value:"/Users/phobbs/Downloads/luci-go-refs_heads_main/turboci-lite/cmd/ci/runners/collector"}} fields:{key:"module" value:{string_value:"github.com/example/turboci-lite"}} fields:{key:"package" value:{string_value:"github.com/example/turboci-lite/cmd/ci/runners/collector"}}

  id: test:github.com/example/turboci-lite/cmd/ci/runners/common
  kind: test:github.com/example/turboci-lite/cmd/ci/runners/common
 options: fields:{key:"dir" value:{string_value:"/Users/phobbs/Downloads/luci-go-refs_heads_main/turboci-lite/cmd/ci/runners/common"}} fields:{key:"module" value:{string_value:"github.com/example/turboci-lite"}} fields:{key:"package" value:{string_value:"github.com/example/turboci-lite/cmd/ci/runners/common"}}

  id: test:github.com/example/turboci-lite/cmd/ci/runners/conditional
  kind: test:github.com/example/turboci-lite/cmd/ci/runners/conditional
 options: fields:{key:"dir" value:{string_value:"/Users/phobbs/Downloads/luci-go-refs_heads_main/turboci-lite/cmd/ci/runners/conditional"}} fields:{key:"module" value:{string_value:"github.com/example/turboci-lite"}} fields:{key:"package" value:{string_value:"github.com/example/turboci-lite/cmd/ci/runners/conditional"}}

  id: test:github.com/example/turboci-lite/cmd/ci/runners/materialize
  kind: test:github.com/example/turboci-lite/cmd/ci/runners/materialize
 options: fields:{key:"dir" value:{string_value:"/Users/phobbs/Downloads/luci-go-refs_heads_main/turboci-lite/cmd/ci/runners/materialize"}} fields:{key:"module" value:{string_value:"github.com/example/turboci-lite"}} fields:{key:"package" value:{string_value:"github.com/example/turboci-lite/cmd/ci/runners/materialize"}}

  id: test:github.com/example/turboci-lite/cmd/ci/runners/tester
  kind: test:github.com/example/turboci-lite/cmd/ci/runners/tester
 options: fields:{key:"dir" value:{string_value:"/Users/phobbs/Downloads/luci-go-refs_heads_main/turboci-lite/cmd/ci/runners/tester"}} fields:{key:"module" value:{string_value:"github.com/example/turboci-lite"}} fields:{key:"package" value:{string_value:"github.com/example/turboci-lite/cmd/ci/runners/tester"}}

  id: test:github.com/example/turboci-lite/cmd/ci/runners/trigger
  kind: test:github.com/example/turboci-lite/cmd/ci/runners/trigger
 options: fields:{key:"dir" value:{string_value:"/Users/phobbs/Downloads/luci-go-refs_heads_main/turboci-lite/cmd/ci/runners/trigger"}} fields:{key:"module" value:{string_value:"github.com/example/turboci-lite"}} fields:{key:"package" value:{string_value:"github.com/example/turboci-lite/cmd/ci/runners/trigger"}}

  id: test:github.com/example/turboci-lite/cmd/ci/testing
  kind: test:github.com/example/turboci-lite/cmd/ci/testing
 options: fields:{key:"dir" value:{string_value:"/Users/phobbs/Downloads/luci-go-refs_heads_main/turboci-lite/cmd/ci/testing"}} fields:{key:"module" value:{string_value:"github.com/example/turboci-lite"}} fields:{key:"package" value:{string_value:"github.com/example/turboci-lite/cmd/ci/testing"}}

  id: test:github.com/example/turboci-lite/cmd/runner-example
  kind: test:github.com/example/turboci-lite/cmd/runner-example
 options: fields:{key:"dir" value:{string_value:"/Users/phobbs/Downloads/luci-go-refs_heads_main/turboci-lite/cmd/runner-example"}} fields:{key:"module" value:{string_value:"github.com/example/turboci-lite"}} fields:{key:"package" value:{string_value:"github.com/example/turboci-lite/cmd/runner-example"}}])
21:27:16 gRPC call: /turboci.v1.TurboCIOrchestrator/QueryNodes
21:27:17 gRPC call: /turboci.v1.TurboCIOrchestrator/QueryNodes
21:27:18 gRPC call: /turboci.v1.TurboCIOrchestrator/QueryNodes
21:27:19 gRPC call: /turboci.v1.TurboCIOrchestrator/QueryNodes
21:27:20 gRPC call: /turboci.v1.TurboCIOrchestrator/QueryNodes
21:27:20 gRPC call: /turboci.v1.TurboCIOrchestrator/QueryNodes
21:27:20 [diag] Stages: total=37 states=map[STAGE_STATE_ATTEMPTING:17 STAGE_STATE_FINAL:18 STAGE_STATE_PLANNED:2]
21:27:20 [diag] Non-final stages: 19 remaining (first 10: [stage:test:github.com/example/turboci-lite/cmd/ci stage:test:github.com/example/turboci-lite/cmd/ci/runners/builder stage:test:github.com/example/turboci-lite/cmd/ci/runners/collector stage:test:github.com/example/turboci-lite/cmd/ci/runners/common stage:test:github.com/example/turboci-lite/cmd/ci/runners/conditional stage:test:github.com/example/turboci-lite/cmd/ci/runners/materialize stage:test:github.com/example/turboci-lite/cmd/ci/runners/tester stage:test:github.com/example/turboci-lite/cmd/ci/runners/trigger stage:test:github.com/example/turboci-lite/cmd/ci/testing stage:test:github.com/example/turboci-lite/cmd/runner-example])
21:27:20 gRPC call: /turboci.v1.TurboCIOrchestrator/QueryNodes
21:27:20 [diag] Checks: total=37 states=map[CHECK_STATE_FINAL:18 CHECK_STATE_PLANNING:19]
21:27:20 [diag] Non-final checks: 19 remaining (first 5: [

  id: test:github.com/example/turboci-lite/cmd/ci
  kind: test:github.com/example/turboci-lite/cmd/ci
 options: fields:{key:"dir" value:{string_value:"/Users/phobbs/Downloads/luci-go-refs_heads_main/turboci-lite/cmd/ci"}} fields:{key:"module" value:{string_value:"github.com/example/turboci-lite"}} fields:{key:"package" value:{string_value:"github.com/example/turboci-lite/cmd/ci"}}

  id: test:github.com/example/turboci-lite/cmd/ci/runners/builder
  kind: test:github.com/example/turboci-lite/cmd/ci/runners/builder
 options: fields:{key:"dir" value:{string_value:"/Users/phobbs/Downloads/luci-go-refs_heads_main/turboci-lite/cmd/ci/runners/builder"}} fields:{key:"module" value:{string_value:"github.com/example/turboci-lite"}} fields:{key:"package" value:{string_value:"github.com/example/turboci-lite/cmd/ci/runners/builder"}}

  id: test:github.com/example/turboci-lite/cmd/ci/runners/collector
  kind: test:github.com/example/turboci-lite/cmd/ci/runners/collector
 options: fields:{key:"dir" value:{string_value:"/Users/phobbs/Downloads/luci-go-refs_heads_main/turboci-lite/cmd/ci/runners/collector"}} fields:{key:"module" value:{string_value:"github.com/example/turboci-lite"}} fields:{key:"package" value:{string_value:"github.com/example/turboci-lite/cmd/ci/runners/collector"}}

  id: test:github.com/example/turboci-lite/cmd/ci/runners/common
  kind: test:github.com/example/turboci-lite/cmd/ci/runners/common
 options: fields:{key:"dir" value:{string_value:"/Users/phobbs/Downloads/luci-go-refs_heads_main/turboci-lite/cmd/ci/runners/common"}} fields:{key:"module" value:{string_value:"github.com/example/turboci-lite"}} fields:{key:"package" value:{string_value:"github.com/example/turboci-lite/cmd/ci/runners/common"}}

  id: test:github.com/example/turboci-lite/cmd/ci/runners/conditional
  kind: test:github.com/example/turboci-lite/cmd/ci/runners/conditional
 options: fields:{key:"dir" value:{string_value:"/Users/phobbs/Downloads/luci-go-refs_heads_main/turboci-lite/cmd/ci/runners/conditional"}} fields:{key:"module" value:{string_value:"github.com/example/turboci-lite"}} fields:{key:"package" value:{string_value:"github.com/example/turboci-lite/cmd/ci/runners/conditional"}}

  id: test:github.com/example/turboci-lite/cmd/ci/runners/materialize
  kind: test:github.com/example/turboci-lite/cmd/ci/runners/materialize
 options: fields:{key:"dir" value:{string_value:"/Users/phobbs/Downloads/luci-go-refs_heads_main/turboci-lite/cmd/ci/runners/materialize"}} fields:{key:"module" value:{string_value:"github.com/example/turboci-lite"}} fields:{key:"package" value:{string_value:"github.com/example/turboci-lite/cmd/ci/runners/materialize"}}

  id: test:github.com/example/turboci-lite/cmd/ci/runners/tester
  kind: test:github.com/example/turboci-lite/cmd/ci/runners/tester
 options: fields:{key:"dir" value:{string_value:"/Users/phobbs/Downloads/luci-go-refs_heads_main/turboci-lite/cmd/ci/runners/tester"}} fields:{key:"module" value:{string_value:"github.com/example/turboci-lite"}} fields:{key:"package" value:{string_value:"github.com/example/turboci-lite/cmd/ci/runners/tester"}}

  id: test:github.com/example/turboci-lite/cmd/ci/runners/trigger
  kind: test:github.com/example/turboci-lite/cmd/ci/runners/trigger
 options: fields:{key:"dir" value:{string_value:"/Users/phobbs/Downloads/luci-go-refs_heads_main/turboci-lite/cmd/ci/runners/trigger"}} fields:{key:"module" value:{string_value:"github.com/example/turboci-lite"}} fields:{key:"package" value:{string_value:"github.com/example/turboci-lite/cmd/ci/runners/trigger"}}

  id: test:github.com/example/turboci-lite/cmd/ci/testing
  kind: test:github.com/example/turboci-lite/cmd/ci/testing
 options: fields:{key:"dir" value:{string_value:"/Users/phobbs/Downloads/luci-go-refs_heads_main/turboci-lite/cmd/ci/testing"}} fields:{key:"module" value:{string_value:"github.com/example/turboci-lite"}} fields:{key:"package" value:{string_value:"github.com/example/turboci-lite/cmd/ci/testing"}}

  id: test:github.com/example/turboci-lite/cmd/runner-example
  kind: test:github.com/example/turboci-lite/cmd/runner-example
 options: fields:{key:"dir" value:{string_value:"/Users/phobbs/Downloads/luci-go-refs_heads_main/turboci-lite/cmd/runner-example"}} fields:{key:"module" value:{string_value:"github.com/example/turboci-lite"}} fields:{key:"package" value:{string_value:"github.com/example/turboci-lite/cmd/runner-example"}}])
21:27:21 gRPC call: /turboci.v1.TurboCIOrchestrator/QueryNodes
21:27:22 gRPC call: /turboci.v1.TurboCIOrchestrator/QueryNodes
21:27:23 gRPC call: /turboci.v1.TurboCIOrchestrator/QueryNodes
21:27:24 gRPC call: /turboci.v1.TurboCIOrchestrator/QueryNodes
21:27:25 gRPC call: /turboci.v1.TurboCIOrchestrator/QueryNodes
21:27:25 gRPC call: /turboci.v1.TurboCIOrchestrator/QueryNodes
21:27:25 [diag] Stages: total=37 states=map[STAGE_STATE_ATTEMPTING:17 STAGE_STATE_FINAL:18 STAGE_STATE_PLANNED:2]
21:27:25 [diag] Non-final stages: 19 remaining (first 10: [stage:test:github.com/example/turboci-lite/cmd/ci stage:test:github.com/example/turboci-lite/cmd/ci/runners/builder stage:test:github.com/example/turboci-lite/cmd/ci/runners/collector stage:test:github.com/example/turboci-lite/cmd/ci/runners/common stage:test:github.com/example/turboci-lite/cmd/ci/runners/conditional stage:test:github.com/example/turboci-lite/cmd/ci/runners/materialize stage:test:github.com/example/turboci-lite/cmd/ci/runners/tester stage:test:github.com/example/turboci-lite/cmd/ci/runners/trigger stage:test:github.com/example/turboci-lite/cmd/ci/testing stage:test:github.com/example/turboci-lite/cmd/runner-example])
21:27:25 gRPC call: /turboci.v1.TurboCIOrchestrator/QueryNodes
21:27:25 [diag] Checks: total=37 states=map[CHECK_STATE_FINAL:18 CHECK_STATE_PLANNING:19]
21:27:25 [diag] Non-final checks: 19 remaining (first 5: [

  id: test:github.com/example/turboci-lite/cmd/ci
  kind: test:github.com/example/turboci-lite/cmd/ci
 options: fields:{key:"dir" value:{string_value:"/Users/phobbs/Downloads/luci-go-refs_heads_main/turboci-lite/cmd/ci"}} fields:{key:"module" value:{string_value:"github.com/example/turboci-lite"}} fields:{key:"package" value:{string_value:"github.com/example/turboci-lite/cmd/ci"}}

  id: test:github.com/example/turboci-lite/cmd/ci/runners/builder
  kind: test:github.com/example/turboci-lite/cmd/ci/runners/builder
 options: fields:{key:"dir" value:{string_value:"/Users/phobbs/Downloads/luci-go-refs_heads_main/turboci-lite/cmd/ci/runners/builder"}} fields:{key:"module" value:{string_value:"github.com/example/turboci-lite"}} fields:{key:"package" value:{string_value:"github.com/example/turboci-lite/cmd/ci/runners/builder"}}

  id: test:github.com/example/turboci-lite/cmd/ci/runners/collector
  kind: test:github.com/example/turboci-lite/cmd/ci/runners/collector
 options: fields:{key:"dir" value:{string_value:"/Users/phobbs/Downloads/luci-go-refs_heads_main/turboci-lite/cmd/ci/runners/collector"}} fields:{key:"module" value:{string_value:"github.com/example/turboci-lite"}} fields:{key:"package" value:{string_value:"github.com/example/turboci-lite/cmd/ci/runners/collector"}}

  id: test:github.com/example/turboci-lite/cmd/ci/runners/common
  kind: test:github.com/example/turboci-lite/cmd/ci/runners/common
 options: fields:{key:"dir" value:{string_value:"/Users/phobbs/Downloads/luci-go-refs_heads_main/turboci-lite/cmd/ci/runners/common"}} fields:{key:"module" value:{string_value:"github.com/example/turboci-lite"}} fields:{key:"package" value:{string_value:"github.com/example/turboci-lite/cmd/ci/runners/common"}}

  id: test:github.com/example/turboci-lite/cmd/ci/runners/conditional
  kind: test:github.com/example/turboci-lite/cmd/ci/runners/conditional
 options: fields:{key:"dir" value:{string_value:"/Users/phobbs/Downloads/luci-go-refs_heads_main/turboci-lite/cmd/ci/runners/conditional"}} fields:{key:"module" value:{string_value:"github.com/example/turboci-lite"}} fields:{key:"package" value:{string_value:"github.com/example/turboci-lite/cmd/ci/runners/conditional"}}

  id: test:github.com/example/turboci-lite/cmd/ci/runners/materialize
  kind: test:github.com/example/turboci-lite/cmd/ci/runners/materialize
 options: fields:{key:"dir" value:{string_value:"/Users/phobbs/Downloads/luci-go-refs_heads_main/turboci-lite/cmd/ci/runners/materialize"}} fields:{key:"module" value:{string_value:"github.com/example/turboci-lite"}} fields:{key:"package" value:{string_value:"github.com/example/turboci-lite/cmd/ci/runners/materialize"}}

  id: test:github.com/example/turboci-lite/cmd/ci/runners/tester
  kind: test:github.com/example/turboci-lite/cmd/ci/runners/tester
 options: fields:{key:"dir" value:{string_value:"/Users/phobbs/Downloads/luci-go-refs_heads_main/turboci-lite/cmd/ci/runners/tester"}} fields:{key:"module" value:{string_value:"github.com/example/turboci-lite"}} fields:{key:"package" value:{string_value:"github.com/example/turboci-lite/cmd/ci/runners/tester"}}

  id: test:github.com/example/turboci-lite/cmd/ci/runners/trigger
  kind: test:github.com/example/turboci-lite/cmd/ci/runners/trigger
 options: fields:{key:"dir" value:{string_value:"/Users/phobbs/Downloads/luci-go-refs_heads_main/turboci-lite/cmd/ci/runners/trigger"}} fields:{key:"module" value:{string_value:"github.com/example/turboci-lite"}} fields:{key:"package" value:{string_value:"github.com/example/turboci-lite/cmd/ci/runners/trigger"}}

  id: test:github.com/example/turboci-lite/cmd/ci/testing
  kind: test:github.com/example/turboci-lite/cmd/ci/testing
 options: fields:{key:"dir" value:{string_value:"/Users/phobbs/Downloads/luci-go-refs_heads_main/turboci-lite/cmd/ci/testing"}} fields:{key:"module" value:{string_value:"github.com/example/turboci-lite"}} fields:{key:"package" value:{string_value:"github.com/example/turboci-lite/cmd/ci/testing"}}

  id: test:github.com/example/turboci-lite/cmd/runner-example
  kind: test:github.com/example/turboci-lite/cmd/runner-example
 options: fields:{key:"dir" value:{string_value:"/Users/phobbs/Downloads/luci-go-refs_heads_main/turboci-lite/cmd/runner-example"}} fields:{key:"module" value:{string_value:"github.com/example/turboci-lite"}} fields:{key:"package" value:{string_value:"github.com/example/turboci-lite/cmd/runner-example"}}])
21:27:26 gRPC call: /turboci.v1.TurboCIOrchestrator/QueryNodes
21:27:27 gRPC call: /turboci.v1.TurboCIOrchestrator/QueryNodes
21:27:28 gRPC call: /turboci.v1.TurboCIOrchestrator/QueryNodes
21:27:29 gRPC call: /turboci.v1.TurboCIOrchestrator/QueryNodes
21:27:29 dispatcher: cleaned up 6 expired runner registrations
21:27:29 gRPC call: /turboci.v1.TurboCIOrchestrator/RegisterStageRunner
21:27:29 gRPC call: /turboci.v1.TurboCIOrchestrator/RegisterStageRunner
21:27:29 gRPC call: /turboci.v1.TurboCIOrchestrator/RegisterStageRunner
21:27:29 gRPC call: /turboci.v1.TurboCIOrchestrator/RegisterStageRunner
21:27:29 gRPC call: /turboci.v1.TurboCIOrchestrator/RegisterStageRunner
21:27:29 gRPC call: /turboci.v1.TurboCIOrchestrator/RegisterStageRunner
21:27:30 gRPC call: /turboci.v1.TurboCIOrchestrator/QueryNodes
21:27:30 gRPC call: /turboci.v1.TurboCIOrchestrator/QueryNodes
21:27:30 [diag] Stages: total=37 states=map[STAGE_STATE_ATTEMPTING:17 STAGE_STATE_FINAL:18 STAGE_STATE_PLANNED:2]
21:27:30 [diag] Non-final stages: 19 remaining (first 10: [stage:test:github.com/example/turboci-lite/cmd/ci stage:test:github.com/example/turboci-lite/cmd/ci/runners/builder stage:test:github.com/example/turboci-lite/cmd/ci/runners/collector stage:test:github.com/example/turboci-lite/cmd/ci/runners/common stage:test:github.com/example/turboci-lite/cmd/ci/runners/conditional stage:test:github.com/example/turboci-lite/cmd/ci/runners/materialize stage:test:github.com/example/turboci-lite/cmd/ci/runners/tester stage:test:github.com/example/turboci-lite/cmd/ci/runners/trigger stage:test:github.com/example/turboci-lite/cmd/ci/testing stage:test:github.com/example/turboci-lite/cmd/runner-example])
21:27:30 gRPC call: /turboci.v1.TurboCIOrchestrator/QueryNodes
21:27:30 [diag] Checks: total=37 states=map[CHECK_STATE_FINAL:18 CHECK_STATE_PLANNING:19]
21:27:30 [diag] Non-final checks: 19 remaining (first 5: [

  id: test:github.com/example/turboci-lite/cmd/ci
  kind: test:github.com/example/turboci-lite/cmd/ci
 options: fields:{key:"dir" value:{string_value:"/Users/phobbs/Downloads/luci-go-refs_heads_main/turboci-lite/cmd/ci"}} fields:{key:"module" value:{string_value:"github.com/example/turboci-lite"}} fields:{key:"package" value:{string_value:"github.com/example/turboci-lite/cmd/ci"}}

  id: test:github.com/example/turboci-lite/cmd/ci/runners/builder
  kind: test:github.com/example/turboci-lite/cmd/ci/runners/builder
 options: fields:{key:"dir" value:{string_value:"/Users/phobbs/Downloads/luci-go-refs_heads_main/turboci-lite/cmd/ci/runners/builder"}} fields:{key:"module" value:{string_value:"github.com/example/turboci-lite"}} fields:{key:"package" value:{string_value:"github.com/example/turboci-lite/cmd/ci/runners/builder"}}

  id: test:github.com/example/turboci-lite/cmd/ci/runners/collector
  kind: test:github.com/example/turboci-lite/cmd/ci/runners/collector
 options: fields:{key:"dir" value:{string_value:"/Users/phobbs/Downloads/luci-go-refs_heads_main/turboci-lite/cmd/ci/runners/collector"}} fields:{key:"module" value:{string_value:"github.com/example/turboci-lite"}} fields:{key:"package" value:{string_value:"github.com/example/turboci-lite/cmd/ci/runners/collector"}}

  id: test:github.com/example/turboci-lite/cmd/ci/runners/common
  kind: test:github.com/example/turboci-lite/cmd/ci/runners/common
 options: fields:{key:"dir" value:{string_value:"/Users/phobbs/Downloads/luci-go-refs_heads_main/turboci-lite/cmd/ci/runners/common"}} fields:{key:"module" value:{string_value:"github.com/example/turboci-lite"}} fields:{key:"package" value:{string_value:"github.com/example/turboci-lite/cmd/ci/runners/common"}}

  id: test:github.com/example/turboci-lite/cmd/ci/runners/conditional
  kind: test:github.com/example/turboci-lite/cmd/ci/runners/conditional
 options: fields:{key:"dir" value:{string_value:"/Users/phobbs/Downloads/luci-go-refs_heads_main/turboci-lite/cmd/ci/runners/conditional"}} fields:{key:"module" value:{string_value:"github.com/example/turboci-lite"}} fields:{key:"package" value:{string_value:"github.com/example/turboci-lite/cmd/ci/runners/conditional"}}

  id: test:github.com/example/turboci-lite/cmd/ci/runners/materialize
  kind: test:github.com/example/turboci-lite/cmd/ci/runners/materialize
 options: fields:{key:"dir" value:{string_value:"/Users/phobbs/Downloads/luci-go-refs_heads_main/turboci-lite/cmd/ci/runners/materialize"}} fields:{key:"module" value:{string_value:"github.com/example/turboci-lite"}} fields:{key:"package" value:{string_value:"github.com/example/turboci-lite/cmd/ci/runners/materialize"}}

  id: test:github.com/example/turboci-lite/cmd/ci/runners/tester
  kind: test:github.com/example/turboci-lite/cmd/ci/runners/tester
 options: fields:{key:"dir" value:{string_value:"/Users/phobbs/Downloads/luci-go-refs_heads_main/turboci-lite/cmd/ci/runners/tester"}} fields:{key:"module" value:{string_value:"github.com/example/turboci-lite"}} fields:{key:"package" value:{string_value:"github.com/example/turboci-lite/cmd/ci/runners/tester"}}

  id: test:github.com/example/turboci-lite/cmd/ci/runners/trigger
  kind: test:github.com/example/turboci-lite/cmd/ci/runners/trigger
 options: fields:{key:"dir" value:{string_value:"/Users/phobbs/Downloads/luci-go-refs_heads_main/turboci-lite/cmd/ci/runners/trigger"}} fields:{key:"module" value:{string_value:"github.com/example/turboci-lite"}} fields:{key:"package" value:{string_value:"github.com/example/turboci-lite/cmd/ci/runners/trigger"}}

  id: test:github.com/example/turboci-lite/cmd/ci/testing
  kind: test:github.com/example/turboci-lite/cmd/ci/testing
 options: fields:{key:"dir" value:{string_value:"/Users/phobbs/Downloads/luci-go-refs_heads_main/turboci-lite/cmd/ci/testing"}} fields:{key:"module" value:{string_value:"github.com/example/turboci-lite"}} fields:{key:"package" value:{string_value:"github.com/example/turboci-lite/cmd/ci/testing"}}

  id: test:github.com/example/turboci-lite/cmd/runner-example
  kind: test:github.com/example/turboci-lite/cmd/runner-example
 options: fields:{key:"dir" value:{string_value:"/Users/phobbs/Downloads/luci-go-refs_heads_main/turboci-lite/cmd/runner-example"}} fields:{key:"module" value:{string_value:"github.com/example/turboci-lite"}} fields:{key:"package" value:{string_value:"github.com/example/turboci-lite/cmd/runner-example"}}])
21:27:31 gRPC call: /turboci.v1.TurboCIOrchestrator/QueryNodes
21:27:32 gRPC call: /turboci.v1.TurboCIOrchestrator/QueryNodes
21:27:33 gRPC call: /turboci.v1.TurboCIOrchestrator/QueryNodes
21:27:34 gRPC call: /turboci.v1.TurboCIOrchestrator/QueryNodes
21:27:35 gRPC call: /turboci.v1.TurboCIOrchestrator/QueryNodes
21:27:35 gRPC call: /turboci.v1.TurboCIOrchestrator/QueryNodes
21:27:35 [diag] Stages: total=37 states=map[STAGE_STATE_ATTEMPTING:13 STAGE_STATE_FINAL:22 STAGE_STATE_PLANNED:2]
21:27:35 [diag] Non-final stages: 15 remaining (first 10: [stage:test:github.com/example/turboci-lite/cmd/ci/runners/collector stage:test:github.com/example/turboci-lite/cmd/ci/runners/common stage:test:github.com/example/turboci-lite/cmd/ci/runners/conditional stage:test:github.com/example/turboci-lite/cmd/ci/runners/materialize stage:test:github.com/example/turboci-lite/cmd/ci/runners/tester stage:test:github.com/example/turboci-lite/cmd/ci/runners/trigger stage:test:github.com/example/turboci-lite/cmd/ci/testing stage:test:github.com/example/turboci-lite/cmd/runner-example stage:test:github.com/example/turboci-lite/cmd/server stage:test:github.com/example/turboci-lite/cmd/culprit-finder])
21:27:35 gRPC call: /turboci.v1.TurboCIOrchestrator/QueryNodes
21:27:35 [diag] Checks: total=37 states=map[CHECK_STATE_FINAL:22 CHECK_STATE_PLANNING:15]
21:27:35 [diag] Non-final checks: 15 remaining (first 5: [

  id: test:github.com/example/turboci-lite/cmd/ci/runners/collector
  kind: test:github.com/example/turboci-lite/cmd/ci/runners/collector
 options: fields:{key:"dir" value:{string_value:"/Users/phobbs/Downloads/luci-go-refs_heads_main/turboci-lite/cmd/ci/runners/collector"}} fields:{key:"module" value:{string_value:"github.com/example/turboci-lite"}} fields:{key:"package" value:{string_value:"github.com/example/turboci-lite/cmd/ci/runners/collector"}}

  id: test:github.com/example/turboci-lite/cmd/ci/runners/common
  kind: test:github.com/example/turboci-lite/cmd/ci/runners/common
 options: fields:{key:"dir" value:{string_value:"/Users/phobbs/Downloads/luci-go-refs_heads_main/turboci-lite/cmd/ci/runners/common"}} fields:{key:"module" value:{string_value:"github.com/example/turboci-lite"}} fields:{key:"package" value:{string_value:"github.com/example/turboci-lite/cmd/ci/runners/common"}}

  id: test:github.com/example/turboci-lite/cmd/ci/runners/conditional
  kind: test:github.com/example/turboci-lite/cmd/ci/runners/conditional
 options: fields:{key:"dir" value:{string_value:"/Users/phobbs/Downloads/luci-go-refs_heads_main/turboci-lite/cmd/ci/runners/conditional"}} fields:{key:"module" value:{string_value:"github.com/example/turboci-lite"}} fields:{key:"package" value:{string_value:"github.com/example/turboci-lite/cmd/ci/runners/conditional"}}

  id: test:github.com/example/turboci-lite/cmd/ci/runners/materialize
  kind: test:github.com/example/turboci-lite/cmd/ci/runners/materialize
 options: fields:{key:"dir" value:{string_value:"/Users/phobbs/Downloads/luci-go-refs_heads_main/turboci-lite/cmd/ci/runners/materialize"}} fields:{key:"module" value:{string_value:"github.com/example/turboci-lite"}} fields:{key:"package" value:{string_value:"github.com/example/turboci-lite/cmd/ci/runners/materialize"}}

  id: test:github.com/example/turboci-lite/cmd/ci/runners/tester
  kind: test:github.com/example/turboci-lite/cmd/ci/runners/tester
 options: fields:{key:"dir" value:{string_value:"/Users/phobbs/Downloads/luci-go-refs_heads_main/turboci-lite/cmd/ci/runners/tester"}} fields:{key:"module" value:{string_value:"github.com/example/turboci-lite"}} fields:{key:"package" value:{string_value:"github.com/example/turboci-lite/cmd/ci/runners/tester"}}

  id: test:github.com/example/turboci-lite/cmd/ci/runners/trigger
  kind: test:github.com/example/turboci-lite/cmd/ci/runners/trigger
 options: fields:{key:"dir" value:{string_value:"/Users/phobbs/Downloads/luci-go-refs_heads_main/turboci-lite/cmd/ci/runners/trigger"}} fields:{key:"module" value:{string_value:"github.com/example/turboci-lite"}} fields:{key:"package" value:{string_value:"github.com/example/turboci-lite/cmd/ci/runners/trigger"}}

  id: test:github.com/example/turboci-lite/cmd/ci/testing
  kind: test:github.com/example/turboci-lite/cmd/ci/testing
 options: fields:{key:"dir" value:{string_value:"/Users/phobbs/Downloads/luci-go-refs_heads_main/turboci-lite/cmd/ci/testing"}} fields:{key:"module" value:{string_value:"github.com/example/turboci-lite"}} fields:{key:"package" value:{string_value:"github.com/example/turboci-lite/cmd/ci/testing"}}

  id: test:github.com/example/turboci-lite/cmd/runner-example
  kind: test:github.com/example/turboci-lite/cmd/runner-example
 options: fields:{key:"dir" value:{string_value:"/Users/phobbs/Downloads/luci-go-refs_heads_main/turboci-lite/cmd/runner-example"}} fields:{key:"module" value:{string_value:"github.com/example/turboci-lite"}} fields:{key:"package" value:{string_value:"github.com/example/turboci-lite/cmd/runner-example"}}

  id: test:github.com/example/turboci-lite/cmd/server
  kind: test:github.com/example/turboci-lite/cmd/server
 options: fields:{key:"dir" value:{string_value:"/Users/phobbs/Downloads/luci-go-refs_heads_main/turboci-lite/cmd/server"}} fields:{key:"module" value:{string_value:"github.com/example/turboci-lite"}} fields:{key:"package" value:{string_value:"github.com/example/turboci-lite/cmd/server"}}

  id: test:github.com/example/turboci-lite/cmd/culprit-finder
  kind: test:github.com/example/turboci-lite/cmd/culprit-finder
 options: fields:{key:"dir" value:{string_value:"/Users/phobbs/Downloads/luci-go-refs_heads_main/turboci-lite/cmd/culprit-finder"}} fields:{key:"module" value:{string_value:"github.com/example/turboci-lite/cmd/culprit-finder"}} fields:{key:"package" value:{string_value:"github.com/example/turboci-lite/cmd/culprit-finder"}}])
21:27:36 gRPC call: /turboci.v1.TurboCIOrchestrator/QueryNodes
21:27:37 gRPC call: /turboci.v1.TurboCIOrchestrator/QueryNodes
21:27:38 gRPC call: /turboci.v1.TurboCIOrchestrator/QueryNodes
21:27:39 gRPC call: /turboci.v1.TurboCIOrchestrator/QueryNodes
21:27:40 gRPC call: /turboci.v1.TurboCIOrchestrator/QueryNodes
21:27:40 gRPC call: /turboci.v1.TurboCIOrchestrator/QueryNodes
21:27:40 [diag] Stages: total=37 states=map[STAGE_STATE_ATTEMPTING:13 STAGE_STATE_FINAL:22 STAGE_STATE_PLANNED:2]
21:27:40 [diag] Non-final stages: 15 remaining (first 10: [stage:test:github.com/example/turboci-lite/cmd/ci/runners/collector stage:test:github.com/example/turboci-lite/cmd/ci/runners/common stage:test:github.com/example/turboci-lite/cmd/ci/runners/conditional stage:test:github.com/example/turboci-lite/cmd/ci/runners/materialize stage:test:github.com/example/turboci-lite/cmd/ci/runners/tester stage:test:github.com/example/turboci-lite/cmd/ci/runners/trigger stage:test:github.com/example/turboci-lite/cmd/ci/testing stage:test:github.com/example/turboci-lite/cmd/runner-example stage:test:github.com/example/turboci-lite/cmd/server stage:test:github.com/example/turboci-lite/cmd/culprit-finder])
21:27:40 gRPC call: /turboci.v1.TurboCIOrchestrator/QueryNodes
21:27:40 [diag] Checks: total=37 states=map[CHECK_STATE_FINAL:22 CHECK_STATE_PLANNING:15]
21:27:40 [diag] Non-final checks: 15 remaining (first 5: [

  id: test:github.com/example/turboci-lite/cmd/ci/runners/collector
  kind: test:github.com/example/turboci-lite/cmd/ci/runners/collector
 options: fields:{key:"dir" value:{string_value:"/Users/phobbs/Downloads/luci-go-refs_heads_main/turboci-lite/cmd/ci/runners/collector"}} fields:{key:"module" value:{string_value:"github.com/example/turboci-lite"}} fields:{key:"package" value:{string_value:"github.com/example/turboci-lite/cmd/ci/runners/collector"}}

  id: test:github.com/example/turboci-lite/cmd/ci/runners/common
  kind: test:github.com/example/turboci-lite/cmd/ci/runners/common
 options: fields:{key:"dir" value:{string_value:"/Users/phobbs/Downloads/luci-go-refs_heads_main/turboci-lite/cmd/ci/runners/common"}} fields:{key:"module" value:{string_value:"github.com/example/turboci-lite"}} fields:{key:"package" value:{string_value:"github.com/example/turboci-lite/cmd/ci/runners/common"}}

  id: test:github.com/example/turboci-lite/cmd/ci/runners/conditional
  kind: test:github.com/example/turboci-lite/cmd/ci/runners/conditional
 options: fields:{key:"dir" value:{string_value:"/Users/phobbs/Downloads/luci-go-refs_heads_main/turboci-lite/cmd/ci/runners/conditional"}} fields:{key:"module" value:{string_value:"github.com/example/turboci-lite"}} fields:{key:"package" value:{string_value:"github.com/example/turboci-lite/cmd/ci/runners/conditional"}}

  id: test:github.com/example/turboci-lite/cmd/ci/runners/materialize
  kind: test:github.com/example/turboci-lite/cmd/ci/runners/materialize
 options: fields:{key:"dir" value:{string_value:"/Users/phobbs/Downloads/luci-go-refs_heads_main/turboci-lite/cmd/ci/runners/materialize"}} fields:{key:"module" value:{string_value:"github.com/example/turboci-lite"}} fields:{key:"package" value:{string_value:"github.com/example/turboci-lite/cmd/ci/runners/materialize"}}

  id: test:github.com/example/turboci-lite/cmd/ci/runners/tester
  kind: test:github.com/example/turboci-lite/cmd/ci/runners/tester
 options: fields:{key:"dir" value:{string_value:"/Users/phobbs/Downloads/luci-go-refs_heads_main/turboci-lite/cmd/ci/runners/tester"}} fields:{key:"module" value:{string_value:"github.com/example/turboci-lite"}} fields:{key:"package" value:{string_value:"github.com/example/turboci-lite/cmd/ci/runners/tester"}}

  id: test:github.com/example/turboci-lite/cmd/ci/runners/trigger
  kind: test:github.com/example/turboci-lite/cmd/ci/runners/trigger
 options: fields:{key:"dir" value:{string_value:"/Users/phobbs/Downloads/luci-go-refs_heads_main/turboci-lite/cmd/ci/runners/trigger"}} fields:{key:"module" value:{string_value:"github.com/example/turboci-lite"}} fields:{key:"package" value:{string_value:"github.com/example/turboci-lite/cmd/ci/runners/trigger"}}

  id: test:github.com/example/turboci-lite/cmd/ci/testing
  kind: test:github.com/example/turboci-lite/cmd/ci/testing
 options: fields:{key:"dir" value:{string_value:"/Users/phobbs/Downloads/luci-go-refs_heads_main/turboci-lite/cmd/ci/testing"}} fields:{key:"module" value:{string_value:"github.com/example/turboci-lite"}} fields:{key:"package" value:{string_value:"github.com/example/turboci-lite/cmd/ci/testing"}}

  id: test:github.com/example/turboci-lite/cmd/runner-example
  kind: test:github.com/example/turboci-lite/cmd/runner-example
 options: fields:{key:"dir" value:{string_value:"/Users/phobbs/Downloads/luci-go-refs_heads_main/turboci-lite/cmd/runner-example"}} fields:{key:"module" value:{string_value:"github.com/example/turboci-lite"}} fields:{key:"package" value:{string_value:"github.com/example/turboci-lite/cmd/runner-example"}}

  id: test:github.com/example/turboci-lite/cmd/server
  kind: test:github.com/example/turboci-lite/cmd/server
 options: fields:{key:"dir" value:{string_value:"/Users/phobbs/Downloads/luci-go-refs_heads_main/turboci-lite/cmd/server"}} fields:{key:"module" value:{string_value:"github.com/example/turboci-lite"}} fields:{key:"package" value:{string_value:"github.com/example/turboci-lite/cmd/server"}}

  id: test:github.com/example/turboci-lite/cmd/culprit-finder
  kind: test:github.com/example/turboci-lite/cmd/culprit-finder
 options: fields:{key:"dir" value:{string_value:"/Users/phobbs/Downloads/luci-go-refs_heads_main/turboci-lite/cmd/culprit-finder"}} fields:{key:"module" value:{string_value:"github.com/example/turboci-lite/cmd/culprit-finder"}} fields:{key:"package" value:{string_value:"github.com/example/turboci-lite/cmd/culprit-finder"}}])
21:27:41 gRPC call: /turboci.v1.TurboCIOrchestrator/QueryNodes
21:27:42 gRPC call: /turboci.v1.TurboCIOrchestrator/QueryNodes
21:27:43 gRPC call: /turboci.v1.TurboCIOrchestrator/QueryNodes
21:27:44 gRPC call: /turboci.v1.TurboCIOrchestrator/QueryNodes
21:27:45 gRPC call: /turboci.v1.TurboCIOrchestrator/QueryNodes
21:27:45 gRPC call: /turboci.v1.TurboCIOrchestrator/QueryNodes
21:27:45 [diag] Stages: total=37 states=map[STAGE_STATE_ATTEMPTING:13 STAGE_STATE_FINAL:22 STAGE_STATE_PLANNED:2]
21:27:45 [diag] Non-final stages: 15 remaining (first 10: [stage:test:github.com/example/turboci-lite/cmd/ci/runners/collector stage:test:github.com/example/turboci-lite/cmd/ci/runners/common stage:test:github.com/example/turboci-lite/cmd/ci/runners/conditional stage:test:github.com/example/turboci-lite/cmd/ci/runners/materialize stage:test:github.com/example/turboci-lite/cmd/ci/runners/tester stage:test:github.com/example/turboci-lite/cmd/ci/runners/trigger stage:test:github.com/example/turboci-lite/cmd/ci/testing stage:test:github.com/example/turboci-lite/cmd/runner-example stage:test:github.com/example/turboci-lite/cmd/server stage:test:github.com/example/turboci-lite/cmd/culprit-finder])
21:27:45 gRPC call: /turboci.v1.TurboCIOrchestrator/QueryNodes
21:27:45 [diag] Checks: total=37 states=map[CHECK_STATE_FINAL:22 CHECK_STATE_PLANNING:15]
21:27:45 [diag] Non-final checks: 15 remaining (first 5: [

  id: test:github.com/example/turboci-lite/cmd/ci/runners/collector
  kind: test:github.com/example/turboci-lite/cmd/ci/runners/collector
 options: fields:{key:"dir" value:{string_value:"/Users/phobbs/Downloads/luci-go-refs_heads_main/turboci-lite/cmd/ci/runners/collector"}} fields:{key:"module" value:{string_value:"github.com/example/turboci-lite"}} fields:{key:"package" value:{string_value:"github.com/example/turboci-lite/cmd/ci/runners/collector"}}

  id: test:github.com/example/turboci-lite/cmd/ci/runners/common
  kind: test:github.com/example/turboci-lite/cmd/ci/runners/common
 options: fields:{key:"dir" value:{string_value:"/Users/phobbs/Downloads/luci-go-refs_heads_main/turboci-lite/cmd/ci/runners/common"}} fields:{key:"module" value:{string_value:"github.com/example/turboci-lite"}} fields:{key:"package" value:{string_value:"github.com/example/turboci-lite/cmd/ci/runners/common"}}

  id: test:github.com/example/turboci-lite/cmd/ci/runners/conditional
  kind: test:github.com/example/turboci-lite/cmd/ci/runners/conditional
 options: fields:{key:"dir" value:{string_value:"/Users/phobbs/Downloads/luci-go-refs_heads_main/turboci-lite/cmd/ci/runners/conditional"}} fields:{key:"module" value:{string_value:"github.com/example/turboci-lite"}} fields:{key:"package" value:{string_value:"github.com/example/turboci-lite/cmd/ci/runners/conditional"}}

  id: test:github.com/example/turboci-lite/cmd/ci/runners/materialize
  kind: test:github.com/example/turboci-lite/cmd/ci/runners/materialize
 options: fields:{key:"dir" value:{string_value:"/Users/phobbs/Downloads/luci-go-refs_heads_main/turboci-lite/cmd/ci/runners/materialize"}} fields:{key:"module" value:{string_value:"github.com/example/turboci-lite"}} fields:{key:"package" value:{string_value:"github.com/example/turboci-lite/cmd/ci/runners/materialize"}}

  id: test:github.com/example/turboci-lite/cmd/ci/runners/tester
  kind: test:github.com/example/turboci-lite/cmd/ci/runners/tester
 options: fields:{key:"dir" value:{string_value:"/Users/phobbs/Downloads/luci-go-refs_heads_main/turboci-lite/cmd/ci/runners/tester"}} fields:{key:"module" value:{string_value:"github.com/example/turboci-lite"}} fields:{key:"package" value:{string_value:"github.com/example/turboci-lite/cmd/ci/runners/tester"}}

  id: test:github.com/example/turboci-lite/cmd/ci/runners/trigger
  kind: test:github.com/example/turboci-lite/cmd/ci/runners/trigger
 options: fields:{key:"dir" value:{string_value:"/Users/phobbs/Downloads/luci-go-refs_heads_main/turboci-lite/cmd/ci/runners/trigger"}} fields:{key:"module" value:{string_value:"github.com/example/turboci-lite"}} fields:{key:"package" value:{string_value:"github.com/example/turboci-lite/cmd/ci/runners/trigger"}}

  id: test:github.com/example/turboci-lite/cmd/ci/testing
  kind: test:github.com/example/turboci-lite/cmd/ci/testing
 options: fields:{key:"dir" value:{string_value:"/Users/phobbs/Downloads/luci-go-refs_heads_main/turboci-lite/cmd/ci/testing"}} fields:{key:"module" value:{string_value:"github.com/example/turboci-lite"}} fields:{key:"package" value:{string_value:"github.com/example/turboci-lite/cmd/ci/testing"}}

  id: test:github.com/example/turboci-lite/cmd/runner-example
  kind: test:github.com/example/turboci-lite/cmd/runner-example
 options: fields:{key:"dir" value:{string_value:"/Users/phobbs/Downloads/luci-go-refs_heads_main/turboci-lite/cmd/runner-example"}} fields:{key:"module" value:{string_value:"github.com/example/turboci-lite"}} fields:{key:"package" value:{string_value:"github.com/example/turboci-lite/cmd/runner-example"}}

  id: test:github.com/example/turboci-lite/cmd/server
  kind: test:github.com/example/turboci-lite/cmd/server
 options: fields:{key:"dir" value:{string_value:"/Users/phobbs/Downloads/luci-go-refs_heads_main/turboci-lite/cmd/server"}} fields:{key:"module" value:{string_value:"github.com/example/turboci-lite"}} fields:{key:"package" value:{string_value:"github.com/example/turboci-lite/cmd/server"}}

  id: test:github.com/example/turboci-lite/cmd/culprit-finder
  kind: test:github.com/example/turboci-lite/cmd/culprit-finder
 options: fields:{key:"dir" value:{string_value:"/Users/phobbs/Downloads/luci-go-refs_heads_main/turboci-lite/cmd/culprit-finder"}} fields:{key:"module" value:{string_value:"github.com/example/turboci-lite/cmd/culprit-finder"}} fields:{key:"package" value:{string_value:"github.com/example/turboci-lite/cmd/culprit-finder"}}])
21:27:46 gRPC call: /turboci.v1.TurboCIOrchestrator/QueryNodes
21:27:47 gRPC call: /turboci.v1.TurboCIOrchestrator/QueryNodes
21:27:48 gRPC call: /turboci.v1.TurboCIOrchestrator/QueryNodes
21:27:49 gRPC call: /turboci.v1.TurboCIOrchestrator/QueryNodes
21:27:50 gRPC call: /turboci.v1.TurboCIOrchestrator/QueryNodes
21:27:50 gRPC call: /turboci.v1.TurboCIOrchestrator/QueryNodes
21:27:50 [diag] Stages: total=37 states=map[STAGE_STATE_ATTEMPTING:13 STAGE_STATE_FINAL:22 STAGE_STATE_PLANNED:2]
21:27:50 [diag] Non-final stages: 15 remaining (first 10: [stage:test:github.com/example/turboci-lite/cmd/ci/runners/collector stage:test:github.com/example/turboci-lite/cmd/ci/runners/common stage:test:github.com/example/turboci-lite/cmd/ci/runners/conditional stage:test:github.com/example/turboci-lite/cmd/ci/runners/materialize stage:test:github.com/example/turboci-lite/cmd/ci/runners/tester stage:test:github.com/example/turboci-lite/cmd/ci/runners/trigger stage:test:github.com/example/turboci-lite/cmd/ci/testing stage:test:github.com/example/turboci-lite/cmd/runner-example stage:test:github.com/example/turboci-lite/cmd/server stage:test:github.com/example/turboci-lite/cmd/culprit-finder])
21:27:50 gRPC call: /turboci.v1.TurboCIOrchestrator/QueryNodes
21:27:50 [diag] Checks: total=37 states=map[CHECK_STATE_FINAL:22 CHECK_STATE_PLANNING:15]
21:27:50 [diag] Non-final checks: 15 remaining (first 5: [

  id: test:github.com/example/turboci-lite/cmd/ci/runners/collector
  kind: test:github.com/example/turboci-lite/cmd/ci/runners/collector
 options: fields:{key:"dir" value:{string_value:"/Users/phobbs/Downloads/luci-go-refs_heads_main/turboci-lite/cmd/ci/runners/collector"}} fields:{key:"module" value:{string_value:"github.com/example/turboci-lite"}} fields:{key:"package" value:{string_value:"github.com/example/turboci-lite/cmd/ci/runners/collector"}}

  id: test:github.com/example/turboci-lite/cmd/ci/runners/common
  kind: test:github.com/example/turboci-lite/cmd/ci/runners/common
 options: fields:{key:"dir" value:{string_value:"/Users/phobbs/Downloads/luci-go-refs_heads_main/turboci-lite/cmd/ci/runners/common"}} fields:{key:"module" value:{string_value:"github.com/example/turboci-lite"}} fields:{key:"package" value:{string_value:"github.com/example/turboci-lite/cmd/ci/runners/common"}}

  id: test:github.com/example/turboci-lite/cmd/ci/runners/conditional
  kind: test:github.com/example/turboci-lite/cmd/ci/runners/conditional
 options: fields:{key:"dir" value:{string_value:"/Users/phobbs/Downloads/luci-go-refs_heads_main/turboci-lite/cmd/ci/runners/conditional"}} fields:{key:"module" value:{string_value:"github.com/example/turboci-lite"}} fields:{key:"package" value:{string_value:"github.com/example/turboci-lite/cmd/ci/runners/conditional"}}

  id: test:github.com/example/turboci-lite/cmd/ci/runners/materialize
  kind: test:github.com/example/turboci-lite/cmd/ci/runners/materialize
 options: fields:{key:"dir" value:{string_value:"/Users/phobbs/Downloads/luci-go-refs_heads_main/turboci-lite/cmd/ci/runners/materialize"}} fields:{key:"module" value:{string_value:"github.com/example/turboci-lite"}} fields:{key:"package" value:{string_value:"github.com/example/turboci-lite/cmd/ci/runners/materialize"}}

  id: test:github.com/example/turboci-lite/cmd/ci/runners/tester
  kind: test:github.com/example/turboci-lite/cmd/ci/runners/tester
 options: fields:{key:"dir" value:{string_value:"/Users/phobbs/Downloads/luci-go-refs_heads_main/turboci-lite/cmd/ci/runners/tester"}} fields:{key:"module" value:{string_value:"github.com/example/turboci-lite"}} fields:{key:"package" value:{string_value:"github.com/example/turboci-lite/cmd/ci/runners/tester"}}

  id: test:github.com/example/turboci-lite/cmd/ci/runners/trigger
  kind: test:github.com/example/turboci-lite/cmd/ci/runners/trigger
 options: fields:{key:"dir" value:{string_value:"/Users/phobbs/Downloads/luci-go-refs_heads_main/turboci-lite/cmd/ci/runners/trigger"}} fields:{key:"module" value:{string_value:"github.com/example/turboci-lite"}} fields:{key:"package" value:{string_value:"github.com/example/turboci-lite/cmd/ci/runners/trigger"}}

  id: test:github.com/example/turboci-lite/cmd/ci/testing
  kind: test:github.com/example/turboci-lite/cmd/ci/testing
 options: fields:{key:"dir" value:{string_value:"/Users/phobbs/Downloads/luci-go-refs_heads_main/turboci-lite/cmd/ci/testing"}} fields:{key:"module" value:{string_value:"github.com/example/turboci-lite"}} fields:{key:"package" value:{string_value:"github.com/example/turboci-lite/cmd/ci/testing"}}

  id: test:github.com/example/turboci-lite/cmd/runner-example
  kind: test:github.com/example/turboci-lite/cmd/runner-example
 options: fields:{key:"dir" value:{string_value:"/Users/phobbs/Downloads/luci-go-refs_heads_main/turboci-lite/cmd/runner-example"}} fields:{key:"module" value:{string_value:"github.com/example/turboci-lite"}} fields:{key:"package" value:{string_value:"github.com/example/turboci-lite/cmd/runner-example"}}

  id: test:github.com/example/turboci-lite/cmd/server
  kind: test:github.com/example/turboci-lite/cmd/server
 options: fields:{key:"dir" value:{string_value:"/Users/phobbs/Downloads/luci-go-refs_heads_main/turboci-lite/cmd/server"}} fields:{key:"module" value:{string_value:"github.com/example/turboci-lite"}} fields:{key:"package" value:{string_value:"github.com/example/turboci-lite/cmd/server"}}

  id: test:github.com/example/turboci-lite/cmd/culprit-finder
  kind: test:github.com/example/turboci-lite/cmd/culprit-finder
 options: fields:{key:"dir" value:{string_value:"/Users/phobbs/Downloads/luci-go-refs_heads_main/turboci-lite/cmd/culprit-finder"}} fields:{key:"module" value:{string_value:"github.com/example/turboci-lite/cmd/culprit-finder"}} fields:{key:"package" value:{string_value:"github.com/example/turboci-lite/cmd/culprit-finder"}}])
21:27:51 gRPC call: /turboci.v1.TurboCIOrchestrator/QueryNodes
21:27:52 gRPC call: /turboci.v1.TurboCIOrchestrator/QueryNodes
21:27:53 gRPC call: /turboci.v1.TurboCIOrchestrator/QueryNodes
21:27:54 gRPC call: /turboci.v1.TurboCIOrchestrator/QueryNodes
21:27:55 gRPC call: /turboci.v1.TurboCIOrchestrator/QueryNodes
21:27:55 gRPC call: /turboci.v1.TurboCIOrchestrator/QueryNodes
21:27:55 [diag] Stages: total=37 states=map[STAGE_STATE_ATTEMPTING:13 STAGE_STATE_FINAL:22 STAGE_STATE_PLANNED:2]
21:27:55 [diag] Non-final stages: 15 remaining (first 10: [stage:test:github.com/example/turboci-lite/cmd/ci/runners/collector stage:test:github.com/example/turboci-lite/cmd/ci/runners/common stage:test:github.com/example/turboci-lite/cmd/ci/runners/conditional stage:test:github.com/example/turboci-lite/cmd/ci/runners/materialize stage:test:github.com/example/turboci-lite/cmd/ci/runners/tester stage:test:github.com/example/turboci-lite/cmd/ci/runners/trigger stage:test:github.com/example/turboci-lite/cmd/ci/testing stage:test:github.com/example/turboci-lite/cmd/runner-example stage:test:github.com/example/turboci-lite/cmd/server stage:test:github.com/example/turboci-lite/cmd/culprit-finder])
21:27:55 gRPC call: /turboci.v1.TurboCIOrchestrator/QueryNodes
21:27:55 [diag] Checks: total=37 states=map[CHECK_STATE_FINAL:22 CHECK_STATE_PLANNING:15]
21:27:55 [diag] Non-final checks: 15 remaining (first 5: [

  id: test:github.com/example/turboci-lite/cmd/ci/runners/collector
  kind: test:github.com/example/turboci-lite/cmd/ci/runners/collector
 options: fields:{key:"dir" value:{string_value:"/Users/phobbs/Downloads/luci-go-refs_heads_main/turboci-lite/cmd/ci/runners/collector"}} fields:{key:"module" value:{string_value:"github.com/example/turboci-lite"}} fields:{key:"package" value:{string_value:"github.com/example/turboci-lite/cmd/ci/runners/collector"}}

  id: test:github.com/example/turboci-lite/cmd/ci/runners/common
  kind: test:github.com/example/turboci-lite/cmd/ci/runners/common
 options: fields:{key:"dir" value:{string_value:"/Users/phobbs/Downloads/luci-go-refs_heads_main/turboci-lite/cmd/ci/runners/common"}} fields:{key:"module" value:{string_value:"github.com/example/turboci-lite"}} fields:{key:"package" value:{string_value:"github.com/example/turboci-lite/cmd/ci/runners/common"}}

  id: test:github.com/example/turboci-lite/cmd/ci/runners/conditional
  kind: test:github.com/example/turboci-lite/cmd/ci/runners/conditional
 options: fields:{key:"dir" value:{string_value:"/Users/phobbs/Downloads/luci-go-refs_heads_main/turboci-lite/cmd/ci/runners/conditional"}} fields:{key:"module" value:{string_value:"github.com/example/turboci-lite"}} fields:{key:"package" value:{string_value:"github.com/example/turboci-lite/cmd/ci/runners/conditional"}}

  id: test:github.com/example/turboci-lite/cmd/ci/runners/materialize
  kind: test:github.com/example/turboci-lite/cmd/ci/runners/materialize
 options: fields:{key:"dir" value:{string_value:"/Users/phobbs/Downloads/luci-go-refs_heads_main/turboci-lite/cmd/ci/runners/materialize"}} fields:{key:"module" value:{string_value:"github.com/example/turboci-lite"}} fields:{key:"package" value:{string_value:"github.com/example/turboci-lite/cmd/ci/runners/materialize"}}

  id: test:github.com/example/turboci-lite/cmd/ci/runners/tester
  kind: test:github.com/example/turboci-lite/cmd/ci/runners/tester
 options: fields:{key:"dir" value:{string_value:"/Users/phobbs/Downloads/luci-go-refs_heads_main/turboci-lite/cmd/ci/runners/tester"}} fields:{key:"module" value:{string_value:"github.com/example/turboci-lite"}} fields:{key:"package" value:{string_value:"github.com/example/turboci-lite/cmd/ci/runners/tester"}}

  id: test:github.com/example/turboci-lite/cmd/ci/runners/trigger
  kind: test:github.com/example/turboci-lite/cmd/ci/runners/trigger
 options: fields:{key:"dir" value:{string_value:"/Users/phobbs/Downloads/luci-go-refs_heads_main/turboci-lite/cmd/ci/runners/trigger"}} fields:{key:"module" value:{string_value:"github.com/example/turboci-lite"}} fields:{key:"package" value:{string_value:"github.com/example/turboci-lite/cmd/ci/runners/trigger"}}

  id: test:github.com/example/turboci-lite/cmd/ci/testing
  kind: test:github.com/example/turboci-lite/cmd/ci/testing
 options: fields:{key:"dir" value:{string_value:"/Users/phobbs/Downloads/luci-go-refs_heads_main/turboci-lite/cmd/ci/testing"}} fields:{key:"module" value:{string_value:"github.com/example/turboci-lite"}} fields:{key:"package" value:{string_value:"github.com/example/turboci-lite/cmd/ci/testing"}}

  id: test:github.com/example/turboci-lite/cmd/runner-example
  kind: test:github.com/example/turboci-lite/cmd/runner-example
 options: fields:{key:"dir" value:{string_value:"/Users/phobbs/Downloads/luci-go-refs_heads_main/turboci-lite/cmd/runner-example"}} fields:{key:"module" value:{string_value:"github.com/example/turboci-lite"}} fields:{key:"package" value:{string_value:"github.com/example/turboci-lite/cmd/runner-example"}}

  id: test:github.com/example/turboci-lite/cmd/server
  kind: test:github.com/example/turboci-lite/cmd/server
 options: fields:{key:"dir" value:{string_value:"/Users/phobbs/Downloads/luci-go-refs_heads_main/turboci-lite/cmd/server"}} fields:{key:"module" value:{string_value:"github.com/example/turboci-lite"}} fields:{key:"package" value:{string_value:"github.com/example/turboci-lite/cmd/server"}}

  id: test:github.com/example/turboci-lite/cmd/culprit-finder
  kind: test:github.com/example/turboci-lite/cmd/culprit-finder
 options: fields:{key:"dir" value:{string_value:"/Users/phobbs/Downloads/luci-go-refs_heads_main/turboci-lite/cmd/culprit-finder"}} fields:{key:"module" value:{string_value:"github.com/example/turboci-lite/cmd/culprit-finder"}} fields:{key:"package" value:{string_value:"github.com/example/turboci-lite/cmd/culprit-finder"}}])
21:27:56 gRPC call: /turboci.v1.TurboCIOrchestrator/QueryNodes
21:27:57 gRPC call: /turboci.v1.TurboCIOrchestrator/QueryNodes
21:27:58 gRPC call: /turboci.v1.TurboCIOrchestrator/QueryNodes
21:27:59 gRPC call: /turboci.v1.TurboCIOrchestrator/QueryNodes
21:28:00 gRPC call: /turboci.v1.TurboCIOrchestrator/QueryNodes
21:28:00 gRPC call: /turboci.v1.TurboCIOrchestrator/QueryNodes
21:28:00 [diag] Stages: total=37 states=map[STAGE_STATE_ATTEMPTING:13 STAGE_STATE_FINAL:22 STAGE_STATE_PLANNED:2]
21:28:00 [diag] Non-final stages: 15 remaining (first 10: [stage:test:github.com/example/turboci-lite/cmd/ci/runners/collector stage:test:github.com/example/turboci-lite/cmd/ci/runners/common stage:test:github.com/example/turboci-lite/cmd/ci/runners/conditional stage:test:github.com/example/turboci-lite/cmd/ci/runners/materialize stage:test:github.com/example/turboci-lite/cmd/ci/runners/tester stage:test:github.com/example/turboci-lite/cmd/ci/runners/trigger stage:test:github.com/example/turboci-lite/cmd/ci/testing stage:test:github.com/example/turboci-lite/cmd/runner-example stage:test:github.com/example/turboci-lite/cmd/server stage:test:github.com/example/turboci-lite/cmd/culprit-finder])
21:28:00 gRPC call: /turboci.v1.TurboCIOrchestrator/QueryNodes
21:28:00 [diag] Checks: total=37 states=map[CHECK_STATE_FINAL:22 CHECK_STATE_PLANNING:15]
21:28:00 [diag] Non-final checks: 15 remaining (first 5: [

  id: test:github.com/example/turboci-lite/cmd/ci/runners/collector
  kind: test:github.com/example/turboci-lite/cmd/ci/runners/collector
 options: fields:{key:"dir" value:{string_value:"/Users/phobbs/Downloads/luci-go-refs_heads_main/turboci-lite/cmd/ci/runners/collector"}} fields:{key:"module" value:{string_value:"github.com/example/turboci-lite"}} fields:{key:"package" value:{string_value:"github.com/example/turboci-lite/cmd/ci/runners/collector"}}

  id: test:github.com/example/turboci-lite/cmd/ci/runners/common
  kind: test:github.com/example/turboci-lite/cmd/ci/runners/common
 options: fields:{key:"dir" value:{string_value:"/Users/phobbs/Downloads/luci-go-refs_heads_main/turboci-lite/cmd/ci/runners/common"}} fields:{key:"module" value:{string_value:"github.com/example/turboci-lite"}} fields:{key:"package" value:{string_value:"github.com/example/turboci-lite/cmd/ci/runners/common"}}

  id: test:github.com/example/turboci-lite/cmd/ci/runners/conditional
  kind: test:github.com/example/turboci-lite/cmd/ci/runners/conditional
 options: fields:{key:"dir" value:{string_value:"/Users/phobbs/Downloads/luci-go-refs_heads_main/turboci-lite/cmd/ci/runners/conditional"}} fields:{key:"module" value:{string_value:"github.com/example/turboci-lite"}} fields:{key:"package" value:{string_value:"github.com/example/turboci-lite/cmd/ci/runners/conditional"}}

  id: test:github.com/example/turboci-lite/cmd/ci/runners/materialize
  kind: test:github.com/example/turboci-lite/cmd/ci/runners/materialize
 options: fields:{key:"dir" value:{string_value:"/Users/phobbs/Downloads/luci-go-refs_heads_main/turboci-lite/cmd/ci/runners/materialize"}} fields:{key:"module" value:{string_value:"github.com/example/turboci-lite"}} fields:{key:"package" value:{string_value:"github.com/example/turboci-lite/cmd/ci/runners/materialize"}}

  id: test:github.com/example/turboci-lite/cmd/ci/runners/tester
  kind: test:github.com/example/turboci-lite/cmd/ci/runners/tester
 options: fields:{key:"dir" value:{string_value:"/Users/phobbs/Downloads/luci-go-refs_heads_main/turboci-lite/cmd/ci/runners/tester"}} fields:{key:"module" value:{string_value:"github.com/example/turboci-lite"}} fields:{key:"package" value:{string_value:"github.com/example/turboci-lite/cmd/ci/runners/tester"}}

  id: test:github.com/example/turboci-lite/cmd/ci/runners/trigger
  kind: test:github.com/example/turboci-lite/cmd/ci/runners/trigger
 options: fields:{key:"dir" value:{string_value:"/Users/phobbs/Downloads/luci-go-refs_heads_main/turboci-lite/cmd/ci/runners/trigger"}} fields:{key:"module" value:{string_value:"github.com/example/turboci-lite"}} fields:{key:"package" value:{string_value:"github.com/example/turboci-lite/cmd/ci/runners/trigger"}}

  id: test:github.com/example/turboci-lite/cmd/ci/testing
  kind: test:github.com/example/turboci-lite/cmd/ci/testing
 options: fields:{key:"dir" value:{string_value:"/Users/phobbs/Downloads/luci-go-refs_heads_main/turboci-lite/cmd/ci/testing"}} fields:{key:"module" value:{string_value:"github.com/example/turboci-lite"}} fields:{key:"package" value:{string_value:"github.com/example/turboci-lite/cmd/ci/testing"}}

  id: test:github.com/example/turboci-lite/cmd/runner-example
  kind: test:github.com/example/turboci-lite/cmd/runner-example
 options: fields:{key:"dir" value:{string_value:"/Users/phobbs/Downloads/luci-go-refs_heads_main/turboci-lite/cmd/runner-example"}} fields:{key:"module" value:{string_value:"github.com/example/turboci-lite"}} fields:{key:"package" value:{string_value:"github.com/example/turboci-lite/cmd/runner-example"}}

  id: test:github.com/example/turboci-lite/cmd/server
  kind: test:github.com/example/turboci-lite/cmd/server
 options: fields:{key:"dir" value:{string_value:"/Users/phobbs/Downloads/luci-go-refs_heads_main/turboci-lite/cmd/server"}} fields:{key:"module" value:{string_value:"github.com/example/turboci-lite"}} fields:{key:"package" value:{string_value:"github.com/example/turboci-lite/cmd/server"}}

  id: test:github.com/example/turboci-lite/cmd/culprit-finder
  kind: test:github.com/example/turboci-lite/cmd/culprit-finder
 options: fields:{key:"dir" value:{string_value:"/Users/phobbs/Downloads/luci-go-refs_heads_main/turboci-lite/cmd/culprit-finder"}} fields:{key:"module" value:{string_value:"github.com/example/turboci-lite/cmd/culprit-finder"}} fields:{key:"package" value:{string_value:"github.com/example/turboci-lite/cmd/culprit-finder"}}])
21:28:01 gRPC call: /turboci.v1.TurboCIOrchestrator/QueryNodes
21:28:02 gRPC call: /turboci.v1.TurboCIOrchestrator/QueryNodes
21:28:03 gRPC call: /turboci.v1.TurboCIOrchestrator/QueryNodes
21:28:04 gRPC call: /turboci.v1.TurboCIOrchestrator/QueryNodes
21:28:05 gRPC call: /turboci.v1.TurboCIOrchestrator/QueryNodes
21:28:05 gRPC call: /turboci.v1.TurboCIOrchestrator/QueryNodes
21:28:05 [diag] Stages: total=37 states=map[STAGE_STATE_ATTEMPTING:13 STAGE_STATE_FINAL:22 STAGE_STATE_PLANNED:2]
21:28:05 [diag] Non-final stages: 15 remaining (first 10: [stage:test:github.com/example/turboci-lite/cmd/ci/runners/collector stage:test:github.com/example/turboci-lite/cmd/ci/runners/common stage:test:github.com/example/turboci-lite/cmd/ci/runners/conditional stage:test:github.com/example/turboci-lite/cmd/ci/runners/materialize stage:test:github.com/example/turboci-lite/cmd/ci/runners/tester stage:test:github.com/example/turboci-lite/cmd/ci/runners/trigger stage:test:github.com/example/turboci-lite/cmd/ci/testing stage:test:github.com/example/turboci-lite/cmd/runner-example stage:test:github.com/example/turboci-lite/cmd/server stage:test:github.com/example/turboci-lite/cmd/culprit-finder])
21:28:05 gRPC call: /turboci.v1.TurboCIOrchestrator/QueryNodes
21:28:05 [diag] Checks: total=37 states=map[CHECK_STATE_FINAL:22 CHECK_STATE_PLANNING:15]
21:28:05 [diag] Non-final checks: 15 remaining (first 5: [

  id: test:github.com/example/turboci-lite/cmd/ci/runners/collector
  kind: test:github.com/example/turboci-lite/cmd/ci/runners/collector
 options: fields:{key:"dir" value:{string_value:"/Users/phobbs/Downloads/luci-go-refs_heads_main/turboci-lite/cmd/ci/runners/collector"}} fields:{key:"module" value:{string_value:"github.com/example/turboci-lite"}} fields:{key:"package" value:{string_value:"github.com/example/turboci-lite/cmd/ci/runners/collector"}}

  id: test:github.com/example/turboci-lite/cmd/ci/runners/common
  kind: test:github.com/example/turboci-lite/cmd/ci/runners/common
 options: fields:{key:"dir" value:{string_value:"/Users/phobbs/Downloads/luci-go-refs_heads_main/turboci-lite/cmd/ci/runners/common"}} fields:{key:"module" value:{string_value:"github.com/example/turboci-lite"}} fields:{key:"package" value:{string_value:"github.com/example/turboci-lite/cmd/ci/runners/common"}}

  id: test:github.com/example/turboci-lite/cmd/ci/runners/conditional
  kind: test:github.com/example/turboci-lite/cmd/ci/runners/conditional
 options: fields:{key:"dir" value:{string_value:"/Users/phobbs/Downloads/luci-go-refs_heads_main/turboci-lite/cmd/ci/runners/conditional"}} fields:{key:"module" value:{string_value:"github.com/example/turboci-lite"}} fields:{key:"package" value:{string_value:"github.com/example/turboci-lite/cmd/ci/runners/conditional"}}

  id: test:github.com/example/turboci-lite/cmd/ci/runners/materialize
  kind: test:github.com/example/turboci-lite/cmd/ci/runners/materialize
 options: fields:{key:"dir" value:{string_value:"/Users/phobbs/Downloads/luci-go-refs_heads_main/turboci-lite/cmd/ci/runners/materialize"}} fields:{key:"module" value:{string_value:"github.com/example/turboci-lite"}} fields:{key:"package" value:{string_value:"github.com/example/turboci-lite/cmd/ci/runners/materialize"}}

  id: test:github.com/example/turboci-lite/cmd/ci/runners/tester
  kind: test:github.com/example/turboci-lite/cmd/ci/runners/tester
 options: fields:{key:"dir" value:{string_value:"/Users/phobbs/Downloads/luci-go-refs_heads_main/turboci-lite/cmd/ci/runners/tester"}} fields:{key:"module" value:{string_value:"github.com/example/turboci-lite"}} fields:{key:"package" value:{string_value:"github.com/example/turboci-lite/cmd/ci/runners/tester"}}

  id: test:github.com/example/turboci-lite/cmd/ci/runners/trigger
  kind: test:github.com/example/turboci-lite/cmd/ci/runners/trigger
 options: fields:{key:"dir" value:{string_value:"/Users/phobbs/Downloads/luci-go-refs_heads_main/turboci-lite/cmd/ci/runners/trigger"}} fields:{key:"module" value:{string_value:"github.com/example/turboci-lite"}} fields:{key:"package" value:{string_value:"github.com/example/turboci-lite/cmd/ci/runners/trigger"}}

  id: test:github.com/example/turboci-lite/cmd/ci/testing
  kind: test:github.com/example/turboci-lite/cmd/ci/testing
 options: fields:{key:"dir" value:{string_value:"/Users/phobbs/Downloads/luci-go-refs_heads_main/turboci-lite/cmd/ci/testing"}} fields:{key:"module" value:{string_value:"github.com/example/turboci-lite"}} fields:{key:"package" value:{string_value:"github.com/example/turboci-lite/cmd/ci/testing"}}

  id: test:github.com/example/turboci-lite/cmd/runner-example
  kind: test:github.com/example/turboci-lite/cmd/runner-example
 options: fields:{key:"dir" value:{string_value:"/Users/phobbs/Downloads/luci-go-refs_heads_main/turboci-lite/cmd/runner-example"}} fields:{key:"module" value:{string_value:"github.com/example/turboci-lite"}} fields:{key:"package" value:{string_value:"github.com/example/turboci-lite/cmd/runner-example"}}

  id: test:github.com/example/turboci-lite/cmd/server
  kind: test:github.com/example/turboci-lite/cmd/server
 options: fields:{key:"dir" value:{string_value:"/Users/phobbs/Downloads/luci-go-refs_heads_main/turboci-lite/cmd/server"}} fields:{key:"module" value:{string_value:"github.com/example/turboci-lite"}} fields:{key:"package" value:{string_value:"github.com/example/turboci-lite/cmd/server"}}

  id: test:github.com/example/turboci-lite/cmd/culprit-finder
  kind: test:github.com/example/turboci-lite/cmd/culprit-finder
 options: fields:{key:"dir" value:{string_value:"/Users/phobbs/Downloads/luci-go-refs_heads_main/turboci-lite/cmd/culprit-finder"}} fields:{key:"module" value:{string_value:"github.com/example/turboci-lite/cmd/culprit-finder"}} fields:{key:"package" value:{string_value:"github.com/example/turboci-lite/cmd/culprit-finder"}}])
21:28:06 gRPC call: /turboci.v1.TurboCIOrchestrator/QueryNodes
21:28:07 gRPC call: /turboci.v1.TurboCIOrchestrator/QueryNodes
21:28:08 gRPC call: /turboci.v1.TurboCIOrchestrator/QueryNodes
21:28:09 gRPC call: /turboci.v1.TurboCIOrchestrator/QueryNodes
21:28:10 gRPC call: /turboci.v1.TurboCIOrchestrator/QueryNodes
21:28:10 gRPC call: /turboci.v1.TurboCIOrchestrator/QueryNodes
21:28:10 [diag] Stages: total=37 states=map[STAGE_STATE_ATTEMPTING:13 STAGE_STATE_FINAL:22 STAGE_STATE_PLANNED:2]
21:28:10 [diag] Non-final stages: 15 remaining (first 10: [stage:test:github.com/example/turboci-lite/cmd/ci/runners/collector stage:test:github.com/example/turboci-lite/cmd/ci/runners/common stage:test:github.com/example/turboci-lite/cmd/ci/runners/conditional stage:test:github.com/example/turboci-lite/cmd/ci/runners/materialize stage:test:github.com/example/turboci-lite/cmd/ci/runners/tester stage:test:github.com/example/turboci-lite/cmd/ci/runners/trigger stage:test:github.com/example/turboci-lite/cmd/ci/testing stage:test:github.com/example/turboci-lite/cmd/runner-example stage:test:github.com/example/turboci-lite/cmd/server stage:test:github.com/example/turboci-lite/cmd/culprit-finder])
21:28:10 gRPC call: /turboci.v1.TurboCIOrchestrator/QueryNodes
21:28:10 [diag] Checks: total=37 states=map[CHECK_STATE_FINAL:22 CHECK_STATE_PLANNING:15]
21:28:10 [diag] Non-final checks: 15 remaining (first 5: [

  id: test:github.com/example/turboci-lite/cmd/ci/runners/collector
  kind: test:github.com/example/turboci-lite/cmd/ci/runners/collector
 options: fields:{key:"dir" value:{string_value:"/Users/phobbs/Downloads/luci-go-refs_heads_main/turboci-lite/cmd/ci/runners/collector"}} fields:{key:"module" value:{string_value:"github.com/example/turboci-lite"}} fields:{key:"package" value:{string_value:"github.com/example/turboci-lite/cmd/ci/runners/collector"}}

  id: test:github.com/example/turboci-lite/cmd/ci/runners/common
  kind: test:github.com/example/turboci-lite/cmd/ci/runners/common
 options: fields:{key:"dir" value:{string_value:"/Users/phobbs/Downloads/luci-go-refs_heads_main/turboci-lite/cmd/ci/runners/common"}} fields:{key:"module" value:{string_value:"github.com/example/turboci-lite"}} fields:{key:"package" value:{string_value:"github.com/example/turboci-lite/cmd/ci/runners/common"}}

  id: test:github.com/example/turboci-lite/cmd/ci/runners/conditional
  kind: test:github.com/example/turboci-lite/cmd/ci/runners/conditional
 options: fields:{key:"dir" value:{string_value:"/Users/phobbs/Downloads/luci-go-refs_heads_main/turboci-lite/cmd/ci/runners/conditional"}} fields:{key:"module" value:{string_value:"github.com/example/turboci-lite"}} fields:{key:"package" value:{string_value:"github.com/example/turboci-lite/cmd/ci/runners/conditional"}}

  id: test:github.com/example/turboci-lite/cmd/ci/runners/materialize
  kind: test:github.com/example/turboci-lite/cmd/ci/runners/materialize
 options: fields:{key:"dir" value:{string_value:"/Users/phobbs/Downloads/luci-go-refs_heads_main/turboci-lite/cmd/ci/runners/materialize"}} fields:{key:"module" value:{string_value:"github.com/example/turboci-lite"}} fields:{key:"package" value:{string_value:"github.com/example/turboci-lite/cmd/ci/runners/materialize"}}

  id: test:github.com/example/turboci-lite/cmd/ci/runners/tester
  kind: test:github.com/example/turboci-lite/cmd/ci/runners/tester
 options: fields:{key:"dir" value:{string_value:"/Users/phobbs/Downloads/luci-go-refs_heads_main/turboci-lite/cmd/ci/runners/tester"}} fields:{key:"module" value:{string_value:"github.com/example/turboci-lite"}} fields:{key:"package" value:{string_value:"github.com/example/turboci-lite/cmd/ci/runners/tester"}}

  id: test:github.com/example/turboci-lite/cmd/ci/runners/trigger
  kind: test:github.com/example/turboci-lite/cmd/ci/runners/trigger
 options: fields:{key:"dir" value:{string_value:"/Users/phobbs/Downloads/luci-go-refs_heads_main/turboci-lite/cmd/ci/runners/trigger"}} fields:{key:"module" value:{string_value:"github.com/example/turboci-lite"}} fields:{key:"package" value:{string_value:"github.com/example/turboci-lite/cmd/ci/runners/trigger"}}

  id: test:github.com/example/turboci-lite/cmd/ci/testing
  kind: test:github.com/example/turboci-lite/cmd/ci/testing
 options: fields:{key:"dir" value:{string_value:"/Users/phobbs/Downloads/luci-go-refs_heads_main/turboci-lite/cmd/ci/testing"}} fields:{key:"module" value:{string_value:"github.com/example/turboci-lite"}} fields:{key:"package" value:{string_value:"github.com/example/turboci-lite/cmd/ci/testing"}}

  id: test:github.com/example/turboci-lite/cmd/runner-example
  kind: test:github.com/example/turboci-lite/cmd/runner-example
 options: fields:{key:"dir" value:{string_value:"/Users/phobbs/Downloads/luci-go-refs_heads_main/turboci-lite/cmd/runner-example"}} fields:{key:"module" value:{string_value:"github.com/example/turboci-lite"}} fields:{key:"package" value:{string_value:"github.com/example/turboci-lite/cmd/runner-example"}}

  id: test:github.com/example/turboci-lite/cmd/server
  kind: test:github.com/example/turboci-lite/cmd/server
 options: fields:{key:"dir" value:{string_value:"/Users/phobbs/Downloads/luci-go-refs_heads_main/turboci-lite/cmd/server"}} fields:{key:"module" value:{string_value:"github.com/example/turboci-lite"}} fields:{key:"package" value:{string_value:"github.com/example/turboci-lite/cmd/server"}}

  id: test:github.com/example/turboci-lite/cmd/culprit-finder
  kind: test:github.com/example/turboci-lite/cmd/culprit-finder
 options: fields:{key:"dir" value:{string_value:"/Users/phobbs/Downloads/luci-go-refs_heads_main/turboci-lite/cmd/culprit-finder"}} fields:{key:"module" value:{string_value:"github.com/example/turboci-lite/cmd/culprit-finder"}} fields:{key:"package" value:{string_value:"github.com/example/turboci-lite/cmd/culprit-finder"}}])
21:28:11 gRPC call: /turboci.v1.TurboCIOrchestrator/QueryNodes
21:28:12 gRPC call: /turboci.v1.TurboCIOrchestrator/QueryNodes
21:28:13 gRPC call: /turboci.v1.TurboCIOrchestrator/QueryNodes
21:28:14 gRPC call: /turboci.v1.TurboCIOrchestrator/QueryNodes
21:28:15 gRPC call: /turboci.v1.TurboCIOrchestrator/QueryNodes
21:28:15 gRPC call: /turboci.v1.TurboCIOrchestrator/QueryNodes
21:28:15 [diag] Stages: total=37 states=map[STAGE_STATE_ATTEMPTING:13 STAGE_STATE_FINAL:22 STAGE_STATE_PLANNED:2]
21:28:15 [diag] Non-final stages: 15 remaining (first 10: [stage:test:github.com/example/turboci-lite/cmd/ci/runners/collector stage:test:github.com/example/turboci-lite/cmd/ci/runners/common stage:test:github.com/example/turboci-lite/cmd/ci/runners/conditional stage:test:github.com/example/turboci-lite/cmd/ci/runners/materialize stage:test:github.com/example/turboci-lite/cmd/ci/runners/tester stage:test:github.com/example/turboci-lite/cmd/ci/runners/trigger stage:test:github.com/example/turboci-lite/cmd/ci/testing stage:test:github.com/example/turboci-lite/cmd/runner-example stage:test:github.com/example/turboci-lite/cmd/server stage:test:github.com/example/turboci-lite/cmd/culprit-finder])
21:28:15 gRPC call: /turboci.v1.TurboCIOrchestrator/QueryNodes
21:28:15 [diag] Checks: total=37 states=map[CHECK_STATE_FINAL:22 CHECK_STATE_PLANNING:15]
21:28:15 [diag] Non-final checks: 15 remaining (first 5: [

  id: test:github.com/example/turboci-lite/cmd/ci/runners/collector
  kind: test:github.com/example/turboci-lite/cmd/ci/runners/collector
 options: fields:{key:"dir" value:{string_value:"/Users/phobbs/Downloads/luci-go-refs_heads_main/turboci-lite/cmd/ci/runners/collector"}} fields:{key:"module" value:{string_value:"github.com/example/turboci-lite"}} fields:{key:"package" value:{string_value:"github.com/example/turboci-lite/cmd/ci/runners/collector"}}

  id: test:github.com/example/turboci-lite/cmd/ci/runners/common
  kind: test:github.com/example/turboci-lite/cmd/ci/runners/common
 options: fields:{key:"dir" value:{string_value:"/Users/phobbs/Downloads/luci-go-refs_heads_main/turboci-lite/cmd/ci/runners/common"}} fields:{key:"module" value:{string_value:"github.com/example/turboci-lite"}} fields:{key:"package" value:{string_value:"github.com/example/turboci-lite/cmd/ci/runners/common"}}

  id: test:github.com/example/turboci-lite/cmd/ci/runners/conditional
  kind: test:github.com/example/turboci-lite/cmd/ci/runners/conditional
 options: fields:{key:"dir" value:{string_value:"/Users/phobbs/Downloads/luci-go-refs_heads_main/turboci-lite/cmd/ci/runners/conditional"}} fields:{key:"module" value:{string_value:"github.com/example/turboci-lite"}} fields:{key:"package" value:{string_value:"github.com/example/turboci-lite/cmd/ci/runners/conditional"}}

  id: test:github.com/example/turboci-lite/cmd/ci/runners/materialize
  kind: test:github.com/example/turboci-lite/cmd/ci/runners/materialize
 options: fields:{key:"dir" value:{string_value:"/Users/phobbs/Downloads/luci-go-refs_heads_main/turboci-lite/cmd/ci/runners/materialize"}} fields:{key:"module" value:{string_value:"github.com/example/turboci-lite"}} fields:{key:"package" value:{string_value:"github.com/example/turboci-lite/cmd/ci/runners/materialize"}}

  id: test:github.com/example/turboci-lite/cmd/ci/runners/tester
  kind: test:github.com/example/turboci-lite/cmd/ci/runners/tester
 options: fields:{key:"dir" value:{string_value:"/Users/phobbs/Downloads/luci-go-refs_heads_main/turboci-lite/cmd/ci/runners/tester"}} fields:{key:"module" value:{string_value:"github.com/example/turboci-lite"}} fields:{key:"package" value:{string_value:"github.com/example/turboci-lite/cmd/ci/runners/tester"}}

  id: test:github.com/example/turboci-lite/cmd/ci/runners/trigger
  kind: test:github.com/example/turboci-lite/cmd/ci/runners/trigger
 options: fields:{key:"dir" value:{string_value:"/Users/phobbs/Downloads/luci-go-refs_heads_main/turboci-lite/cmd/ci/runners/trigger"}} fields:{key:"module" value:{string_value:"github.com/example/turboci-lite"}} fields:{key:"package" value:{string_value:"github.com/example/turboci-lite/cmd/ci/runners/trigger"}}

  id: test:github.com/example/turboci-lite/cmd/ci/testing
  kind: test:github.com/example/turboci-lite/cmd/ci/testing
 options: fields:{key:"dir" value:{string_value:"/Users/phobbs/Downloads/luci-go-refs_heads_main/turboci-lite/cmd/ci/testing"}} fields:{key:"module" value:{string_value:"github.com/example/turboci-lite"}} fields:{key:"package" value:{string_value:"github.com/example/turboci-lite/cmd/ci/testing"}}

  id: test:github.com/example/turboci-lite/cmd/runner-example
  kind: test:github.com/example/turboci-lite/cmd/runner-example
 options: fields:{key:"dir" value:{string_value:"/Users/phobbs/Downloads/luci-go-refs_heads_main/turboci-lite/cmd/runner-example"}} fields:{key:"module" value:{string_value:"github.com/example/turboci-lite"}} fields:{key:"package" value:{string_value:"github.com/example/turboci-lite/cmd/runner-example"}}

  id: test:github.com/example/turboci-lite/cmd/server
  kind: test:github.com/example/turboci-lite/cmd/server
 options: fields:{key:"dir" value:{string_value:"/Users/phobbs/Downloads/luci-go-refs_heads_main/turboci-lite/cmd/server"}} fields:{key:"module" value:{string_value:"github.com/example/turboci-lite"}} fields:{key:"package" value:{string_value:"github.com/example/turboci-lite/cmd/server"}}

  id: test:github.com/example/turboci-lite/cmd/culprit-finder
  kind: test:github.com/example/turboci-lite/cmd/culprit-finder
 options: fields:{key:"dir" value:{string_value:"/Users/phobbs/Downloads/luci-go-refs_heads_main/turboci-lite/cmd/culprit-finder"}} fields:{key:"module" value:{string_value:"github.com/example/turboci-lite/cmd/culprit-finder"}} fields:{key:"package" value:{string_value:"github.com/example/turboci-lite/cmd/culprit-finder"}}])
21:28:16 gRPC call: /turboci.v1.TurboCIOrchestrator/QueryNodes
21:28:17 gRPC call: /turboci.v1.TurboCIOrchestrator/QueryNodes
21:28:18 gRPC call: /turboci.v1.TurboCIOrchestrator/QueryNodes
21:28:19 gRPC call: /turboci.v1.TurboCIOrchestrator/QueryNodes
21:28:20 gRPC call: /turboci.v1.TurboCIOrchestrator/QueryNodes
21:28:20 gRPC call: /turboci.v1.TurboCIOrchestrator/QueryNodes
21:28:20 [diag] Stages: total=37 states=map[STAGE_STATE_ATTEMPTING:13 STAGE_STATE_FINAL:22 STAGE_STATE_PLANNED:2]
21:28:20 [diag] Non-final stages: 15 remaining (first 10: [stage:test:github.com/example/turboci-lite/cmd/ci/runners/collector stage:test:github.com/example/turboci-lite/cmd/ci/runners/common stage:test:github.com/example/turboci-lite/cmd/ci/runners/conditional stage:test:github.com/example/turboci-lite/cmd/ci/runners/materialize stage:test:github.com/example/turboci-lite/cmd/ci/runners/tester stage:test:github.com/example/turboci-lite/cmd/ci/runners/trigger stage:test:github.com/example/turboci-lite/cmd/ci/testing stage:test:github.com/example/turboci-lite/cmd/runner-example stage:test:github.com/example/turboci-lite/cmd/server stage:test:github.com/example/turboci-lite/cmd/culprit-finder])
21:28:20 gRPC call: /turboci.v1.TurboCIOrchestrator/QueryNodes
21:28:20 [diag] Checks: total=37 states=map[CHECK_STATE_FINAL:22 CHECK_STATE_PLANNING:15]
21:28:20 [diag] Non-final checks: 15 remaining (first 5: [

  id: test:github.com/example/turboci-lite/cmd/ci/runners/collector
  kind: test:github.com/example/turboci-lite/cmd/ci/runners/collector
 options: fields:{key:"dir" value:{string_value:"/Users/phobbs/Downloads/luci-go-refs_heads_main/turboci-lite/cmd/ci/runners/collector"}} fields:{key:"module" value:{string_value:"github.com/example/turboci-lite"}} fields:{key:"package" value:{string_value:"github.com/example/turboci-lite/cmd/ci/runners/collector"}}

  id: test:github.com/example/turboci-lite/cmd/ci/runners/common
  kind: test:github.com/example/turboci-lite/cmd/ci/runners/common
 options: fields:{key:"dir" value:{string_value:"/Users/phobbs/Downloads/luci-go-refs_heads_main/turboci-lite/cmd/ci/runners/common"}} fields:{key:"module" value:{string_value:"github.com/example/turboci-lite"}} fields:{key:"package" value:{string_value:"github.com/example/turboci-lite/cmd/ci/runners/common"}}

  id: test:github.com/example/turboci-lite/cmd/ci/runners/conditional
  kind: test:github.com/example/turboci-lite/cmd/ci/runners/conditional
 options: fields:{key:"dir" value:{string_value:"/Users/phobbs/Downloads/luci-go-refs_heads_main/turboci-lite/cmd/ci/runners/conditional"}} fields:{key:"module" value:{string_value:"github.com/example/turboci-lite"}} fields:{key:"package" value:{string_value:"github.com/example/turboci-lite/cmd/ci/runners/conditional"}}

  id: test:github.com/example/turboci-lite/cmd/ci/runners/materialize
  kind: test:github.com/example/turboci-lite/cmd/ci/runners/materialize
 options: fields:{key:"dir" value:{string_value:"/Users/phobbs/Downloads/luci-go-refs_heads_main/turboci-lite/cmd/ci/runners/materialize"}} fields:{key:"module" value:{string_value:"github.com/example/turboci-lite"}} fields:{key:"package" value:{string_value:"github.com/example/turboci-lite/cmd/ci/runners/materialize"}}

  id: test:github.com/example/turboci-lite/cmd/ci/runners/tester
  kind: test:github.com/example/turboci-lite/cmd/ci/runners/tester
 options: fields:{key:"dir" value:{string_value:"/Users/phobbs/Downloads/luci-go-refs_heads_main/turboci-lite/cmd/ci/runners/tester"}} fields:{key:"module" value:{string_value:"github.com/example/turboci-lite"}} fields:{key:"package" value:{string_value:"github.com/example/turboci-lite/cmd/ci/runners/tester"}}

  id: test:github.com/example/turboci-lite/cmd/ci/runners/trigger
  kind: test:github.com/example/turboci-lite/cmd/ci/runners/trigger
 options: fields:{key:"dir" value:{string_value:"/Users/phobbs/Downloads/luci-go-refs_heads_main/turboci-lite/cmd/ci/runners/trigger"}} fields:{key:"module" value:{string_value:"github.com/example/turboci-lite"}} fields:{key:"package" value:{string_value:"github.com/example/turboci-lite/cmd/ci/runners/trigger"}}

  id: test:github.com/example/turboci-lite/cmd/ci/testing
  kind: test:github.com/example/turboci-lite/cmd/ci/testing
 options: fields:{key:"dir" value:{string_value:"/Users/phobbs/Downloads/luci-go-refs_heads_main/turboci-lite/cmd/ci/testing"}} fields:{key:"module" value:{string_value:"github.com/example/turboci-lite"}} fields:{key:"package" value:{string_value:"github.com/example/turboci-lite/cmd/ci/testing"}}

  id: test:github.com/example/turboci-lite/cmd/runner-example
  kind: test:github.com/example/turboci-lite/cmd/runner-example
 options: fields:{key:"dir" value:{string_value:"/Users/phobbs/Downloads/luci-go-refs_heads_main/turboci-lite/cmd/runner-example"}} fields:{key:"module" value:{string_value:"github.com/example/turboci-lite"}} fields:{key:"package" value:{string_value:"github.com/example/turboci-lite/cmd/runner-example"}}

  id: test:github.com/example/turboci-lite/cmd/server
  kind: test:github.com/example/turboci-lite/cmd/server
 options: fields:{key:"dir" value:{string_value:"/Users/phobbs/Downloads/luci-go-refs_heads_main/turboci-lite/cmd/server"}} fields:{key:"module" value:{string_value:"github.com/example/turboci-lite"}} fields:{key:"package" value:{string_value:"github.com/example/turboci-lite/cmd/server"}}

  id: test:github.com/example/turboci-lite/cmd/culprit-finder
  kind: test:github.com/example/turboci-lite/cmd/culprit-finder
 options: fields:{key:"dir" value:{string_value:"/Users/phobbs/Downloads/luci-go-refs_heads_main/turboci-lite/cmd/culprit-finder"}} fields:{key:"module" value:{string_value:"github.com/example/turboci-lite/cmd/culprit-finder"}} fields:{key:"package" value:{string_value:"github.com/example/turboci-lite/cmd/culprit-finder"}}])
21:28:21 gRPC call: /turboci.v1.TurboCIOrchestrator/QueryNodes
21:28:22 gRPC call: /turboci.v1.TurboCIOrchestrator/QueryNodes
21:28:23 gRPC call: /turboci.v1.TurboCIOrchestrator/QueryNodes
21:28:24 gRPC call: /turboci.v1.TurboCIOrchestrator/QueryNodes
21:28:25 gRPC call: /turboci.v1.TurboCIOrchestrator/QueryNodes
21:28:25 gRPC call: /turboci.v1.TurboCIOrchestrator/QueryNodes
21:28:25 [diag] Stages: total=37 states=map[STAGE_STATE_ATTEMPTING:13 STAGE_STATE_FINAL:22 STAGE_STATE_PLANNED:2]
21:28:25 [diag] Non-final stages: 15 remaining (first 10: [stage:test:github.com/example/turboci-lite/cmd/ci/runners/collector stage:test:github.com/example/turboci-lite/cmd/ci/runners/common stage:test:github.com/example/turboci-lite/cmd/ci/runners/conditional stage:test:github.com/example/turboci-lite/cmd/ci/runners/materialize stage:test:github.com/example/turboci-lite/cmd/ci/runners/tester stage:test:github.com/example/turboci-lite/cmd/ci/runners/trigger stage:test:github.com/example/turboci-lite/cmd/ci/testing stage:test:github.com/example/turboci-lite/cmd/runner-example stage:test:github.com/example/turboci-lite/cmd/server stage:test:github.com/example/turboci-lite/cmd/culprit-finder])
21:28:25 gRPC call: /turboci.v1.TurboCIOrchestrator/QueryNodes
21:28:25 [diag] Checks: total=37 states=map[CHECK_STATE_FINAL:22 CHECK_STATE_PLANNING:15]
21:28:25 [diag] Non-final checks: 15 remaining (first 5: [

  id: test:github.com/example/turboci-lite/cmd/ci/runners/collector
  kind: test:github.com/example/turboci-lite/cmd/ci/runners/collector
 options: fields:{key:"dir" value:{string_value:"/Users/phobbs/Downloads/luci-go-refs_heads_main/turboci-lite/cmd/ci/runners/collector"}} fields:{key:"module" value:{string_value:"github.com/example/turboci-lite"}} fields:{key:"package" value:{string_value:"github.com/example/turboci-lite/cmd/ci/runners/collector"}}

  id: test:github.com/example/turboci-lite/cmd/ci/runners/common
  kind: test:github.com/example/turboci-lite/cmd/ci/runners/common
 options: fields:{key:"dir" value:{string_value:"/Users/phobbs/Downloads/luci-go-refs_heads_main/turboci-lite/cmd/ci/runners/common"}} fields:{key:"module" value:{string_value:"github.com/example/turboci-lite"}} fields:{key:"package" value:{string_value:"github.com/example/turboci-lite/cmd/ci/runners/common"}}

  id: test:github.com/example/turboci-lite/cmd/ci/runners/conditional
  kind: test:github.com/example/turboci-lite/cmd/ci/runners/conditional
 options: fields:{key:"dir" value:{string_value:"/Users/phobbs/Downloads/luci-go-refs_heads_main/turboci-lite/cmd/ci/runners/conditional"}} fields:{key:"module" value:{string_value:"github.com/example/turboci-lite"}} fields:{key:"package" value:{string_value:"github.com/example/turboci-lite/cmd/ci/runners/conditional"}}

  id: test:github.com/example/turboci-lite/cmd/ci/runners/materialize
  kind: test:github.com/example/turboci-lite/cmd/ci/runners/materialize
 options: fields:{key:"dir" value:{string_value:"/Users/phobbs/Downloads/luci-go-refs_heads_main/turboci-lite/cmd/ci/runners/materialize"}} fields:{key:"module" value:{string_value:"github.com/example/turboci-lite"}} fields:{key:"package" value:{string_value:"github.com/example/turboci-lite/cmd/ci/runners/materialize"}}

  id: test:github.com/example/turboci-lite/cmd/ci/runners/tester
  kind: test:github.com/example/turboci-lite/cmd/ci/runners/tester
 options: fields:{key:"dir" value:{string_value:"/Users/phobbs/Downloads/luci-go-refs_heads_main/turboci-lite/cmd/ci/runners/tester"}} fields:{key:"module" value:{string_value:"github.com/example/turboci-lite"}} fields:{key:"package" value:{string_value:"github.com/example/turboci-lite/cmd/ci/runners/tester"}}

  id: test:github.com/example/turboci-lite/cmd/ci/runners/trigger
  kind: test:github.com/example/turboci-lite/cmd/ci/runners/trigger
 options: fields:{key:"dir" value:{string_value:"/Users/phobbs/Downloads/luci-go-refs_heads_main/turboci-lite/cmd/ci/runners/trigger"}} fields:{key:"module" value:{string_value:"github.com/example/turboci-lite"}} fields:{key:"package" value:{string_value:"github.com/example/turboci-lite/cmd/ci/runners/trigger"}}

  id: test:github.com/example/turboci-lite/cmd/ci/testing
  kind: test:github.com/example/turboci-lite/cmd/ci/testing
 options: fields:{key:"dir" value:{string_value:"/Users/phobbs/Downloads/luci-go-refs_heads_main/turboci-lite/cmd/ci/testing"}} fields:{key:"module" value:{string_value:"github.com/example/turboci-lite"}} fields:{key:"package" value:{string_value:"github.com/example/turboci-lite/cmd/ci/testing"}}

  id: test:github.com/example/turboci-lite/cmd/runner-example
  kind: test:github.com/example/turboci-lite/cmd/runner-example
 options: fields:{key:"dir" value:{string_value:"/Users/phobbs/Downloads/luci-go-refs_heads_main/turboci-lite/cmd/runner-example"}} fields:{key:"module" value:{string_value:"github.com/example/turboci-lite"}} fields:{key:"package" value:{string_value:"github.com/example/turboci-lite/cmd/runner-example"}}

  id: test:github.com/example/turboci-lite/cmd/server
  kind: test:github.com/example/turboci-lite/cmd/server
 options: fields:{key:"dir" value:{string_value:"/Users/phobbs/Downloads/luci-go-refs_heads_main/turboci-lite/cmd/server"}} fields:{key:"module" value:{string_value:"github.com/example/turboci-lite"}} fields:{key:"package" value:{string_value:"github.com/example/turboci-lite/cmd/server"}}

  id: test:github.com/example/turboci-lite/cmd/culprit-finder
  kind: test:github.com/example/turboci-lite/cmd/culprit-finder
 options: fields:{key:"dir" value:{string_value:"/Users/phobbs/Downloads/luci-go-refs_heads_main/turboci-lite/cmd/culprit-finder"}} fields:{key:"module" value:{string_value:"github.com/example/turboci-lite/cmd/culprit-finder"}} fields:{key:"package" value:{string_value:"github.com/example/turboci-lite/cmd/culprit-finder"}}])
21:28:26 gRPC call: /turboci.v1.TurboCIOrchestrator/QueryNodes
21:28:27 gRPC call: /turboci.v1.TurboCIOrchestrator/QueryNodes
21:28:28 gRPC call: /turboci.v1.TurboCIOrchestrator/QueryNodes
21:28:29 gRPC call: /turboci.v1.TurboCIOrchestrator/QueryNodes
21:28:29 dispatcher: cleaned up 6 expired runner registrations
21:28:29 gRPC call: /turboci.v1.TurboCIOrchestrator/RegisterStageRunner
21:28:29 gRPC call: /turboci.v1.TurboCIOrchestrator/RegisterStageRunner
21:28:29 gRPC call: /turboci.v1.TurboCIOrchestrator/RegisterStageRunner
21:28:29 gRPC call: /turboci.v1.TurboCIOrchestrator/RegisterStageRunner
21:28:29 gRPC call: /turboci.v1.TurboCIOrchestrator/RegisterStageRunner
21:28:29 gRPC call: /turboci.v1.TurboCIOrchestrator/RegisterStageRunner
21:28:30 gRPC call: /turboci.v1.TurboCIOrchestrator/QueryNodes
21:28:30 gRPC call: /turboci.v1.TurboCIOrchestrator/QueryNodes
21:28:30 [diag] Stages: total=37 states=map[STAGE_STATE_ATTEMPTING:13 STAGE_STATE_FINAL:22 STAGE_STATE_PLANNED:2]
21:28:30 [diag] Non-final stages: 15 remaining (first 10: [stage:test:github.com/example/turboci-lite/cmd/ci/runners/collector stage:test:github.com/example/turboci-lite/cmd/ci/runners/common stage:test:github.com/example/turboci-lite/cmd/ci/runners/conditional stage:test:github.com/example/turboci-lite/cmd/ci/runners/materialize stage:test:github.com/example/turboci-lite/cmd/ci/runners/tester stage:test:github.com/example/turboci-lite/cmd/ci/runners/trigger stage:test:github.com/example/turboci-lite/cmd/ci/testing stage:test:github.com/example/turboci-lite/cmd/runner-example stage:test:github.com/example/turboci-lite/cmd/server stage:test:github.com/example/turboci-lite/cmd/culprit-finder])
21:28:30 gRPC call: /turboci.v1.TurboCIOrchestrator/QueryNodes
21:28:30 [diag] Checks: total=37 states=map[CHECK_STATE_FINAL:22 CHECK_STATE_PLANNING:15]
21:28:30 [diag] Non-final checks: 15 remaining (first 5: [

  id: test:github.com/example/turboci-lite/cmd/ci/runners/collector
  kind: test:github.com/example/turboci-lite/cmd/ci/runners/collector
 options: fields:{key:"dir" value:{string_value:"/Users/phobbs/Downloads/luci-go-refs_heads_main/turboci-lite/cmd/ci/runners/collector"}} fields:{key:"module" value:{string_value:"github.com/example/turboci-lite"}} fields:{key:"package" value:{string_value:"github.com/example/turboci-lite/cmd/ci/runners/collector"}}

  id: test:github.com/example/turboci-lite/cmd/ci/runners/common
  kind: test:github.com/example/turboci-lite/cmd/ci/runners/common
 options: fields:{key:"dir" value:{string_value:"/Users/phobbs/Downloads/luci-go-refs_heads_main/turboci-lite/cmd/ci/runners/common"}} fields:{key:"module" value:{string_value:"github.com/example/turboci-lite"}} fields:{key:"package" value:{string_value:"github.com/example/turboci-lite/cmd/ci/runners/common"}}

  id: test:github.com/example/turboci-lite/cmd/ci/runners/conditional
  kind: test:github.com/example/turboci-lite/cmd/ci/runners/conditional
 options: fields:{key:"dir" value:{string_value:"/Users/phobbs/Downloads/luci-go-refs_heads_main/turboci-lite/cmd/ci/runners/conditional"}} fields:{key:"module" value:{string_value:"github.com/example/turboci-lite"}} fields:{key:"package" value:{string_value:"github.com/example/turboci-lite/cmd/ci/runners/conditional"}}

  id: test:github.com/example/turboci-lite/cmd/ci/runners/materialize
  kind: test:github.com/example/turboci-lite/cmd/ci/runners/materialize
 options: fields:{key:"dir" value:{string_value:"/Users/phobbs/Downloads/luci-go-refs_heads_main/turboci-lite/cmd/ci/runners/materialize"}} fields:{key:"module" value:{string_value:"github.com/example/turboci-lite"}} fields:{key:"package" value:{string_value:"github.com/example/turboci-lite/cmd/ci/runners/materialize"}}

  id: test:github.com/example/turboci-lite/cmd/ci/runners/tester
  kind: test:github.com/example/turboci-lite/cmd/ci/runners/tester
 options: fields:{key:"dir" value:{string_value:"/Users/phobbs/Downloads/luci-go-refs_heads_main/turboci-lite/cmd/ci/runners/tester"}} fields:{key:"module" value:{string_value:"github.com/example/turboci-lite"}} fields:{key:"package" value:{string_value:"github.com/example/turboci-lite/cmd/ci/runners/tester"}}

  id: test:github.com/example/turboci-lite/cmd/ci/runners/trigger
  kind: test:github.com/example/turboci-lite/cmd/ci/runners/trigger
 options: fields:{key:"dir" value:{string_value:"/Users/phobbs/Downloads/luci-go-refs_heads_main/turboci-lite/cmd/ci/runners/trigger"}} fields:{key:"module" value:{string_value:"github.com/example/turboci-lite"}} fields:{key:"package" value:{string_value:"github.com/example/turboci-lite/cmd/ci/runners/trigger"}}

  id: test:github.com/example/turboci-lite/cmd/ci/testing
  kind: test:github.com/example/turboci-lite/cmd/ci/testing
 options: fields:{key:"dir" value:{string_value:"/Users/phobbs/Downloads/luci-go-refs_heads_main/turboci-lite/cmd/ci/testing"}} fields:{key:"module" value:{string_value:"github.com/example/turboci-lite"}} fields:{key:"package" value:{string_value:"github.com/example/turboci-lite/cmd/ci/testing"}}

  id: test:github.com/example/turboci-lite/cmd/runner-example
  kind: test:github.com/example/turboci-lite/cmd/runner-example
 options: fields:{key:"dir" value:{string_value:"/Users/phobbs/Downloads/luci-go-refs_heads_main/turboci-lite/cmd/runner-example"}} fields:{key:"module" value:{string_value:"github.com/example/turboci-lite"}} fields:{key:"package" value:{string_value:"github.com/example/turboci-lite/cmd/runner-example"}}

  id: test:github.com/example/turboci-lite/cmd/server
  kind: test:github.com/example/turboci-lite/cmd/server
 options: fields:{key:"dir" value:{string_value:"/Users/phobbs/Downloads/luci-go-refs_heads_main/turboci-lite/cmd/server"}} fields:{key:"module" value:{string_value:"github.com/example/turboci-lite"}} fields:{key:"package" value:{string_value:"github.com/example/turboci-lite/cmd/server"}}

  id: test:github.com/example/turboci-lite/cmd/culprit-finder
  kind: test:github.com/example/turboci-lite/cmd/culprit-finder
 options: fields:{key:"dir" value:{string_value:"/Users/phobbs/Downloads/luci-go-refs_heads_main/turboci-lite/cmd/culprit-finder"}} fields:{key:"module" value:{string_value:"github.com/example/turboci-lite/cmd/culprit-finder"}} fields:{key:"package" value:{string_value:"github.com/example/turboci-lite/cmd/culprit-finder"}}])
21:28:31 gRPC call: /turboci.v1.TurboCIOrchestrator/QueryNodes
21:28:32 gRPC call: /turboci.v1.TurboCIOrchestrator/QueryNodes
21:28:33 gRPC call: /turboci.v1.TurboCIOrchestrator/QueryNodes
21:28:34 gRPC call: /turboci.v1.TurboCIOrchestrator/QueryNodes
21:28:35 gRPC call: /turboci.v1.TurboCIOrchestrator/QueryNodes
21:28:35 gRPC call: /turboci.v1.TurboCIOrchestrator/QueryNodes
21:28:35 [diag] Stages: total=37 states=map[STAGE_STATE_ATTEMPTING:9 STAGE_STATE_FINAL:26 STAGE_STATE_PLANNED:2]
21:28:35 [diag] Non-final stages: 11 remaining (first 10: [stage:test:github.com/example/turboci-lite/cmd/ci/runners/tester stage:test:github.com/example/turboci-lite/cmd/ci/runners/trigger stage:test:github.com/example/turboci-lite/cmd/ci/testing stage:test:github.com/example/turboci-lite/cmd/runner-example stage:test:github.com/example/turboci-lite/cmd/server stage:test:github.com/example/turboci-lite/cmd/culprit-finder stage:test:github.com/example/turboci-lite/cmd/culprit-finder/internal/cli stage:test:github.com/example/turboci-lite/cmd/culprit-finder/internal/session stage:test:github.com/example/turboci-lite/cmd/culprit-finder/internal/ui stage:e2e:e2e])
21:28:35 gRPC call: /turboci.v1.TurboCIOrchestrator/QueryNodes
21:28:35 [diag] Checks: total=37 states=map[CHECK_STATE_FINAL:26 CHECK_STATE_PLANNING:11]
21:28:35 [diag] Non-final checks: 11 remaining (first 5: [

  id: test:github.com/example/turboci-lite/cmd/ci/runners/tester
  kind: test:github.com/example/turboci-lite/cmd/ci/runners/tester
 options: fields:{key:"dir" value:{string_value:"/Users/phobbs/Downloads/luci-go-refs_heads_main/turboci-lite/cmd/ci/runners/tester"}} fields:{key:"module" value:{string_value:"github.com/example/turboci-lite"}} fields:{key:"package" value:{string_value:"github.com/example/turboci-lite/cmd/ci/runners/tester"}}

  id: test:github.com/example/turboci-lite/cmd/ci/runners/trigger
  kind: test:github.com/example/turboci-lite/cmd/ci/runners/trigger
 options: fields:{key:"dir" value:{string_value:"/Users/phobbs/Downloads/luci-go-refs_heads_main/turboci-lite/cmd/ci/runners/trigger"}} fields:{key:"module" value:{string_value:"github.com/example/turboci-lite"}} fields:{key:"package" value:{string_value:"github.com/example/turboci-lite/cmd/ci/runners/trigger"}}

  id: test:github.com/example/turboci-lite/cmd/ci/testing
  kind: test:github.com/example/turboci-lite/cmd/ci/testing
 options: fields:{key:"dir" value:{string_value:"/Users/phobbs/Downloads/luci-go-refs_heads_main/turboci-lite/cmd/ci/testing"}} fields:{key:"module" value:{string_value:"github.com/example/turboci-lite"}} fields:{key:"package" value:{string_value:"github.com/example/turboci-lite/cmd/ci/testing"}}

  id: test:github.com/example/turboci-lite/cmd/runner-example
  kind: test:github.com/example/turboci-lite/cmd/runner-example
 options: fields:{key:"dir" value:{string_value:"/Users/phobbs/Downloads/luci-go-refs_heads_main/turboci-lite/cmd/runner-example"}} fields:{key:"module" value:{string_value:"github.com/example/turboci-lite"}} fields:{key:"package" value:{string_value:"github.com/example/turboci-lite/cmd/runner-example"}}

  id: test:github.com/example/turboci-lite/cmd/server
  kind: test:github.com/example/turboci-lite/cmd/server
 options: fields:{key:"dir" value:{string_value:"/Users/phobbs/Downloads/luci-go-refs_heads_main/turboci-lite/cmd/server"}} fields:{key:"module" value:{string_value:"github.com/example/turboci-lite"}} fields:{key:"package" value:{string_value:"github.com/example/turboci-lite/cmd/server"}}

  id: test:github.com/example/turboci-lite/cmd/culprit-finder
  kind: test:github.com/example/turboci-lite/cmd/culprit-finder
 options: fields:{key:"dir" value:{string_value:"/Users/phobbs/Downloads/luci-go-refs_heads_main/turboci-lite/cmd/culprit-finder"}} fields:{key:"module" value:{string_value:"github.com/example/turboci-lite/cmd/culprit-finder"}} fields:{key:"package" value:{string_value:"github.com/example/turboci-lite/cmd/culprit-finder"}}

  id: test:github.com/example/turboci-lite/cmd/culprit-finder/internal/cli
  kind: test:github.com/example/turboci-lite/cmd/culprit-finder/internal/cli
 options: fields:{key:"dir" value:{string_value:"/Users/phobbs/Downloads/luci-go-refs_heads_main/turboci-lite/cmd/culprit-finder/internal/cli"}} fields:{key:"module" value:{string_value:"github.com/example/turboci-lite/cmd/culprit-finder"}} fields:{key:"package" value:{string_value:"github.com/example/turboci-lite/cmd/culprit-finder/internal/cli"}}

  id: test:github.com/example/turboci-lite/cmd/culprit-finder/internal/session
  kind: test:github.com/example/turboci-lite/cmd/culprit-finder/internal/session
 options: fields:{key:"dir" value:{string_value:"/Users/phobbs/Downloads/luci-go-refs_heads_main/turboci-lite/cmd/culprit-finder/internal/session"}} fields:{key:"module" value:{string_value:"github.com/example/turboci-lite/cmd/culprit-finder"}} fields:{key:"package" value:{string_value:"github.com/example/turboci-lite/cmd/culprit-finder/internal/session"}}

  id: test:github.com/example/turboci-lite/cmd/culprit-finder/internal/ui
  kind: test:github.com/example/turboci-lite/cmd/culprit-finder/internal/ui
 options: fields:{key:"dir" value:{string_value:"/Users/phobbs/Downloads/luci-go-refs_heads_main/turboci-lite/cmd/culprit-finder/internal/ui"}} fields:{key:"module" value:{string_value:"github.com/example/turboci-lite/cmd/culprit-finder"}} fields:{key:"package" value:{string_value:"github.com/example/turboci-lite/cmd/culprit-finder/internal/ui"}}

  id: e2e:e2e
  kind: e2e:e2e
 options: fields:{key:"name" value:{string_value:"e2e"}} fields:{key:"test_path" value:{string_value:"github.com/example/turboci-lite/testing/e2e"}}])
21:28:36 gRPC call: /turboci.v1.TurboCIOrchestrator/QueryNodes
21:28:37 gRPC call: /turboci.v1.TurboCIOrchestrator/QueryNodes
21:28:38 gRPC call: /turboci.v1.TurboCIOrchestrator/QueryNodes
21:28:39 gRPC call: /turboci.v1.TurboCIOrchestrator/QueryNodes
21:28:40 gRPC call: /turboci.v1.TurboCIOrchestrator/QueryNodes
21:28:40 gRPC call: /turboci.v1.TurboCIOrchestrator/QueryNodes
21:28:40 [diag] Stages: total=37 states=map[STAGE_STATE_ATTEMPTING:9 STAGE_STATE_FINAL:26 STAGE_STATE_PLANNED:2]
21:28:40 [diag] Non-final stages: 11 remaining (first 10: [stage:test:github.com/example/turboci-lite/cmd/ci/runners/tester stage:test:github.com/example/turboci-lite/cmd/ci/runners/trigger stage:test:github.com/example/turboci-lite/cmd/ci/testing stage:test:github.com/example/turboci-lite/cmd/runner-example stage:test:github.com/example/turboci-lite/cmd/server stage:test:github.com/example/turboci-lite/cmd/culprit-finder stage:test:github.com/example/turboci-lite/cmd/culprit-finder/internal/cli stage:test:github.com/example/turboci-lite/cmd/culprit-finder/internal/session stage:test:github.com/example/turboci-lite/cmd/culprit-finder/internal/ui stage:e2e:e2e])
21:28:40 gRPC call: /turboci.v1.TurboCIOrchestrator/QueryNodes
21:28:40 [diag] Checks: total=37 states=map[CHECK_STATE_FINAL:26 CHECK_STATE_PLANNING:11]
21:28:40 [diag] Non-final checks: 11 remaining (first 5: [

  id: test:github.com/example/turboci-lite/cmd/ci/runners/tester
  kind: test:github.com/example/turboci-lite/cmd/ci/runners/tester
 options: fields:{key:"dir" value:{string_value:"/Users/phobbs/Downloads/luci-go-refs_heads_main/turboci-lite/cmd/ci/runners/tester"}} fields:{key:"module" value:{string_value:"github.com/example/turboci-lite"}} fields:{key:"package" value:{string_value:"github.com/example/turboci-lite/cmd/ci/runners/tester"}}

  id: test:github.com/example/turboci-lite/cmd/ci/runners/trigger
  kind: test:github.com/example/turboci-lite/cmd/ci/runners/trigger
 options: fields:{key:"dir" value:{string_value:"/Users/phobbs/Downloads/luci-go-refs_heads_main/turboci-lite/cmd/ci/runners/trigger"}} fields:{key:"module" value:{string_value:"github.com/example/turboci-lite"}} fields:{key:"package" value:{string_value:"github.com/example/turboci-lite/cmd/ci/runners/trigger"}}

  id: test:github.com/example/turboci-lite/cmd/ci/testing
  kind: test:github.com/example/turboci-lite/cmd/ci/testing
 options: fields:{key:"dir" value:{string_value:"/Users/phobbs/Downloads/luci-go-refs_heads_main/turboci-lite/cmd/ci/testing"}} fields:{key:"module" value:{string_value:"github.com/example/turboci-lite"}} fields:{key:"package" value:{string_value:"github.com/example/turboci-lite/cmd/ci/testing"}}

  id: test:github.com/example/turboci-lite/cmd/runner-example
  kind: test:github.com/example/turboci-lite/cmd/runner-example
 options: fields:{key:"dir" value:{string_value:"/Users/phobbs/Downloads/luci-go-refs_heads_main/turboci-lite/cmd/runner-example"}} fields:{key:"module" value:{string_value:"github.com/example/turboci-lite"}} fields:{key:"package" value:{string_value:"github.com/example/turboci-lite/cmd/runner-example"}}

  id: test:github.com/example/turboci-lite/cmd/server
  kind: test:github.com/example/turboci-lite/cmd/server
 options: fields:{key:"dir" value:{string_value:"/Users/phobbs/Downloads/luci-go-refs_heads_main/turboci-lite/cmd/server"}} fields:{key:"module" value:{string_value:"github.com/example/turboci-lite"}} fields:{key:"package" value:{string_value:"github.com/example/turboci-lite/cmd/server"}}

  id: test:github.com/example/turboci-lite/cmd/culprit-finder
  kind: test:github.com/example/turboci-lite/cmd/culprit-finder
 options: fields:{key:"dir" value:{string_value:"/Users/phobbs/Downloads/luci-go-refs_heads_main/turboci-lite/cmd/culprit-finder"}} fields:{key:"module" value:{string_value:"github.com/example/turboci-lite/cmd/culprit-finder"}} fields:{key:"package" value:{string_value:"github.com/example/turboci-lite/cmd/culprit-finder"}}

  id: test:github.com/example/turboci-lite/cmd/culprit-finder/internal/cli
  kind: test:github.com/example/turboci-lite/cmd/culprit-finder/internal/cli
 options: fields:{key:"dir" value:{string_value:"/Users/phobbs/Downloads/luci-go-refs_heads_main/turboci-lite/cmd/culprit-finder/internal/cli"}} fields:{key:"module" value:{string_value:"github.com/example/turboci-lite/cmd/culprit-finder"}} fields:{key:"package" value:{string_value:"github.com/example/turboci-lite/cmd/culprit-finder/internal/cli"}}

  id: test:github.com/example/turboci-lite/cmd/culprit-finder/internal/session
  kind: test:github.com/example/turboci-lite/cmd/culprit-finder/internal/session
 options: fields:{key:"dir" value:{string_value:"/Users/phobbs/Downloads/luci-go-refs_heads_main/turboci-lite/cmd/culprit-finder/internal/session"}} fields:{key:"module" value:{string_value:"github.com/example/turboci-lite/cmd/culprit-finder"}} fields:{key:"package" value:{string_value:"github.com/example/turboci-lite/cmd/culprit-finder/internal/session"}}

  id: test:github.com/example/turboci-lite/cmd/culprit-finder/internal/ui
  kind: test:github.com/example/turboci-lite/cmd/culprit-finder/internal/ui
 options: fields:{key:"dir" value:{string_value:"/Users/phobbs/Downloads/luci-go-refs_heads_main/turboci-lite/cmd/culprit-finder/internal/ui"}} fields:{key:"module" value:{string_value:"github.com/example/turboci-lite/cmd/culprit-finder"}} fields:{key:"package" value:{string_value:"github.com/example/turboci-lite/cmd/culprit-finder/internal/ui"}}

  id: e2e:e2e
  kind: e2e:e2e
 options: fields:{key:"name" value:{string_value:"e2e"}} fields:{key:"test_path" value:{string_value:"github.com/example/turboci-lite/testing/e2e"}}])
21:28:41 gRPC call: /turboci.v1.TurboCIOrchestrator/QueryNodes
21:28:42 gRPC call: /turboci.v1.TurboCIOrchestrator/QueryNodes
21:28:43 gRPC call: /turboci.v1.TurboCIOrchestrator/QueryNodes
21:28:44 gRPC call: /turboci.v1.TurboCIOrchestrator/QueryNodes
21:28:45 gRPC call: /turboci.v1.TurboCIOrchestrator/QueryNodes
21:28:45 gRPC call: /turboci.v1.TurboCIOrchestrator/QueryNodes
21:28:45 [diag] Stages: total=37 states=map[STAGE_STATE_ATTEMPTING:9 STAGE_STATE_FINAL:26 STAGE_STATE_PLANNED:2]
21:28:45 [diag] Non-final stages: 11 remaining (first 10: [stage:test:github.com/example/turboci-lite/cmd/ci/runners/tester stage:test:github.com/example/turboci-lite/cmd/ci/runners/trigger stage:test:github.com/example/turboci-lite/cmd/ci/testing stage:test:github.com/example/turboci-lite/cmd/runner-example stage:test:github.com/example/turboci-lite/cmd/server stage:test:github.com/example/turboci-lite/cmd/culprit-finder stage:test:github.com/example/turboci-lite/cmd/culprit-finder/internal/cli stage:test:github.com/example/turboci-lite/cmd/culprit-finder/internal/session stage:test:github.com/example/turboci-lite/cmd/culprit-finder/internal/ui stage:e2e:e2e])
21:28:45 gRPC call: /turboci.v1.TurboCIOrchestrator/QueryNodes
21:28:45 [diag] Checks: total=37 states=map[CHECK_STATE_FINAL:26 CHECK_STATE_PLANNING:11]
21:28:45 [diag] Non-final checks: 11 remaining (first 5: [

  id: test:github.com/example/turboci-lite/cmd/ci/runners/tester
  kind: test:github.com/example/turboci-lite/cmd/ci/runners/tester
 options: fields:{key:"dir" value:{string_value:"/Users/phobbs/Downloads/luci-go-refs_heads_main/turboci-lite/cmd/ci/runners/tester"}} fields:{key:"module" value:{string_value:"github.com/example/turboci-lite"}} fields:{key:"package" value:{string_value:"github.com/example/turboci-lite/cmd/ci/runners/tester"}}

  id: test:github.com/example/turboci-lite/cmd/ci/runners/trigger
  kind: test:github.com/example/turboci-lite/cmd/ci/runners/trigger
 options: fields:{key:"dir" value:{string_value:"/Users/phobbs/Downloads/luci-go-refs_heads_main/turboci-lite/cmd/ci/runners/trigger"}} fields:{key:"module" value:{string_value:"github.com/example/turboci-lite"}} fields:{key:"package" value:{string_value:"github.com/example/turboci-lite/cmd/ci/runners/trigger"}}

  id: test:github.com/example/turboci-lite/cmd/ci/testing
  kind: test:github.com/example/turboci-lite/cmd/ci/testing
 options: fields:{key:"dir" value:{string_value:"/Users/phobbs/Downloads/luci-go-refs_heads_main/turboci-lite/cmd/ci/testing"}} fields:{key:"module" value:{string_value:"github.com/example/turboci-lite"}} fields:{key:"package" value:{string_value:"github.com/example/turboci-lite/cmd/ci/testing"}}

  id: test:github.com/example/turboci-lite/cmd/runner-example
  kind: test:github.com/example/turboci-lite/cmd/runner-example
 options: fields:{key:"dir" value:{string_value:"/Users/phobbs/Downloads/luci-go-refs_heads_main/turboci-lite/cmd/runner-example"}} fields:{key:"module" value:{string_value:"github.com/example/turboci-lite"}} fields:{key:"package" value:{string_value:"github.com/example/turboci-lite/cmd/runner-example"}}

  id: test:github.com/example/turboci-lite/cmd/server
  kind: test:github.com/example/turboci-lite/cmd/server
 options: fields:{key:"dir" value:{string_value:"/Users/phobbs/Downloads/luci-go-refs_heads_main/turboci-lite/cmd/server"}} fields:{key:"module" value:{string_value:"github.com/example/turboci-lite"}} fields:{key:"package" value:{string_value:"github.com/example/turboci-lite/cmd/server"}}

  id: test:github.com/example/turboci-lite/cmd/culprit-finder
  kind: test:github.com/example/turboci-lite/cmd/culprit-finder
 options: fields:{key:"dir" value:{string_value:"/Users/phobbs/Downloads/luci-go-refs_heads_main/turboci-lite/cmd/culprit-finder"}} fields:{key:"module" value:{string_value:"github.com/example/turboci-lite/cmd/culprit-finder"}} fields:{key:"package" value:{string_value:"github.com/example/turboci-lite/cmd/culprit-finder"}}

  id: test:github.com/example/turboci-lite/cmd/culprit-finder/internal/cli
  kind: test:github.com/example/turboci-lite/cmd/culprit-finder/internal/cli
 options: fields:{key:"dir" value:{string_value:"/Users/phobbs/Downloads/luci-go-refs_heads_main/turboci-lite/cmd/culprit-finder/internal/cli"}} fields:{key:"module" value:{string_value:"github.com/example/turboci-lite/cmd/culprit-finder"}} fields:{key:"package" value:{string_value:"github.com/example/turboci-lite/cmd/culprit-finder/internal/cli"}}

  id: test:github.com/example/turboci-lite/cmd/culprit-finder/internal/session
  kind: test:github.com/example/turboci-lite/cmd/culprit-finder/internal/session
 options: fields:{key:"dir" value:{string_value:"/Users/phobbs/Downloads/luci-go-refs_heads_main/turboci-lite/cmd/culprit-finder/internal/session"}} fields:{key:"module" value:{string_value:"github.com/example/turboci-lite/cmd/culprit-finder"}} fields:{key:"package" value:{string_value:"github.com/example/turboci-lite/cmd/culprit-finder/internal/session"}}

  id: test:github.com/example/turboci-lite/cmd/culprit-finder/internal/ui
  kind: test:github.com/example/turboci-lite/cmd/culprit-finder/internal/ui
 options: fields:{key:"dir" value:{string_value:"/Users/phobbs/Downloads/luci-go-refs_heads_main/turboci-lite/cmd/culprit-finder/internal/ui"}} fields:{key:"module" value:{string_value:"github.com/example/turboci-lite/cmd/culprit-finder"}} fields:{key:"package" value:{string_value:"github.com/example/turboci-lite/cmd/culprit-finder/internal/ui"}}

  id: e2e:e2e
  kind: e2e:e2e
 options: fields:{key:"name" value:{string_value:"e2e"}} fields:{key:"test_path" value:{string_value:"github.com/example/turboci-lite/testing/e2e"}}])
21:28:46 gRPC call: /turboci.v1.TurboCIOrchestrator/QueryNodes
21:28:47 gRPC call: /turboci.v1.TurboCIOrchestrator/QueryNodes
21:28:48 gRPC call: /turboci.v1.TurboCIOrchestrator/QueryNodes
21:28:49 gRPC call: /turboci.v1.TurboCIOrchestrator/QueryNodes
21:28:50 gRPC call: /turboci.v1.TurboCIOrchestrator/QueryNodes
21:28:50 gRPC call: /turboci.v1.TurboCIOrchestrator/QueryNodes
21:28:50 [diag] Stages: total=37 states=map[STAGE_STATE_ATTEMPTING:9 STAGE_STATE_FINAL:26 STAGE_STATE_PLANNED:2]
21:28:50 [diag] Non-final stages: 11 remaining (first 10: [stage:test:github.com/example/turboci-lite/cmd/ci/runners/tester stage:test:github.com/example/turboci-lite/cmd/ci/runners/trigger stage:test:github.com/example/turboci-lite/cmd/ci/testing stage:test:github.com/example/turboci-lite/cmd/runner-example stage:test:github.com/example/turboci-lite/cmd/server stage:test:github.com/example/turboci-lite/cmd/culprit-finder stage:test:github.com/example/turboci-lite/cmd/culprit-finder/internal/cli stage:test:github.com/example/turboci-lite/cmd/culprit-finder/internal/session stage:test:github.com/example/turboci-lite/cmd/culprit-finder/internal/ui stage:e2e:e2e])
21:28:50 gRPC call: /turboci.v1.TurboCIOrchestrator/QueryNodes
21:28:50 [diag] Checks: total=37 states=map[CHECK_STATE_FINAL:26 CHECK_STATE_PLANNING:11]
21:28:50 [diag] Non-final checks: 11 remaining (first 5: [

  id: test:github.com/example/turboci-lite/cmd/ci/runners/tester
  kind: test:github.com/example/turboci-lite/cmd/ci/runners/tester
 options: fields:{key:"dir" value:{string_value:"/Users/phobbs/Downloads/luci-go-refs_heads_main/turboci-lite/cmd/ci/runners/tester"}} fields:{key:"module" value:{string_value:"github.com/example/turboci-lite"}} fields:{key:"package" value:{string_value:"github.com/example/turboci-lite/cmd/ci/runners/tester"}}

  id: test:github.com/example/turboci-lite/cmd/ci/runners/trigger
  kind: test:github.com/example/turboci-lite/cmd/ci/runners/trigger
 options: fields:{key:"dir" value:{string_value:"/Users/phobbs/Downloads/luci-go-refs_heads_main/turboci-lite/cmd/ci/runners/trigger"}} fields:{key:"module" value:{string_value:"github.com/example/turboci-lite"}} fields:{key:"package" value:{string_value:"github.com/example/turboci-lite/cmd/ci/runners/trigger"}}

  id: test:github.com/example/turboci-lite/cmd/ci/testing
  kind: test:github.com/example/turboci-lite/cmd/ci/testing
 options: fields:{key:"dir" value:{string_value:"/Users/phobbs/Downloads/luci-go-refs_heads_main/turboci-lite/cmd/ci/testing"}} fields:{key:"module" value:{string_value:"github.com/example/turboci-lite"}} fields:{key:"package" value:{string_value:"github.com/example/turboci-lite/cmd/ci/testing"}}

  id: test:github.com/example/turboci-lite/cmd/runner-example
  kind: test:github.com/example/turboci-lite/cmd/runner-example
 options: fields:{key:"dir" value:{string_value:"/Users/phobbs/Downloads/luci-go-refs_heads_main/turboci-lite/cmd/runner-example"}} fields:{key:"module" value:{string_value:"github.com/example/turboci-lite"}} fields:{key:"package" value:{string_value:"github.com/example/turboci-lite/cmd/runner-example"}}

  id: test:github.com/example/turboci-lite/cmd/server
  kind: test:github.com/example/turboci-lite/cmd/server
 options: fields:{key:"dir" value:{string_value:"/Users/phobbs/Downloads/luci-go-refs_heads_main/turboci-lite/cmd/server"}} fields:{key:"module" value:{string_value:"github.com/example/turboci-lite"}} fields:{key:"package" value:{string_value:"github.com/example/turboci-lite/cmd/server"}}

  id: test:github.com/example/turboci-lite/cmd/culprit-finder
  kind: test:github.com/example/turboci-lite/cmd/culprit-finder
 options: fields:{key:"dir" value:{string_value:"/Users/phobbs/Downloads/luci-go-refs_heads_main/turboci-lite/cmd/culprit-finder"}} fields:{key:"module" value:{string_value:"github.com/example/turboci-lite/cmd/culprit-finder"}} fields:{key:"package" value:{string_value:"github.com/example/turboci-lite/cmd/culprit-finder"}}

  id: test:github.com/example/turboci-lite/cmd/culprit-finder/internal/cli
  kind: test:github.com/example/turboci-lite/cmd/culprit-finder/internal/cli
 options: fields:{key:"dir" value:{string_value:"/Users/phobbs/Downloads/luci-go-refs_heads_main/turboci-lite/cmd/culprit-finder/internal/cli"}} fields:{key:"module" value:{string_value:"github.com/example/turboci-lite/cmd/culprit-finder"}} fields:{key:"package" value:{string_value:"github.com/example/turboci-lite/cmd/culprit-finder/internal/cli"}}

  id: test:github.com/example/turboci-lite/cmd/culprit-finder/internal/session
  kind: test:github.com/example/turboci-lite/cmd/culprit-finder/internal/session
 options: fields:{key:"dir" value:{string_value:"/Users/phobbs/Downloads/luci-go-refs_heads_main/turboci-lite/cmd/culprit-finder/internal/session"}} fields:{key:"module" value:{string_value:"github.com/example/turboci-lite/cmd/culprit-finder"}} fields:{key:"package" value:{string_value:"github.com/example/turboci-lite/cmd/culprit-finder/internal/session"}}

  id: test:github.com/example/turboci-lite/cmd/culprit-finder/internal/ui
  kind: test:github.com/example/turboci-lite/cmd/culprit-finder/internal/ui
 options: fields:{key:"dir" value:{string_value:"/Users/phobbs/Downloads/luci-go-refs_heads_main/turboci-lite/cmd/culprit-finder/internal/ui"}} fields:{key:"module" value:{string_value:"github.com/example/turboci-lite/cmd/culprit-finder"}} fields:{key:"package" value:{string_value:"github.com/example/turboci-lite/cmd/culprit-finder/internal/ui"}}

  id: e2e:e2e
  kind: e2e:e2e
 options: fields:{key:"name" value:{string_value:"e2e"}} fields:{key:"test_path" value:{string_value:"github.com/example/turboci-lite/testing/e2e"}}])
21:28:51 gRPC call: /turboci.v1.TurboCIOrchestrator/QueryNodes
21:28:52 gRPC call: /turboci.v1.TurboCIOrchestrator/QueryNodes
21:28:53 gRPC call: /turboci.v1.TurboCIOrchestrator/QueryNodes
21:28:54 gRPC call: /turboci.v1.TurboCIOrchestrator/QueryNodes
21:28:55 gRPC call: /turboci.v1.TurboCIOrchestrator/QueryNodes
21:28:55 gRPC call: /turboci.v1.TurboCIOrchestrator/QueryNodes
21:28:55 [diag] Stages: total=37 states=map[STAGE_STATE_ATTEMPTING:9 STAGE_STATE_FINAL:26 STAGE_STATE_PLANNED:2]
21:28:55 [diag] Non-final stages: 11 remaining (first 10: [stage:test:github.com/example/turboci-lite/cmd/ci/runners/tester stage:test:github.com/example/turboci-lite/cmd/ci/runners/trigger stage:test:github.com/example/turboci-lite/cmd/ci/testing stage:test:github.com/example/turboci-lite/cmd/runner-example stage:test:github.com/example/turboci-lite/cmd/server stage:test:github.com/example/turboci-lite/cmd/culprit-finder stage:test:github.com/example/turboci-lite/cmd/culprit-finder/internal/cli stage:test:github.com/example/turboci-lite/cmd/culprit-finder/internal/session stage:test:github.com/example/turboci-lite/cmd/culprit-finder/internal/ui stage:e2e:e2e])
21:28:55 gRPC call: /turboci.v1.TurboCIOrchestrator/QueryNodes
21:28:55 [diag] Checks: total=37 states=map[CHECK_STATE_FINAL:26 CHECK_STATE_PLANNING:11]
21:28:55 [diag] Non-final checks: 11 remaining (first 5: [

  id: test:github.com/example/turboci-lite/cmd/ci/runners/tester
  kind: test:github.com/example/turboci-lite/cmd/ci/runners/tester
 options: fields:{key:"dir" value:{string_value:"/Users/phobbs/Downloads/luci-go-refs_heads_main/turboci-lite/cmd/ci/runners/tester"}} fields:{key:"module" value:{string_value:"github.com/example/turboci-lite"}} fields:{key:"package" value:{string_value:"github.com/example/turboci-lite/cmd/ci/runners/tester"}}

  id: test:github.com/example/turboci-lite/cmd/ci/runners/trigger
  kind: test:github.com/example/turboci-lite/cmd/ci/runners/trigger
 options: fields:{key:"dir" value:{string_value:"/Users/phobbs/Downloads/luci-go-refs_heads_main/turboci-lite/cmd/ci/runners/trigger"}} fields:{key:"module" value:{string_value:"github.com/example/turboci-lite"}} fields:{key:"package" value:{string_value:"github.com/example/turboci-lite/cmd/ci/runners/trigger"}}

  id: test:github.com/example/turboci-lite/cmd/ci/testing
  kind: test:github.com/example/turboci-lite/cmd/ci/testing
 options: fields:{key:"dir" value:{string_value:"/Users/phobbs/Downloads/luci-go-refs_heads_main/turboci-lite/cmd/ci/testing"}} fields:{key:"module" value:{string_value:"github.com/example/turboci-lite"}} fields:{key:"package" value:{string_value:"github.com/example/turboci-lite/cmd/ci/testing"}}

  id: test:github.com/example/turboci-lite/cmd/runner-example
  kind: test:github.com/example/turboci-lite/cmd/runner-example
 options: fields:{key:"dir" value:{string_value:"/Users/phobbs/Downloads/luci-go-refs_heads_main/turboci-lite/cmd/runner-example"}} fields:{key:"module" value:{string_value:"github.com/example/turboci-lite"}} fields:{key:"package" value:{string_value:"github.com/example/turboci-lite/cmd/runner-example"}}

  id: test:github.com/example/turboci-lite/cmd/server
  kind: test:github.com/example/turboci-lite/cmd/server
 options: fields:{key:"dir" value:{string_value:"/Users/phobbs/Downloads/luci-go-refs_heads_main/turboci-lite/cmd/server"}} fields:{key:"module" value:{string_value:"github.com/example/turboci-lite"}} fields:{key:"package" value:{string_value:"github.com/example/turboci-lite/cmd/server"}}

  id: test:github.com/example/turboci-lite/cmd/culprit-finder
  kind: test:github.com/example/turboci-lite/cmd/culprit-finder
 options: fields:{key:"dir" value:{string_value:"/Users/phobbs/Downloads/luci-go-refs_heads_main/turboci-lite/cmd/culprit-finder"}} fields:{key:"module" value:{string_value:"github.com/example/turboci-lite/cmd/culprit-finder"}} fields:{key:"package" value:{string_value:"github.com/example/turboci-lite/cmd/culprit-finder"}}

  id: test:github.com/example/turboci-lite/cmd/culprit-finder/internal/cli
  kind: test:github.com/example/turboci-lite/cmd/culprit-finder/internal/cli
 options: fields:{key:"dir" value:{string_value:"/Users/phobbs/Downloads/luci-go-refs_heads_main/turboci-lite/cmd/culprit-finder/internal/cli"}} fields:{key:"module" value:{string_value:"github.com/example/turboci-lite/cmd/culprit-finder"}} fields:{key:"package" value:{string_value:"github.com/example/turboci-lite/cmd/culprit-finder/internal/cli"}}

  id: test:github.com/example/turboci-lite/cmd/culprit-finder/internal/session
  kind: test:github.com/example/turboci-lite/cmd/culprit-finder/internal/session
 options: fields:{key:"dir" value:{string_value:"/Users/phobbs/Downloads/luci-go-refs_heads_main/turboci-lite/cmd/culprit-finder/internal/session"}} fields:{key:"module" value:{string_value:"github.com/example/turboci-lite/cmd/culprit-finder"}} fields:{key:"package" value:{string_value:"github.com/example/turboci-lite/cmd/culprit-finder/internal/session"}}

  id: test:github.com/example/turboci-lite/cmd/culprit-finder/internal/ui
  kind: test:github.com/example/turboci-lite/cmd/culprit-finder/internal/ui
 options: fields:{key:"dir" value:{string_value:"/Users/phobbs/Downloads/luci-go-refs_heads_main/turboci-lite/cmd/culprit-finder/internal/ui"}} fields:{key:"module" value:{string_value:"github.com/example/turboci-lite/cmd/culprit-finder"}} fields:{key:"package" value:{string_value:"github.com/example/turboci-lite/cmd/culprit-finder/internal/ui"}}

  id: e2e:e2e
  kind: e2e:e2e
 options: fields:{key:"name" value:{string_value:"e2e"}} fields:{key:"test_path" value:{string_value:"github.com/example/turboci-lite/testing/e2e"}}])
21:28:56 gRPC call: /turboci.v1.TurboCIOrchestrator/QueryNodes
21:28:57 gRPC call: /turboci.v1.TurboCIOrchestrator/QueryNodes
21:28:58 gRPC call: /turboci.v1.TurboCIOrchestrator/QueryNodes
21:28:59 gRPC call: /turboci.v1.TurboCIOrchestrator/QueryNodes
21:29:00 gRPC call: /turboci.v1.TurboCIOrchestrator/QueryNodes
21:29:00 gRPC call: /turboci.v1.TurboCIOrchestrator/QueryNodes
21:29:00 [diag] Stages: total=37 states=map[STAGE_STATE_ATTEMPTING:9 STAGE_STATE_FINAL:26 STAGE_STATE_PLANNED:2]
21:29:00 [diag] Non-final stages: 11 remaining (first 10: [stage:test:github.com/example/turboci-lite/cmd/ci/runners/tester stage:test:github.com/example/turboci-lite/cmd/ci/runners/trigger stage:test:github.com/example/turboci-lite/cmd/ci/testing stage:test:github.com/example/turboci-lite/cmd/runner-example stage:test:github.com/example/turboci-lite/cmd/server stage:test:github.com/example/turboci-lite/cmd/culprit-finder stage:test:github.com/example/turboci-lite/cmd/culprit-finder/internal/cli stage:test:github.com/example/turboci-lite/cmd/culprit-finder/internal/session stage:test:github.com/example/turboci-lite/cmd/culprit-finder/internal/ui stage:e2e:e2e])
21:29:00 gRPC call: /turboci.v1.TurboCIOrchestrator/QueryNodes
21:29:00 [diag] Checks: total=37 states=map[CHECK_STATE_FINAL:26 CHECK_STATE_PLANNING:11]
21:29:00 [diag] Non-final checks: 11 remaining (first 5: [

  id: test:github.com/example/turboci-lite/cmd/ci/runners/tester
  kind: test:github.com/example/turboci-lite/cmd/ci/runners/tester
 options: fields:{key:"dir" value:{string_value:"/Users/phobbs/Downloads/luci-go-refs_heads_main/turboci-lite/cmd/ci/runners/tester"}} fields:{key:"module" value:{string_value:"github.com/example/turboci-lite"}} fields:{key:"package" value:{string_value:"github.com/example/turboci-lite/cmd/ci/runners/tester"}}

  id: test:github.com/example/turboci-lite/cmd/ci/runners/trigger
  kind: test:github.com/example/turboci-lite/cmd/ci/runners/trigger
 options: fields:{key:"dir" value:{string_value:"/Users/phobbs/Downloads/luci-go-refs_heads_main/turboci-lite/cmd/ci/runners/trigger"}} fields:{key:"module" value:{string_value:"github.com/example/turboci-lite"}} fields:{key:"package" value:{string_value:"github.com/example/turboci-lite/cmd/ci/runners/trigger"}}

  id: test:github.com/example/turboci-lite/cmd/ci/testing
  kind: test:github.com/example/turboci-lite/cmd/ci/testing
 options: fields:{key:"dir" value:{string_value:"/Users/phobbs/Downloads/luci-go-refs_heads_main/turboci-lite/cmd/ci/testing"}} fields:{key:"module" value:{string_value:"github.com/example/turboci-lite"}} fields:{key:"package" value:{string_value:"github.com/example/turboci-lite/cmd/ci/testing"}}

  id: test:github.com/example/turboci-lite/cmd/runner-example
  kind: test:github.com/example/turboci-lite/cmd/runner-example
 options: fields:{key:"dir" value:{string_value:"/Users/phobbs/Downloads/luci-go-refs_heads_main/turboci-lite/cmd/runner-example"}} fields:{key:"module" value:{string_value:"github.com/example/turboci-lite"}} fields:{key:"package" value:{string_value:"github.com/example/turboci-lite/cmd/runner-example"}}

  id: test:github.com/example/turboci-lite/cmd/server
  kind: test:github.com/example/turboci-lite/cmd/server
 options: fields:{key:"dir" value:{string_value:"/Users/phobbs/Downloads/luci-go-refs_heads_main/turboci-lite/cmd/server"}} fields:{key:"module" value:{string_value:"github.com/example/turboci-lite"}} fields:{key:"package" value:{string_value:"github.com/example/turboci-lite/cmd/server"}}

  id: test:github.com/example/turboci-lite/cmd/culprit-finder
  kind: test:github.com/example/turboci-lite/cmd/culprit-finder
 options: fields:{key:"dir" value:{string_value:"/Users/phobbs/Downloads/luci-go-refs_heads_main/turboci-lite/cmd/culprit-finder"}} fields:{key:"module" value:{string_value:"github.com/example/turboci-lite/cmd/culprit-finder"}} fields:{key:"package" value:{string_value:"github.com/example/turboci-lite/cmd/culprit-finder"}}

  id: test:github.com/example/turboci-lite/cmd/culprit-finder/internal/cli
  kind: test:github.com/example/turboci-lite/cmd/culprit-finder/internal/cli
 options: fields:{key:"dir" value:{string_value:"/Users/phobbs/Downloads/luci-go-refs_heads_main/turboci-lite/cmd/culprit-finder/internal/cli"}} fields:{key:"module" value:{string_value:"github.com/example/turboci-lite/cmd/culprit-finder"}} fields:{key:"package" value:{string_value:"github.com/example/turboci-lite/cmd/culprit-finder/internal/cli"}}

  id: test:github.com/example/turboci-lite/cmd/culprit-finder/internal/session
  kind: test:github.com/example/turboci-lite/cmd/culprit-finder/internal/session
 options: fields:{key:"dir" value:{string_value:"/Users/phobbs/Downloads/luci-go-refs_heads_main/turboci-lite/cmd/culprit-finder/internal/session"}} fields:{key:"module" value:{string_value:"github.com/example/turboci-lite/cmd/culprit-finder"}} fields:{key:"package" value:{string_value:"github.com/example/turboci-lite/cmd/culprit-finder/internal/session"}}

  id: test:github.com/example/turboci-lite/cmd/culprit-finder/internal/ui
  kind: test:github.com/example/turboci-lite/cmd/culprit-finder/internal/ui
 options: fields:{key:"dir" value:{string_value:"/Users/phobbs/Downloads/luci-go-refs_heads_main/turboci-lite/cmd/culprit-finder/internal/ui"}} fields:{key:"module" value:{string_value:"github.com/example/turboci-lite/cmd/culprit-finder"}} fields:{key:"package" value:{string_value:"github.com/example/turboci-lite/cmd/culprit-finder/internal/ui"}}

  id: e2e:e2e
  kind: e2e:e2e
 options: fields:{key:"name" value:{string_value:"e2e"}} fields:{key:"test_path" value:{string_value:"github.com/example/turboci-lite/testing/e2e"}}])
21:29:01 gRPC call: /turboci.v1.TurboCIOrchestrator/QueryNodes
21:29:02 gRPC call: /turboci.v1.TurboCIOrchestrator/QueryNodes
21:29:03 gRPC call: /turboci.v1.TurboCIOrchestrator/QueryNodes
21:29:04 gRPC call: /turboci.v1.TurboCIOrchestrator/QueryNodes
21:29:05 gRPC call: /turboci.v1.TurboCIOrchestrator/QueryNodes
21:29:05 gRPC call: /turboci.v1.TurboCIOrchestrator/QueryNodes
21:29:05 [diag] Stages: total=37 states=map[STAGE_STATE_ATTEMPTING:9 STAGE_STATE_FINAL:26 STAGE_STATE_PLANNED:2]
21:29:05 [diag] Non-final stages: 11 remaining (first 10: [stage:test:github.com/example/turboci-lite/cmd/ci/runners/tester stage:test:github.com/example/turboci-lite/cmd/ci/runners/trigger stage:test:github.com/example/turboci-lite/cmd/ci/testing stage:test:github.com/example/turboci-lite/cmd/runner-example stage:test:github.com/example/turboci-lite/cmd/server stage:test:github.com/example/turboci-lite/cmd/culprit-finder stage:test:github.com/example/turboci-lite/cmd/culprit-finder/internal/cli stage:test:github.com/example/turboci-lite/cmd/culprit-finder/internal/session stage:test:github.com/example/turboci-lite/cmd/culprit-finder/internal/ui stage:e2e:e2e])
21:29:05 gRPC call: /turboci.v1.TurboCIOrchestrator/QueryNodes
21:29:05 [diag] Checks: total=37 states=map[CHECK_STATE_FINAL:26 CHECK_STATE_PLANNING:11]
21:29:05 [diag] Non-final checks: 11 remaining (first 5: [

  id: test:github.com/example/turboci-lite/cmd/ci/runners/tester
  kind: test:github.com/example/turboci-lite/cmd/ci/runners/tester
 options: fields:{key:"dir" value:{string_value:"/Users/phobbs/Downloads/luci-go-refs_heads_main/turboci-lite/cmd/ci/runners/tester"}} fields:{key:"module" value:{string_value:"github.com/example/turboci-lite"}} fields:{key:"package" value:{string_value:"github.com/example/turboci-lite/cmd/ci/runners/tester"}}

  id: test:github.com/example/turboci-lite/cmd/ci/runners/trigger
  kind: test:github.com/example/turboci-lite/cmd/ci/runners/trigger
 options: fields:{key:"dir" value:{string_value:"/Users/phobbs/Downloads/luci-go-refs_heads_main/turboci-lite/cmd/ci/runners/trigger"}} fields:{key:"module" value:{string_value:"github.com/example/turboci-lite"}} fields:{key:"package" value:{string_value:"github.com/example/turboci-lite/cmd/ci/runners/trigger"}}

  id: test:github.com/example/turboci-lite/cmd/ci/testing
  kind: test:github.com/example/turboci-lite/cmd/ci/testing
 options: fields:{key:"dir" value:{string_value:"/Users/phobbs/Downloads/luci-go-refs_heads_main/turboci-lite/cmd/ci/testing"}} fields:{key:"module" value:{string_value:"github.com/example/turboci-lite"}} fields:{key:"package" value:{string_value:"github.com/example/turboci-lite/cmd/ci/testing"}}

  id: test:github.com/example/turboci-lite/cmd/runner-example
  kind: test:github.com/example/turboci-lite/cmd/runner-example
 options: fields:{key:"dir" value:{string_value:"/Users/phobbs/Downloads/luci-go-refs_heads_main/turboci-lite/cmd/runner-example"}} fields:{key:"module" value:{string_value:"github.com/example/turboci-lite"}} fields:{key:"package" value:{string_value:"github.com/example/turboci-lite/cmd/runner-example"}}

  id: test:github.com/example/turboci-lite/cmd/server
  kind: test:github.com/example/turboci-lite/cmd/server
 options: fields:{key:"dir" value:{string_value:"/Users/phobbs/Downloads/luci-go-refs_heads_main/turboci-lite/cmd/server"}} fields:{key:"module" value:{string_value:"github.com/example/turboci-lite"}} fields:{key:"package" value:{string_value:"github.com/example/turboci-lite/cmd/server"}}

  id: test:github.com/example/turboci-lite/cmd/culprit-finder
  kind: test:github.com/example/turboci-lite/cmd/culprit-finder
 options: fields:{key:"dir" value:{string_value:"/Users/phobbs/Downloads/luci-go-refs_heads_main/turboci-lite/cmd/culprit-finder"}} fields:{key:"module" value:{string_value:"github.com/example/turboci-lite/cmd/culprit-finder"}} fields:{key:"package" value:{string_value:"github.com/example/turboci-lite/cmd/culprit-finder"}}

  id: test:github.com/example/turboci-lite/cmd/culprit-finder/internal/cli
  kind: test:github.com/example/turboci-lite/cmd/culprit-finder/internal/cli
 options: fields:{key:"dir" value:{string_value:"/Users/phobbs/Downloads/luci-go-refs_heads_main/turboci-lite/cmd/culprit-finder/internal/cli"}} fields:{key:"module" value:{string_value:"github.com/example/turboci-lite/cmd/culprit-finder"}} fields:{key:"package" value:{string_value:"github.com/example/turboci-lite/cmd/culprit-finder/internal/cli"}}

  id: test:github.com/example/turboci-lite/cmd/culprit-finder/internal/session
  kind: test:github.com/example/turboci-lite/cmd/culprit-finder/internal/session
 options: fields:{key:"dir" value:{string_value:"/Users/phobbs/Downloads/luci-go-refs_heads_main/turboci-lite/cmd/culprit-finder/internal/session"}} fields:{key:"module" value:{string_value:"github.com/example/turboci-lite/cmd/culprit-finder"}} fields:{key:"package" value:{string_value:"github.com/example/turboci-lite/cmd/culprit-finder/internal/session"}}

  id: test:github.com/example/turboci-lite/cmd/culprit-finder/internal/ui
  kind: test:github.com/example/turboci-lite/cmd/culprit-finder/internal/ui
 options: fields:{key:"dir" value:{string_value:"/Users/phobbs/Downloads/luci-go-refs_heads_main/turboci-lite/cmd/culprit-finder/internal/ui"}} fields:{key:"module" value:{string_value:"github.com/example/turboci-lite/cmd/culprit-finder"}} fields:{key:"package" value:{string_value:"github.com/example/turboci-lite/cmd/culprit-finder/internal/ui"}}

  id: e2e:e2e
  kind: e2e:e2e
 options: fields:{key:"name" value:{string_value:"e2e"}} fields:{key:"test_path" value:{string_value:"github.com/example/turboci-lite/testing/e2e"}}])
21:29:06 gRPC call: /turboci.v1.TurboCIOrchestrator/QueryNodes
21:29:07 gRPC call: /turboci.v1.TurboCIOrchestrator/QueryNodes
21:29:08 gRPC call: /turboci.v1.TurboCIOrchestrator/QueryNodes
21:29:09 gRPC call: /turboci.v1.TurboCIOrchestrator/QueryNodes
21:29:10 gRPC call: /turboci.v1.TurboCIOrchestrator/QueryNodes
21:29:10 gRPC call: /turboci.v1.TurboCIOrchestrator/QueryNodes
21:29:10 [diag] Stages: total=37 states=map[STAGE_STATE_ATTEMPTING:9 STAGE_STATE_FINAL:26 STAGE_STATE_PLANNED:2]
21:29:10 [diag] Non-final stages: 11 remaining (first 10: [stage:test:github.com/example/turboci-lite/cmd/ci/runners/tester stage:test:github.com/example/turboci-lite/cmd/ci/runners/trigger stage:test:github.com/example/turboci-lite/cmd/ci/testing stage:test:github.com/example/turboci-lite/cmd/runner-example stage:test:github.com/example/turboci-lite/cmd/server stage:test:github.com/example/turboci-lite/cmd/culprit-finder stage:test:github.com/example/turboci-lite/cmd/culprit-finder/internal/cli stage:test:github.com/example/turboci-lite/cmd/culprit-finder/internal/session stage:test:github.com/example/turboci-lite/cmd/culprit-finder/internal/ui stage:e2e:e2e])
21:29:10 gRPC call: /turboci.v1.TurboCIOrchestrator/QueryNodes
21:29:10 [diag] Checks: total=37 states=map[CHECK_STATE_FINAL:26 CHECK_STATE_PLANNING:11]
21:29:10 [diag] Non-final checks: 11 remaining (first 5: [

  id: test:github.com/example/turboci-lite/cmd/ci/runners/tester
  kind: test:github.com/example/turboci-lite/cmd/ci/runners/tester
 options: fields:{key:"dir" value:{string_value:"/Users/phobbs/Downloads/luci-go-refs_heads_main/turboci-lite/cmd/ci/runners/tester"}} fields:{key:"module" value:{string_value:"github.com/example/turboci-lite"}} fields:{key:"package" value:{string_value:"github.com/example/turboci-lite/cmd/ci/runners/tester"}}

  id: test:github.com/example/turboci-lite/cmd/ci/runners/trigger
  kind: test:github.com/example/turboci-lite/cmd/ci/runners/trigger
 options: fields:{key:"dir" value:{string_value:"/Users/phobbs/Downloads/luci-go-refs_heads_main/turboci-lite/cmd/ci/runners/trigger"}} fields:{key:"module" value:{string_value:"github.com/example/turboci-lite"}} fields:{key:"package" value:{string_value:"github.com/example/turboci-lite/cmd/ci/runners/trigger"}}

  id: test:github.com/example/turboci-lite/cmd/ci/testing
  kind: test:github.com/example/turboci-lite/cmd/ci/testing
 options: fields:{key:"dir" value:{string_value:"/Users/phobbs/Downloads/luci-go-refs_heads_main/turboci-lite/cmd/ci/testing"}} fields:{key:"module" value:{string_value:"github.com/example/turboci-lite"}} fields:{key:"package" value:{string_value:"github.com/example/turboci-lite/cmd/ci/testing"}}

  id: test:github.com/example/turboci-lite/cmd/runner-example
  kind: test:github.com/example/turboci-lite/cmd/runner-example
 options: fields:{key:"dir" value:{string_value:"/Users/phobbs/Downloads/luci-go-refs_heads_main/turboci-lite/cmd/runner-example"}} fields:{key:"module" value:{string_value:"github.com/example/turboci-lite"}} fields:{key:"package" value:{string_value:"github.com/example/turboci-lite/cmd/runner-example"}}

  id: test:github.com/example/turboci-lite/cmd/server
  kind: test:github.com/example/turboci-lite/cmd/server
 options: fields:{key:"dir" value:{string_value:"/Users/phobbs/Downloads/luci-go-refs_heads_main/turboci-lite/cmd/server"}} fields:{key:"module" value:{string_value:"github.com/example/turboci-lite"}} fields:{key:"package" value:{string_value:"github.com/example/turboci-lite/cmd/server"}}

  id: test:github.com/example/turboci-lite/cmd/culprit-finder
  kind: test:github.com/example/turboci-lite/cmd/culprit-finder
 options: fields:{key:"dir" value:{string_value:"/Users/phobbs/Downloads/luci-go-refs_heads_main/turboci-lite/cmd/culprit-finder"}} fields:{key:"module" value:{string_value:"github.com/example/turboci-lite/cmd/culprit-finder"}} fields:{key:"package" value:{string_value:"github.com/example/turboci-lite/cmd/culprit-finder"}}

  id: test:github.com/example/turboci-lite/cmd/culprit-finder/internal/cli
  kind: test:github.com/example/turboci-lite/cmd/culprit-finder/internal/cli
 options: fields:{key:"dir" value:{string_value:"/Users/phobbs/Downloads/luci-go-refs_heads_main/turboci-lite/cmd/culprit-finder/internal/cli"}} fields:{key:"module" value:{string_value:"github.com/example/turboci-lite/cmd/culprit-finder"}} fields:{key:"package" value:{string_value:"github.com/example/turboci-lite/cmd/culprit-finder/internal/cli"}}

  id: test:github.com/example/turboci-lite/cmd/culprit-finder/internal/session
  kind: test:github.com/example/turboci-lite/cmd/culprit-finder/internal/session
 options: fields:{key:"dir" value:{string_value:"/Users/phobbs/Downloads/luci-go-refs_heads_main/turboci-lite/cmd/culprit-finder/internal/session"}} fields:{key:"module" value:{string_value:"github.com/example/turboci-lite/cmd/culprit-finder"}} fields:{key:"package" value:{string_value:"github.com/example/turboci-lite/cmd/culprit-finder/internal/session"}}

  id: test:github.com/example/turboci-lite/cmd/culprit-finder/internal/ui
  kind: test:github.com/example/turboci-lite/cmd/culprit-finder/internal/ui
 options: fields:{key:"dir" value:{string_value:"/Users/phobbs/Downloads/luci-go-refs_heads_main/turboci-lite/cmd/culprit-finder/internal/ui"}} fields:{key:"module" value:{string_value:"github.com/example/turboci-lite/cmd/culprit-finder"}} fields:{key:"package" value:{string_value:"github.com/example/turboci-lite/cmd/culprit-finder/internal/ui"}}

  id: e2e:e2e
  kind: e2e:e2e
 options: fields:{key:"name" value:{string_value:"e2e"}} fields:{key:"test_path" value:{string_value:"github.com/example/turboci-lite/testing/e2e"}}])
21:29:11 gRPC call: /turboci.v1.TurboCIOrchestrator/QueryNodes
21:29:12 gRPC call: /turboci.v1.TurboCIOrchestrator/QueryNodes
21:29:13 gRPC call: /turboci.v1.TurboCIOrchestrator/QueryNodes
21:29:14 gRPC call: /turboci.v1.TurboCIOrchestrator/QueryNodes
21:29:15 gRPC call: /turboci.v1.TurboCIOrchestrator/QueryNodes
21:29:15 gRPC call: /turboci.v1.TurboCIOrchestrator/QueryNodes
21:29:15 [diag] Stages: total=37 states=map[STAGE_STATE_ATTEMPTING:9 STAGE_STATE_FINAL:26 STAGE_STATE_PLANNED:2]
21:29:15 [diag] Non-final stages: 11 remaining (first 10: [stage:test:github.com/example/turboci-lite/cmd/ci/runners/tester stage:test:github.com/example/turboci-lite/cmd/ci/runners/trigger stage:test:github.com/example/turboci-lite/cmd/ci/testing stage:test:github.com/example/turboci-lite/cmd/runner-example stage:test:github.com/example/turboci-lite/cmd/server stage:test:github.com/example/turboci-lite/cmd/culprit-finder stage:test:github.com/example/turboci-lite/cmd/culprit-finder/internal/cli stage:test:github.com/example/turboci-lite/cmd/culprit-finder/internal/session stage:test:github.com/example/turboci-lite/cmd/culprit-finder/internal/ui stage:e2e:e2e])
21:29:15 gRPC call: /turboci.v1.TurboCIOrchestrator/QueryNodes
21:29:15 [diag] Checks: total=37 states=map[CHECK_STATE_FINAL:26 CHECK_STATE_PLANNING:11]
21:29:15 [diag] Non-final checks: 11 remaining (first 5: [

  id: test:github.com/example/turboci-lite/cmd/ci/runners/tester
  kind: test:github.com/example/turboci-lite/cmd/ci/runners/tester
 options: fields:{key:"dir" value:{string_value:"/Users/phobbs/Downloads/luci-go-refs_heads_main/turboci-lite/cmd/ci/runners/tester"}} fields:{key:"module" value:{string_value:"github.com/example/turboci-lite"}} fields:{key:"package" value:{string_value:"github.com/example/turboci-lite/cmd/ci/runners/tester"}}

  id: test:github.com/example/turboci-lite/cmd/ci/runners/trigger
  kind: test:github.com/example/turboci-lite/cmd/ci/runners/trigger
 options: fields:{key:"dir" value:{string_value:"/Users/phobbs/Downloads/luci-go-refs_heads_main/turboci-lite/cmd/ci/runners/trigger"}} fields:{key:"module" value:{string_value:"github.com/example/turboci-lite"}} fields:{key:"package" value:{string_value:"github.com/example/turboci-lite/cmd/ci/runners/trigger"}}

  id: test:github.com/example/turboci-lite/cmd/ci/testing
  kind: test:github.com/example/turboci-lite/cmd/ci/testing
 options: fields:{key:"dir" value:{string_value:"/Users/phobbs/Downloads/luci-go-refs_heads_main/turboci-lite/cmd/ci/testing"}} fields:{key:"module" value:{string_value:"github.com/example/turboci-lite"}} fields:{key:"package" value:{string_value:"github.com/example/turboci-lite/cmd/ci/testing"}}

  id: test:github.com/example/turboci-lite/cmd/runner-example
  kind: test:github.com/example/turboci-lite/cmd/runner-example
 options: fields:{key:"dir" value:{string_value:"/Users/phobbs/Downloads/luci-go-refs_heads_main/turboci-lite/cmd/runner-example"}} fields:{key:"module" value:{string_value:"github.com/example/turboci-lite"}} fields:{key:"package" value:{string_value:"github.com/example/turboci-lite/cmd/runner-example"}}

  id: test:github.com/example/turboci-lite/cmd/server
  kind: test:github.com/example/turboci-lite/cmd/server
 options: fields:{key:"dir" value:{string_value:"/Users/phobbs/Downloads/luci-go-refs_heads_main/turboci-lite/cmd/server"}} fields:{key:"module" value:{string_value:"github.com/example/turboci-lite"}} fields:{key:"package" value:{string_value:"github.com/example/turboci-lite/cmd/server"}}

  id: test:github.com/example/turboci-lite/cmd/culprit-finder
  kind: test:github.com/example/turboci-lite/cmd/culprit-finder
 options: fields:{key:"dir" value:{string_value:"/Users/phobbs/Downloads/luci-go-refs_heads_main/turboci-lite/cmd/culprit-finder"}} fields:{key:"module" value:{string_value:"github.com/example/turboci-lite/cmd/culprit-finder"}} fields:{key:"package" value:{string_value:"github.com/example/turboci-lite/cmd/culprit-finder"}}

  id: test:github.com/example/turboci-lite/cmd/culprit-finder/internal/cli
  kind: test:github.com/example/turboci-lite/cmd/culprit-finder/internal/cli
 options: fields:{key:"dir" value:{string_value:"/Users/phobbs/Downloads/luci-go-refs_heads_main/turboci-lite/cmd/culprit-finder/internal/cli"}} fields:{key:"module" value:{string_value:"github.com/example/turboci-lite/cmd/culprit-finder"}} fields:{key:"package" value:{string_value:"github.com/example/turboci-lite/cmd/culprit-finder/internal/cli"}}

  id: test:github.com/example/turboci-lite/cmd/culprit-finder/internal/session
  kind: test:github.com/example/turboci-lite/cmd/culprit-finder/internal/session
 options: fields:{key:"dir" value:{string_value:"/Users/phobbs/Downloads/luci-go-refs_heads_main/turboci-lite/cmd/culprit-finder/internal/session"}} fields:{key:"module" value:{string_value:"github.com/example/turboci-lite/cmd/culprit-finder"}} fields:{key:"package" value:{string_value:"github.com/example/turboci-lite/cmd/culprit-finder/internal/session"}}

  id: test:github.com/example/turboci-lite/cmd/culprit-finder/internal/ui
  kind: test:github.com/example/turboci-lite/cmd/culprit-finder/internal/ui
 options: fields:{key:"dir" value:{string_value:"/Users/phobbs/Downloads/luci-go-refs_heads_main/turboci-lite/cmd/culprit-finder/internal/ui"}} fields:{key:"module" value:{string_value:"github.com/example/turboci-lite/cmd/culprit-finder"}} fields:{key:"package" value:{string_value:"github.com/example/turboci-lite/cmd/culprit-finder/internal/ui"}}

  id: e2e:e2e
  kind: e2e:e2e
 options: fields:{key:"name" value:{string_value:"e2e"}} fields:{key:"test_path" value:{string_value:"github.com/example/turboci-lite/testing/e2e"}}])
21:29:16 gRPC call: /turboci.v1.TurboCIOrchestrator/QueryNodes
21:29:17 gRPC call: /turboci.v1.TurboCIOrchestrator/QueryNodes
21:29:18 gRPC call: /turboci.v1.TurboCIOrchestrator/QueryNodes
21:29:19 gRPC call: /turboci.v1.TurboCIOrchestrator/QueryNodes
21:29:20 gRPC call: /turboci.v1.TurboCIOrchestrator/QueryNodes
21:29:20 gRPC call: /turboci.v1.TurboCIOrchestrator/QueryNodes
21:29:20 [diag] Stages: total=37 states=map[STAGE_STATE_ATTEMPTING:9 STAGE_STATE_FINAL:26 STAGE_STATE_PLANNED:2]
21:29:20 [diag] Non-final stages: 11 remaining (first 10: [stage:test:github.com/example/turboci-lite/cmd/ci/runners/tester stage:test:github.com/example/turboci-lite/cmd/ci/runners/trigger stage:test:github.com/example/turboci-lite/cmd/ci/testing stage:test:github.com/example/turboci-lite/cmd/runner-example stage:test:github.com/example/turboci-lite/cmd/server stage:test:github.com/example/turboci-lite/cmd/culprit-finder stage:test:github.com/example/turboci-lite/cmd/culprit-finder/internal/cli stage:test:github.com/example/turboci-lite/cmd/culprit-finder/internal/session stage:test:github.com/example/turboci-lite/cmd/culprit-finder/internal/ui stage:e2e:e2e])
21:29:20 gRPC call: /turboci.v1.TurboCIOrchestrator/QueryNodes
21:29:20 [diag] Checks: total=37 states=map[CHECK_STATE_FINAL:26 CHECK_STATE_PLANNING:11]
21:29:20 [diag] Non-final checks: 11 remaining (first 5: [

  id: test:github.com/example/turboci-lite/cmd/ci/runners/tester
  kind: test:github.com/example/turboci-lite/cmd/ci/runners/tester
 options: fields:{key:"dir" value:{string_value:"/Users/phobbs/Downloads/luci-go-refs_heads_main/turboci-lite/cmd/ci/runners/tester"}} fields:{key:"module" value:{string_value:"github.com/example/turboci-lite"}} fields:{key:"package" value:{string_value:"github.com/example/turboci-lite/cmd/ci/runners/tester"}}

  id: test:github.com/example/turboci-lite/cmd/ci/runners/trigger
  kind: test:github.com/example/turboci-lite/cmd/ci/runners/trigger
 options: fields:{key:"dir" value:{string_value:"/Users/phobbs/Downloads/luci-go-refs_heads_main/turboci-lite/cmd/ci/runners/trigger"}} fields:{key:"module" value:{string_value:"github.com/example/turboci-lite"}} fields:{key:"package" value:{string_value:"github.com/example/turboci-lite/cmd/ci/runners/trigger"}}

  id: test:github.com/example/turboci-lite/cmd/ci/testing
  kind: test:github.com/example/turboci-lite/cmd/ci/testing
 options: fields:{key:"dir" value:{string_value:"/Users/phobbs/Downloads/luci-go-refs_heads_main/turboci-lite/cmd/ci/testing"}} fields:{key:"module" value:{string_value:"github.com/example/turboci-lite"}} fields:{key:"package" value:{string_value:"github.com/example/turboci-lite/cmd/ci/testing"}}

  id: test:github.com/example/turboci-lite/cmd/runner-example
  kind: test:github.com/example/turboci-lite/cmd/runner-example
 options: fields:{key:"dir" value:{string_value:"/Users/phobbs/Downloads/luci-go-refs_heads_main/turboci-lite/cmd/runner-example"}} fields:{key:"module" value:{string_value:"github.com/example/turboci-lite"}} fields:{key:"package" value:{string_value:"github.com/example/turboci-lite/cmd/runner-example"}}

  id: test:github.com/example/turboci-lite/cmd/server
  kind: test:github.com/example/turboci-lite/cmd/server
 options: fields:{key:"dir" value:{string_value:"/Users/phobbs/Downloads/luci-go-refs_heads_main/turboci-lite/cmd/server"}} fields:{key:"module" value:{string_value:"github.com/example/turboci-lite"}} fields:{key:"package" value:{string_value:"github.com/example/turboci-lite/cmd/server"}}

  id: test:github.com/example/turboci-lite/cmd/culprit-finder
  kind: test:github.com/example/turboci-lite/cmd/culprit-finder
 options: fields:{key:"dir" value:{string_value:"/Users/phobbs/Downloads/luci-go-refs_heads_main/turboci-lite/cmd/culprit-finder"}} fields:{key:"module" value:{string_value:"github.com/example/turboci-lite/cmd/culprit-finder"}} fields:{key:"package" value:{string_value:"github.com/example/turboci-lite/cmd/culprit-finder"}}

  id: test:github.com/example/turboci-lite/cmd/culprit-finder/internal/cli
  kind: test:github.com/example/turboci-lite/cmd/culprit-finder/internal/cli
 options: fields:{key:"dir" value:{string_value:"/Users/phobbs/Downloads/luci-go-refs_heads_main/turboci-lite/cmd/culprit-finder/internal/cli"}} fields:{key:"module" value:{string_value:"github.com/example/turboci-lite/cmd/culprit-finder"}} fields:{key:"package" value:{string_value:"github.com/example/turboci-lite/cmd/culprit-finder/internal/cli"}}

  id: test:github.com/example/turboci-lite/cmd/culprit-finder/internal/session
  kind: test:github.com/example/turboci-lite/cmd/culprit-finder/internal/session
 options: fields:{key:"dir" value:{string_value:"/Users/phobbs/Downloads/luci-go-refs_heads_main/turboci-lite/cmd/culprit-finder/internal/session"}} fields:{key:"module" value:{string_value:"github.com/example/turboci-lite/cmd/culprit-finder"}} fields:{key:"package" value:{string_value:"github.com/example/turboci-lite/cmd/culprit-finder/internal/session"}}

  id: test:github.com/example/turboci-lite/cmd/culprit-finder/internal/ui
  kind: test:github.com/example/turboci-lite/cmd/culprit-finder/internal/ui
 options: fields:{key:"dir" value:{string_value:"/Users/phobbs/Downloads/luci-go-refs_heads_main/turboci-lite/cmd/culprit-finder/internal/ui"}} fields:{key:"module" value:{string_value:"github.com/example/turboci-lite/cmd/culprit-finder"}} fields:{key:"package" value:{string_value:"github.com/example/turboci-lite/cmd/culprit-finder/internal/ui"}}

  id: e2e:e2e
  kind: e2e:e2e
 options: fields:{key:"name" value:{string_value:"e2e"}} fields:{key:"test_path" value:{string_value:"github.com/example/turboci-lite/testing/e2e"}}])
21:29:21 gRPC call: /turboci.v1.TurboCIOrchestrator/QueryNodes
21:29:22 gRPC call: /turboci.v1.TurboCIOrchestrator/QueryNodes
21:29:23 gRPC call: /turboci.v1.TurboCIOrchestrator/QueryNodes
21:29:24 gRPC call: /turboci.v1.TurboCIOrchestrator/QueryNodes
21:29:25 gRPC call: /turboci.v1.TurboCIOrchestrator/QueryNodes
21:29:25 gRPC call: /turboci.v1.TurboCIOrchestrator/QueryNodes
21:29:25 [diag] Stages: total=37 states=map[STAGE_STATE_ATTEMPTING:9 STAGE_STATE_FINAL:26 STAGE_STATE_PLANNED:2]
21:29:25 [diag] Non-final stages: 11 remaining (first 10: [stage:test:github.com/example/turboci-lite/cmd/ci/runners/tester stage:test:github.com/example/turboci-lite/cmd/ci/runners/trigger stage:test:github.com/example/turboci-lite/cmd/ci/testing stage:test:github.com/example/turboci-lite/cmd/runner-example stage:test:github.com/example/turboci-lite/cmd/server stage:test:github.com/example/turboci-lite/cmd/culprit-finder stage:test:github.com/example/turboci-lite/cmd/culprit-finder/internal/cli stage:test:github.com/example/turboci-lite/cmd/culprit-finder/internal/session stage:test:github.com/example/turboci-lite/cmd/culprit-finder/internal/ui stage:e2e:e2e])
21:29:25 gRPC call: /turboci.v1.TurboCIOrchestrator/QueryNodes
21:29:25 [diag] Checks: total=37 states=map[CHECK_STATE_FINAL:26 CHECK_STATE_PLANNING:11]
21:29:25 [diag] Non-final checks: 11 remaining (first 5: [

  id: test:github.com/example/turboci-lite/cmd/ci/runners/tester
  kind: test:github.com/example/turboci-lite/cmd/ci/runners/tester
 options: fields:{key:"dir" value:{string_value:"/Users/phobbs/Downloads/luci-go-refs_heads_main/turboci-lite/cmd/ci/runners/tester"}} fields:{key:"module" value:{string_value:"github.com/example/turboci-lite"}} fields:{key:"package" value:{string_value:"github.com/example/turboci-lite/cmd/ci/runners/tester"}}

  id: test:github.com/example/turboci-lite/cmd/ci/runners/trigger
  kind: test:github.com/example/turboci-lite/cmd/ci/runners/trigger
 options: fields:{key:"dir" value:{string_value:"/Users/phobbs/Downloads/luci-go-refs_heads_main/turboci-lite/cmd/ci/runners/trigger"}} fields:{key:"module" value:{string_value:"github.com/example/turboci-lite"}} fields:{key:"package" value:{string_value:"github.com/example/turboci-lite/cmd/ci/runners/trigger"}}

  id: test:github.com/example/turboci-lite/cmd/ci/testing
  kind: test:github.com/example/turboci-lite/cmd/ci/testing
 options: fields:{key:"dir" value:{string_value:"/Users/phobbs/Downloads/luci-go-refs_heads_main/turboci-lite/cmd/ci/testing"}} fields:{key:"module" value:{string_value:"github.com/example/turboci-lite"}} fields:{key:"package" value:{string_value:"github.com/example/turboci-lite/cmd/ci/testing"}}

  id: test:github.com/example/turboci-lite/cmd/runner-example
  kind: test:github.com/example/turboci-lite/cmd/runner-example
 options: fields:{key:"dir" value:{string_value:"/Users/phobbs/Downloads/luci-go-refs_heads_main/turboci-lite/cmd/runner-example"}} fields:{key:"module" value:{string_value:"github.com/example/turboci-lite"}} fields:{key:"package" value:{string_value:"github.com/example/turboci-lite/cmd/runner-example"}}

  id: test:github.com/example/turboci-lite/cmd/server
  kind: test:github.com/example/turboci-lite/cmd/server
 options: fields:{key:"dir" value:{string_value:"/Users/phobbs/Downloads/luci-go-refs_heads_main/turboci-lite/cmd/server"}} fields:{key:"module" value:{string_value:"github.com/example/turboci-lite"}} fields:{key:"package" value:{string_value:"github.com/example/turboci-lite/cmd/server"}}

  id: test:github.com/example/turboci-lite/cmd/culprit-finder
  kind: test:github.com/example/turboci-lite/cmd/culprit-finder
 options: fields:{key:"dir" value:{string_value:"/Users/phobbs/Downloads/luci-go-refs_heads_main/turboci-lite/cmd/culprit-finder"}} fields:{key:"module" value:{string_value:"github.com/example/turboci-lite/cmd/culprit-finder"}} fields:{key:"package" value:{string_value:"github.com/example/turboci-lite/cmd/culprit-finder"}}

  id: test:github.com/example/turboci-lite/cmd/culprit-finder/internal/cli
  kind: test:github.com/example/turboci-lite/cmd/culprit-finder/internal/cli
 options: fields:{key:"dir" value:{string_value:"/Users/phobbs/Downloads/luci-go-refs_heads_main/turboci-lite/cmd/culprit-finder/internal/cli"}} fields:{key:"module" value:{string_value:"github.com/example/turboci-lite/cmd/culprit-finder"}} fields:{key:"package" value:{string_value:"github.com/example/turboci-lite/cmd/culprit-finder/internal/cli"}}

  id: test:github.com/example/turboci-lite/cmd/culprit-finder/internal/session
  kind: test:github.com/example/turboci-lite/cmd/culprit-finder/internal/session
 options: fields:{key:"dir" value:{string_value:"/Users/phobbs/Downloads/luci-go-refs_heads_main/turboci-lite/cmd/culprit-finder/internal/session"}} fields:{key:"module" value:{string_value:"github.com/example/turboci-lite/cmd/culprit-finder"}} fields:{key:"package" value:{string_value:"github.com/example/turboci-lite/cmd/culprit-finder/internal/session"}}

  id: test:github.com/example/turboci-lite/cmd/culprit-finder/internal/ui
  kind: test:github.com/example/turboci-lite/cmd/culprit-finder/internal/ui
 options: fields:{key:"dir" value:{string_value:"/Users/phobbs/Downloads/luci-go-refs_heads_main/turboci-lite/cmd/culprit-finder/internal/ui"}} fields:{key:"module" value:{string_value:"github.com/example/turboci-lite/cmd/culprit-finder"}} fields:{key:"package" value:{string_value:"github.com/example/turboci-lite/cmd/culprit-finder/internal/ui"}}

  id: e2e:e2e
  kind: e2e:e2e
 options: fields:{key:"name" value:{string_value:"e2e"}} fields:{key:"test_path" value:{string_value:"github.com/example/turboci-lite/testing/e2e"}}])
21:29:26 gRPC call: /turboci.v1.TurboCIOrchestrator/QueryNodes
21:29:27 gRPC call: /turboci.v1.TurboCIOrchestrator/QueryNodes
21:29:28 gRPC call: /turboci.v1.TurboCIOrchestrator/QueryNodes
21:29:29 gRPC call: /turboci.v1.TurboCIOrchestrator/QueryNodes
21:29:29 dispatcher: cleaned up 6 expired runner registrations
21:29:29 gRPC call: /turboci.v1.TurboCIOrchestrator/RegisterStageRunner
21:29:29 gRPC call: /turboci.v1.TurboCIOrchestrator/RegisterStageRunner
21:29:29 gRPC call: /turboci.v1.TurboCIOrchestrator/RegisterStageRunner
21:29:29 gRPC call: /turboci.v1.TurboCIOrchestrator/RegisterStageRunner
21:29:29 gRPC call: /turboci.v1.TurboCIOrchestrator/RegisterStageRunner
21:29:29 gRPC call: /turboci.v1.TurboCIOrchestrator/RegisterStageRunner
21:29:30 gRPC call: /turboci.v1.TurboCIOrchestrator/QueryNodes
21:29:30 gRPC call: /turboci.v1.TurboCIOrchestrator/QueryNodes
21:29:30 [diag] Stages: total=37 states=map[STAGE_STATE_ATTEMPTING:9 STAGE_STATE_FINAL:26 STAGE_STATE_PLANNED:2]
21:29:30 [diag] Non-final stages: 11 remaining (first 10: [stage:test:github.com/example/turboci-lite/cmd/ci/runners/tester stage:test:github.com/example/turboci-lite/cmd/ci/runners/trigger stage:test:github.com/example/turboci-lite/cmd/ci/testing stage:test:github.com/example/turboci-lite/cmd/runner-example stage:test:github.com/example/turboci-lite/cmd/server stage:test:github.com/example/turboci-lite/cmd/culprit-finder stage:test:github.com/example/turboci-lite/cmd/culprit-finder/internal/cli stage:test:github.com/example/turboci-lite/cmd/culprit-finder/internal/session stage:test:github.com/example/turboci-lite/cmd/culprit-finder/internal/ui stage:e2e:e2e])
21:29:30 gRPC call: /turboci.v1.TurboCIOrchestrator/QueryNodes
21:29:30 [diag] Checks: total=37 states=map[CHECK_STATE_FINAL:26 CHECK_STATE_PLANNING:11]
21:29:30 [diag] Non-final checks: 11 remaining (first 5: [

  id: test:github.com/example/turboci-lite/cmd/ci/runners/tester
  kind: test:github.com/example/turboci-lite/cmd/ci/runners/tester
 options: fields:{key:"dir" value:{string_value:"/Users/phobbs/Downloads/luci-go-refs_heads_main/turboci-lite/cmd/ci/runners/tester"}} fields:{key:"module" value:{string_value:"github.com/example/turboci-lite"}} fields:{key:"package" value:{string_value:"github.com/example/turboci-lite/cmd/ci/runners/tester"}}

  id: test:github.com/example/turboci-lite/cmd/ci/runners/trigger
  kind: test:github.com/example/turboci-lite/cmd/ci/runners/trigger
 options: fields:{key:"dir" value:{string_value:"/Users/phobbs/Downloads/luci-go-refs_heads_main/turboci-lite/cmd/ci/runners/trigger"}} fields:{key:"module" value:{string_value:"github.com/example/turboci-lite"}} fields:{key:"package" value:{string_value:"github.com/example/turboci-lite/cmd/ci/runners/trigger"}}

  id: test:github.com/example/turboci-lite/cmd/ci/testing
  kind: test:github.com/example/turboci-lite/cmd/ci/testing
 options: fields:{key:"dir" value:{string_value:"/Users/phobbs/Downloads/luci-go-refs_heads_main/turboci-lite/cmd/ci/testing"}} fields:{key:"module" value:{string_value:"github.com/example/turboci-lite"}} fields:{key:"package" value:{string_value:"github.com/example/turboci-lite/cmd/ci/testing"}}

  id: test:github.com/example/turboci-lite/cmd/runner-example
  kind: test:github.com/example/turboci-lite/cmd/runner-example
 options: fields:{key:"dir" value:{string_value:"/Users/phobbs/Downloads/luci-go-refs_heads_main/turboci-lite/cmd/runner-example"}} fields:{key:"module" value:{string_value:"github.com/example/turboci-lite"}} fields:{key:"package" value:{string_value:"github.com/example/turboci-lite/cmd/runner-example"}}

  id: test:github.com/example/turboci-lite/cmd/server
  kind: test:github.com/example/turboci-lite/cmd/server
 options: fields:{key:"dir" value:{string_value:"/Users/phobbs/Downloads/luci-go-refs_heads_main/turboci-lite/cmd/server"}} fields:{key:"module" value:{string_value:"github.com/example/turboci-lite"}} fields:{key:"package" value:{string_value:"github.com/example/turboci-lite/cmd/server"}}

  id: test:github.com/example/turboci-lite/cmd/culprit-finder
  kind: test:github.com/example/turboci-lite/cmd/culprit-finder
 options: fields:{key:"dir" value:{string_value:"/Users/phobbs/Downloads/luci-go-refs_heads_main/turboci-lite/cmd/culprit-finder"}} fields:{key:"module" value:{string_value:"github.com/example/turboci-lite/cmd/culprit-finder"}} fields:{key:"package" value:{string_value:"github.com/example/turboci-lite/cmd/culprit-finder"}}

  id: test:github.com/example/turboci-lite/cmd/culprit-finder/internal/cli
  kind: test:github.com/example/turboci-lite/cmd/culprit-finder/internal/cli
 options: fields:{key:"dir" value:{string_value:"/Users/phobbs/Downloads/luci-go-refs_heads_main/turboci-lite/cmd/culprit-finder/internal/cli"}} fields:{key:"module" value:{string_value:"github.com/example/turboci-lite/cmd/culprit-finder"}} fields:{key:"package" value:{string_value:"github.com/example/turboci-lite/cmd/culprit-finder/internal/cli"}}

  id: test:github.com/example/turboci-lite/cmd/culprit-finder/internal/session
  kind: test:github.com/example/turboci-lite/cmd/culprit-finder/internal/session
 options: fields:{key:"dir" value:{string_value:"/Users/phobbs/Downloads/luci-go-refs_heads_main/turboci-lite/cmd/culprit-finder/internal/session"}} fields:{key:"module" value:{string_value:"github.com/example/turboci-lite/cmd/culprit-finder"}} fields:{key:"package" value:{string_value:"github.com/example/turboci-lite/cmd/culprit-finder/internal/session"}}

  id: test:github.com/example/turboci-lite/cmd/culprit-finder/internal/ui
  kind: test:github.com/example/turboci-lite/cmd/culprit-finder/internal/ui
 options: fields:{key:"dir" value:{string_value:"/Users/phobbs/Downloads/luci-go-refs_heads_main/turboci-lite/cmd/culprit-finder/internal/ui"}} fields:{key:"module" value:{string_value:"github.com/example/turboci-lite/cmd/culprit-finder"}} fields:{key:"package" value:{string_value:"github.com/example/turboci-lite/cmd/culprit-finder/internal/ui"}}

  id: e2e:e2e
  kind: e2e:e2e
 options: fields:{key:"name" value:{string_value:"e2e"}} fields:{key:"test_path" value:{string_value:"github.com/example/turboci-lite/testing/e2e"}}])
21:29:31 gRPC call: /turboci.v1.TurboCIOrchestrator/QueryNodes
21:29:32 gRPC call: /turboci.v1.TurboCIOrchestrator/QueryNodes
21:29:33 gRPC call: /turboci.v1.TurboCIOrchestrator/QueryNodes
21:29:34 gRPC call: /turboci.v1.TurboCIOrchestrator/QueryNodes
21:29:35 gRPC call: /turboci.v1.TurboCIOrchestrator/QueryNodes
21:29:35 gRPC call: /turboci.v1.TurboCIOrchestrator/QueryNodes
21:29:35 [diag] Stages: total=37 states=map[STAGE_STATE_ATTEMPTING:5 STAGE_STATE_FINAL:30 STAGE_STATE_PLANNED:2]
21:29:35 [diag] Non-final stages: [stage:test:github.com/example/turboci-lite/cmd/runner-example stage:test:github.com/example/turboci-lite/cmd/server stage:test:github.com/example/turboci-lite/cmd/culprit-finder/internal/cli stage:test:github.com/example/turboci-lite/cmd/culprit-finder/internal/session stage:test:github.com/example/turboci-lite/cmd/culprit-finder/internal/ui stage:e2e:e2e stage:collector]
21:29:35 gRPC call: /turboci.v1.TurboCIOrchestrator/QueryNodes
21:29:35 [diag] Checks: total=37 states=map[CHECK_STATE_FINAL:30 CHECK_STATE_PLANNING:7]
21:29:35 [diag] Non-final checks: [

  id: test:github.com/example/turboci-lite/cmd/runner-example
  kind: test:github.com/example/turboci-lite/cmd/runner-example
 options: fields:{key:"dir" value:{string_value:"/Users/phobbs/Downloads/luci-go-refs_heads_main/turboci-lite/cmd/runner-example"}} fields:{key:"module" value:{string_value:"github.com/example/turboci-lite"}} fields:{key:"package" value:{string_value:"github.com/example/turboci-lite/cmd/runner-example"}}

  id: test:github.com/example/turboci-lite/cmd/server
  kind: test:github.com/example/turboci-lite/cmd/server
 options: fields:{key:"dir" value:{string_value:"/Users/phobbs/Downloads/luci-go-refs_heads_main/turboci-lite/cmd/server"}} fields:{key:"module" value:{string_value:"github.com/example/turboci-lite"}} fields:{key:"package" value:{string_value:"github.com/example/turboci-lite/cmd/server"}}

  id: test:github.com/example/turboci-lite/cmd/culprit-finder/internal/cli
  kind: test:github.com/example/turboci-lite/cmd/culprit-finder/internal/cli
 options: fields:{key:"dir" value:{string_value:"/Users/phobbs/Downloads/luci-go-refs_heads_main/turboci-lite/cmd/culprit-finder/internal/cli"}} fields:{key:"module" value:{string_value:"github.com/example/turboci-lite/cmd/culprit-finder"}} fields:{key:"package" value:{string_value:"github.com/example/turboci-lite/cmd/culprit-finder/internal/cli"}}

  id: test:github.com/example/turboci-lite/cmd/culprit-finder/internal/session
  kind: test:github.com/example/turboci-lite/cmd/culprit-finder/internal/session
 options: fields:{key:"dir" value:{string_value:"/Users/phobbs/Downloads/luci-go-refs_heads_main/turboci-lite/cmd/culprit-finder/internal/session"}} fields:{key:"module" value:{string_value:"github.com/example/turboci-lite/cmd/culprit-finder"}} fields:{key:"package" value:{string_value:"github.com/example/turboci-lite/cmd/culprit-finder/internal/session"}}

  id: test:github.com/example/turboci-lite/cmd/culprit-finder/internal/ui
  kind: test:github.com/example/turboci-lite/cmd/culprit-finder/internal/ui
 options: fields:{key:"dir" value:{string_value:"/Users/phobbs/Downloads/luci-go-refs_heads_main/turboci-lite/cmd/culprit-finder/internal/ui"}} fields:{key:"module" value:{string_value:"github.com/example/turboci-lite/cmd/culprit-finder"}} fields:{key:"package" value:{string_value:"github.com/example/turboci-lite/cmd/culprit-finder/internal/ui"}}

  id: e2e:e2e
  kind: e2e:e2e
 options: fields:{key:"name" value:{string_value:"e2e"}} fields:{key:"test_path" value:{string_value:"github.com/example/turboci-lite/testing/e2e"}}

  id: collector:results
  kind: collector:results
 options: ]
21:29:36 gRPC call: /turboci.v1.TurboCIOrchestrator/QueryNodes
21:29:37 gRPC call: /turboci.v1.TurboCIOrchestrator/QueryNodes
21:29:38 gRPC call: /turboci.v1.TurboCIOrchestrator/QueryNodes
21:29:39 gRPC call: /turboci.v1.TurboCIOrchestrator/QueryNodes
21:29:40 gRPC call: /turboci.v1.TurboCIOrchestrator/QueryNodes
21:29:40 gRPC call: /turboci.v1.TurboCIOrchestrator/QueryNodes
21:29:40 [diag] Stages: total=37 states=map[STAGE_STATE_ATTEMPTING:5 STAGE_STATE_FINAL:30 STAGE_STATE_PLANNED:2]
21:29:40 [diag] Non-final stages: [stage:test:github.com/example/turboci-lite/cmd/runner-example stage:test:github.com/example/turboci-lite/cmd/server stage:test:github.com/example/turboci-lite/cmd/culprit-finder/internal/cli stage:test:github.com/example/turboci-lite/cmd/culprit-finder/internal/session stage:test:github.com/example/turboci-lite/cmd/culprit-finder/internal/ui stage:e2e:e2e stage:collector]
21:29:40 gRPC call: /turboci.v1.TurboCIOrchestrator/QueryNodes
21:29:40 [diag] Checks: total=37 states=map[CHECK_STATE_FINAL:30 CHECK_STATE_PLANNING:7]
21:29:40 [diag] Non-final checks: [

  id: test:github.com/example/turboci-lite/cmd/runner-example
  kind: test:github.com/example/turboci-lite/cmd/runner-example
 options: fields:{key:"dir" value:{string_value:"/Users/phobbs/Downloads/luci-go-refs_heads_main/turboci-lite/cmd/runner-example"}} fields:{key:"module" value:{string_value:"github.com/example/turboci-lite"}} fields:{key:"package" value:{string_value:"github.com/example/turboci-lite/cmd/runner-example"}}

  id: test:github.com/example/turboci-lite/cmd/server
  kind: test:github.com/example/turboci-lite/cmd/server
 options: fields:{key:"dir" value:{string_value:"/Users/phobbs/Downloads/luci-go-refs_heads_main/turboci-lite/cmd/server"}} fields:{key:"module" value:{string_value:"github.com/example/turboci-lite"}} fields:{key:"package" value:{string_value:"github.com/example/turboci-lite/cmd/server"}}

  id: test:github.com/example/turboci-lite/cmd/culprit-finder/internal/cli
  kind: test:github.com/example/turboci-lite/cmd/culprit-finder/internal/cli
 options: fields:{key:"dir" value:{string_value:"/Users/phobbs/Downloads/luci-go-refs_heads_main/turboci-lite/cmd/culprit-finder/internal/cli"}} fields:{key:"module" value:{string_value:"github.com/example/turboci-lite/cmd/culprit-finder"}} fields:{key:"package" value:{string_value:"github.com/example/turboci-lite/cmd/culprit-finder/internal/cli"}}

  id: test:github.com/example/turboci-lite/cmd/culprit-finder/internal/session
  kind: test:github.com/example/turboci-lite/cmd/culprit-finder/internal/session
 options: fields:{key:"dir" value:{string_value:"/Users/phobbs/Downloads/luci-go-refs_heads_main/turboci-lite/cmd/culprit-finder/internal/session"}} fields:{key:"module" value:{string_value:"github.com/example/turboci-lite/cmd/culprit-finder"}} fields:{key:"package" value:{string_value:"github.com/example/turboci-lite/cmd/culprit-finder/internal/session"}}

  id: test:github.com/example/turboci-lite/cmd/culprit-finder/internal/ui
  kind: test:github.com/example/turboci-lite/cmd/culprit-finder/internal/ui
 options: fields:{key:"dir" value:{string_value:"/Users/phobbs/Downloads/luci-go-refs_heads_main/turboci-lite/cmd/culprit-finder/internal/ui"}} fields:{key:"module" value:{string_value:"github.com/example/turboci-lite/cmd/culprit-finder"}} fields:{key:"package" value:{string_value:"github.com/example/turboci-lite/cmd/culprit-finder/internal/ui"}}

  id: e2e:e2e
  kind: e2e:e2e
 options: fields:{key:"name" value:{string_value:"e2e"}} fields:{key:"test_path" value:{string_value:"github.com/example/turboci-lite/testing/e2e"}}

  id: collector:results
  kind: collector:results
 options: ]
21:29:41 gRPC call: /turboci.v1.TurboCIOrchestrator/QueryNodes
21:29:42 gRPC call: /turboci.v1.TurboCIOrchestrator/QueryNodes
21:29:43 gRPC call: /turboci.v1.TurboCIOrchestrator/QueryNodes
21:29:44 gRPC call: /turboci.v1.TurboCIOrchestrator/QueryNodes
21:29:45 gRPC call: /turboci.v1.TurboCIOrchestrator/QueryNodes
21:29:45 gRPC call: /turboci.v1.TurboCIOrchestrator/QueryNodes
21:29:45 [diag] Stages: total=37 states=map[STAGE_STATE_ATTEMPTING:5 STAGE_STATE_FINAL:30 STAGE_STATE_PLANNED:2]
21:29:45 [diag] Non-final stages: [stage:test:github.com/example/turboci-lite/cmd/runner-example stage:test:github.com/example/turboci-lite/cmd/server stage:test:github.com/example/turboci-lite/cmd/culprit-finder/internal/cli stage:test:github.com/example/turboci-lite/cmd/culprit-finder/internal/session stage:test:github.com/example/turboci-lite/cmd/culprit-finder/internal/ui stage:e2e:e2e stage:collector]
21:29:45 gRPC call: /turboci.v1.TurboCIOrchestrator/QueryNodes
21:29:45 [diag] Checks: total=37 states=map[CHECK_STATE_FINAL:30 CHECK_STATE_PLANNING:7]
21:29:45 [diag] Non-final checks: [

  id: test:github.com/example/turboci-lite/cmd/runner-example
  kind: test:github.com/example/turboci-lite/cmd/runner-example
 options: fields:{key:"dir" value:{string_value:"/Users/phobbs/Downloads/luci-go-refs_heads_main/turboci-lite/cmd/runner-example"}} fields:{key:"module" value:{string_value:"github.com/example/turboci-lite"}} fields:{key:"package" value:{string_value:"github.com/example/turboci-lite/cmd/runner-example"}}

  id: test:github.com/example/turboci-lite/cmd/server
  kind: test:github.com/example/turboci-lite/cmd/server
 options: fields:{key:"dir" value:{string_value:"/Users/phobbs/Downloads/luci-go-refs_heads_main/turboci-lite/cmd/server"}} fields:{key:"module" value:{string_value:"github.com/example/turboci-lite"}} fields:{key:"package" value:{string_value:"github.com/example/turboci-lite/cmd/server"}}

  id: test:github.com/example/turboci-lite/cmd/culprit-finder/internal/cli
  kind: test:github.com/example/turboci-lite/cmd/culprit-finder/internal/cli
 options: fields:{key:"dir" value:{string_value:"/Users/phobbs/Downloads/luci-go-refs_heads_main/turboci-lite/cmd/culprit-finder/internal/cli"}} fields:{key:"module" value:{string_value:"github.com/example/turboci-lite/cmd/culprit-finder"}} fields:{key:"package" value:{string_value:"github.com/example/turboci-lite/cmd/culprit-finder/internal/cli"}}

  id: test:github.com/example/turboci-lite/cmd/culprit-finder/internal/session
  kind: test:github.com/example/turboci-lite/cmd/culprit-finder/internal/session
 options: fields:{key:"dir" value:{string_value:"/Users/phobbs/Downloads/luci-go-refs_heads_main/turboci-lite/cmd/culprit-finder/internal/session"}} fields:{key:"module" value:{string_value:"github.com/example/turboci-lite/cmd/culprit-finder"}} fields:{key:"package" value:{string_value:"github.com/example/turboci-lite/cmd/culprit-finder/internal/session"}}

  id: test:github.com/example/turboci-lite/cmd/culprit-finder/internal/ui
  kind: test:github.com/example/turboci-lite/cmd/culprit-finder/internal/ui
 options: fields:{key:"dir" value:{string_value:"/Users/phobbs/Downloads/luci-go-refs_heads_main/turboci-lite/cmd/culprit-finder/internal/ui"}} fields:{key:"module" value:{string_value:"github.com/example/turboci-lite/cmd/culprit-finder"}} fields:{key:"package" value:{string_value:"github.com/example/turboci-lite/cmd/culprit-finder/internal/ui"}}

  id: e2e:e2e
  kind: e2e:e2e
 options: fields:{key:"name" value:{string_value:"e2e"}} fields:{key:"test_path" value:{string_value:"github.com/example/turboci-lite/testing/e2e"}}

  id: collector:results
  kind: collector:results
 options: ]
21:29:46 gRPC call: /turboci.v1.TurboCIOrchestrator/QueryNodes
21:29:47 gRPC call: /turboci.v1.TurboCIOrchestrator/QueryNodes
21:29:48 gRPC call: /turboci.v1.TurboCIOrchestrator/QueryNodes
21:29:49 gRPC call: /turboci.v1.TurboCIOrchestrator/QueryNodes
21:29:50 gRPC call: /turboci.v1.TurboCIOrchestrator/QueryNodes
21:29:50 gRPC call: /turboci.v1.TurboCIOrchestrator/QueryNodes
21:29:50 [diag] Stages: total=37 states=map[STAGE_STATE_ATTEMPTING:5 STAGE_STATE_FINAL:30 STAGE_STATE_PLANNED:2]
21:29:50 [diag] Non-final stages: [stage:test:github.com/example/turboci-lite/cmd/runner-example stage:test:github.com/example/turboci-lite/cmd/server stage:test:github.com/example/turboci-lite/cmd/culprit-finder/internal/cli stage:test:github.com/example/turboci-lite/cmd/culprit-finder/internal/session stage:test:github.com/example/turboci-lite/cmd/culprit-finder/internal/ui stage:e2e:e2e stage:collector]
21:29:50 gRPC call: /turboci.v1.TurboCIOrchestrator/QueryNodes
21:29:50 [diag] Checks: total=37 states=map[CHECK_STATE_FINAL:30 CHECK_STATE_PLANNING:7]
21:29:50 [diag] Non-final checks: [

  id: test:github.com/example/turboci-lite/cmd/runner-example
  kind: test:github.com/example/turboci-lite/cmd/runner-example
 options: fields:{key:"dir" value:{string_value:"/Users/phobbs/Downloads/luci-go-refs_heads_main/turboci-lite/cmd/runner-example"}} fields:{key:"module" value:{string_value:"github.com/example/turboci-lite"}} fields:{key:"package" value:{string_value:"github.com/example/turboci-lite/cmd/runner-example"}}

  id: test:github.com/example/turboci-lite/cmd/server
  kind: test:github.com/example/turboci-lite/cmd/server
 options: fields:{key:"dir" value:{string_value:"/Users/phobbs/Downloads/luci-go-refs_heads_main/turboci-lite/cmd/server"}} fields:{key:"module" value:{string_value:"github.com/example/turboci-lite"}} fields:{key:"package" value:{string_value:"github.com/example/turboci-lite/cmd/server"}}

  id: test:github.com/example/turboci-lite/cmd/culprit-finder/internal/cli
  kind: test:github.com/example/turboci-lite/cmd/culprit-finder/internal/cli
 options: fields:{key:"dir" value:{string_value:"/Users/phobbs/Downloads/luci-go-refs_heads_main/turboci-lite/cmd/culprit-finder/internal/cli"}} fields:{key:"module" value:{string_value:"github.com/example/turboci-lite/cmd/culprit-finder"}} fields:{key:"package" value:{string_value:"github.com/example/turboci-lite/cmd/culprit-finder/internal/cli"}}

  id: test:github.com/example/turboci-lite/cmd/culprit-finder/internal/session
  kind: test:github.com/example/turboci-lite/cmd/culprit-finder/internal/session
 options: fields:{key:"dir" value:{string_value:"/Users/phobbs/Downloads/luci-go-refs_heads_main/turboci-lite/cmd/culprit-finder/internal/session"}} fields:{key:"module" value:{string_value:"github.com/example/turboci-lite/cmd/culprit-finder"}} fields:{key:"package" value:{string_value:"github.com/example/turboci-lite/cmd/culprit-finder/internal/session"}}

  id: test:github.com/example/turboci-lite/cmd/culprit-finder/internal/ui
  kind: test:github.com/example/turboci-lite/cmd/culprit-finder/internal/ui
 options: fields:{key:"dir" value:{string_value:"/Users/phobbs/Downloads/luci-go-refs_heads_main/turboci-lite/cmd/culprit-finder/internal/ui"}} fields:{key:"module" value:{string_value:"github.com/example/turboci-lite/cmd/culprit-finder"}} fields:{key:"package" value:{string_value:"github.com/example/turboci-lite/cmd/culprit-finder/internal/ui"}}

  id: e2e:e2e
  kind: e2e:e2e
 options: fields:{key:"name" value:{string_value:"e2e"}} fields:{key:"test_path" value:{string_value:"github.com/example/turboci-lite/testing/e2e"}}

  id: collector:results
  kind: collector:results
 options: ]
21:29:51 gRPC call: /turboci.v1.TurboCIOrchestrator/QueryNodes
21:29:52 gRPC call: /turboci.v1.TurboCIOrchestrator/QueryNodes
21:29:53 gRPC call: /turboci.v1.TurboCIOrchestrator/QueryNodes
21:29:54 gRPC call: /turboci.v1.TurboCIOrchestrator/QueryNodes
21:29:55 gRPC call: /turboci.v1.TurboCIOrchestrator/QueryNodes
21:29:55 gRPC call: /turboci.v1.TurboCIOrchestrator/QueryNodes
21:29:55 [diag] Stages: total=37 states=map[STAGE_STATE_ATTEMPTING:5 STAGE_STATE_FINAL:30 STAGE_STATE_PLANNED:2]
21:29:55 [diag] Non-final stages: [stage:test:github.com/example/turboci-lite/cmd/runner-example stage:test:github.com/example/turboci-lite/cmd/server stage:test:github.com/example/turboci-lite/cmd/culprit-finder/internal/cli stage:test:github.com/example/turboci-lite/cmd/culprit-finder/internal/session stage:test:github.com/example/turboci-lite/cmd/culprit-finder/internal/ui stage:e2e:e2e stage:collector]
21:29:55 gRPC call: /turboci.v1.TurboCIOrchestrator/QueryNodes
21:29:55 [diag] Checks: total=37 states=map[CHECK_STATE_FINAL:30 CHECK_STATE_PLANNING:7]
21:29:55 [diag] Non-final checks: [

  id: test:github.com/example/turboci-lite/cmd/runner-example
  kind: test:github.com/example/turboci-lite/cmd/runner-example
 options: fields:{key:"dir" value:{string_value:"/Users/phobbs/Downloads/luci-go-refs_heads_main/turboci-lite/cmd/runner-example"}} fields:{key:"module" value:{string_value:"github.com/example/turboci-lite"}} fields:{key:"package" value:{string_value:"github.com/example/turboci-lite/cmd/runner-example"}}

  id: test:github.com/example/turboci-lite/cmd/server
  kind: test:github.com/example/turboci-lite/cmd/server
 options: fields:{key:"dir" value:{string_value:"/Users/phobbs/Downloads/luci-go-refs_heads_main/turboci-lite/cmd/server"}} fields:{key:"module" value:{string_value:"github.com/example/turboci-lite"}} fields:{key:"package" value:{string_value:"github.com/example/turboci-lite/cmd/server"}}

  id: test:github.com/example/turboci-lite/cmd/culprit-finder/internal/cli
  kind: test:github.com/example/turboci-lite/cmd/culprit-finder/internal/cli
 options: fields:{key:"dir" value:{string_value:"/Users/phobbs/Downloads/luci-go-refs_heads_main/turboci-lite/cmd/culprit-finder/internal/cli"}} fields:{key:"module" value:{string_value:"github.com/example/turboci-lite/cmd/culprit-finder"}} fields:{key:"package" value:{string_value:"github.com/example/turboci-lite/cmd/culprit-finder/internal/cli"}}

  id: test:github.com/example/turboci-lite/cmd/culprit-finder/internal/session
  kind: test:github.com/example/turboci-lite/cmd/culprit-finder/internal/session
 options: fields:{key:"dir" value:{string_value:"/Users/phobbs/Downloads/luci-go-refs_heads_main/turboci-lite/cmd/culprit-finder/internal/session"}} fields:{key:"module" value:{string_value:"github.com/example/turboci-lite/cmd/culprit-finder"}} fields:{key:"package" value:{string_value:"github.com/example/turboci-lite/cmd/culprit-finder/internal/session"}}

  id: test:github.com/example/turboci-lite/cmd/culprit-finder/internal/ui
  kind: test:github.com/example/turboci-lite/cmd/culprit-finder/internal/ui
 options: fields:{key:"dir" value:{string_value:"/Users/phobbs/Downloads/luci-go-refs_heads_main/turboci-lite/cmd/culprit-finder/internal/ui"}} fields:{key:"module" value:{string_value:"github.com/example/turboci-lite/cmd/culprit-finder"}} fields:{key:"package" value:{string_value:"github.com/example/turboci-lite/cmd/culprit-finder/internal/ui"}}

  id: e2e:e2e
  kind: e2e:e2e
 options: fields:{key:"name" value:{string_value:"e2e"}} fields:{key:"test_path" value:{string_value:"github.com/example/turboci-lite/testing/e2e"}}

  id: collector:results
  kind: collector:results
 options: ]
21:29:56 gRPC call: /turboci.v1.TurboCIOrchestrator/QueryNodes
21:29:57 gRPC call: /turboci.v1.TurboCIOrchestrator/QueryNodes
21:29:58 gRPC call: /turboci.v1.TurboCIOrchestrator/QueryNodes
21:29:59 gRPC call: /turboci.v1.TurboCIOrchestrator/QueryNodes
21:30:00 gRPC call: /turboci.v1.TurboCIOrchestrator/QueryNodes
21:30:00 gRPC call: /turboci.v1.TurboCIOrchestrator/QueryNodes
21:30:00 [diag] Stages: total=37 states=map[STAGE_STATE_ATTEMPTING:5 STAGE_STATE_FINAL:30 STAGE_STATE_PLANNED:2]
21:30:00 [diag] Non-final stages: [stage:test:github.com/example/turboci-lite/cmd/runner-example stage:test:github.com/example/turboci-lite/cmd/server stage:test:github.com/example/turboci-lite/cmd/culprit-finder/internal/cli stage:test:github.com/example/turboci-lite/cmd/culprit-finder/internal/session stage:test:github.com/example/turboci-lite/cmd/culprit-finder/internal/ui stage:e2e:e2e stage:collector]
21:30:00 gRPC call: /turboci.v1.TurboCIOrchestrator/QueryNodes
21:30:00 [diag] Checks: total=37 states=map[CHECK_STATE_FINAL:30 CHECK_STATE_PLANNING:7]
21:30:00 [diag] Non-final checks: [

  id: test:github.com/example/turboci-lite/cmd/runner-example
  kind: test:github.com/example/turboci-lite/cmd/runner-example
 options: fields:{key:"dir" value:{string_value:"/Users/phobbs/Downloads/luci-go-refs_heads_main/turboci-lite/cmd/runner-example"}} fields:{key:"module" value:{string_value:"github.com/example/turboci-lite"}} fields:{key:"package" value:{string_value:"github.com/example/turboci-lite/cmd/runner-example"}}

  id: test:github.com/example/turboci-lite/cmd/server
  kind: test:github.com/example/turboci-lite/cmd/server
 options: fields:{key:"dir" value:{string_value:"/Users/phobbs/Downloads/luci-go-refs_heads_main/turboci-lite/cmd/server"}} fields:{key:"module" value:{string_value:"github.com/example/turboci-lite"}} fields:{key:"package" value:{string_value:"github.com/example/turboci-lite/cmd/server"}}

  id: test:github.com/example/turboci-lite/cmd/culprit-finder/internal/cli
  kind: test:github.com/example/turboci-lite/cmd/culprit-finder/internal/cli
 options: fields:{key:"dir" value:{string_value:"/Users/phobbs/Downloads/luci-go-refs_heads_main/turboci-lite/cmd/culprit-finder/internal/cli"}} fields:{key:"module" value:{string_value:"github.com/example/turboci-lite/cmd/culprit-finder"}} fields:{key:"package" value:{string_value:"github.com/example/turboci-lite/cmd/culprit-finder/internal/cli"}}

  id: test:github.com/example/turboci-lite/cmd/culprit-finder/internal/session
  kind: test:github.com/example/turboci-lite/cmd/culprit-finder/internal/session
 options: fields:{key:"dir" value:{string_value:"/Users/phobbs/Downloads/luci-go-refs_heads_main/turboci-lite/cmd/culprit-finder/internal/session"}} fields:{key:"module" value:{string_value:"github.com/example/turboci-lite/cmd/culprit-finder"}} fields:{key:"package" value:{string_value:"github.com/example/turboci-lite/cmd/culprit-finder/internal/session"}}

  id: test:github.com/example/turboci-lite/cmd/culprit-finder/internal/ui
  kind: test:github.com/example/turboci-lite/cmd/culprit-finder/internal/ui
 options: fields:{key:"dir" value:{string_value:"/Users/phobbs/Downloads/luci-go-refs_heads_main/turboci-lite/cmd/culprit-finder/internal/ui"}} fields:{key:"module" value:{string_value:"github.com/example/turboci-lite/cmd/culprit-finder"}} fields:{key:"package" value:{string_value:"github.com/example/turboci-lite/cmd/culprit-finder/internal/ui"}}

  id: e2e:e2e
  kind: e2e:e2e
 options: fields:{key:"name" value:{string_value:"e2e"}} fields:{key:"test_path" value:{string_value:"github.com/example/turboci-lite/testing/e2e"}}

  id: collector:results
  kind: collector:results
 options: ]
21:30:01 gRPC call: /turboci.v1.TurboCIOrchestrator/QueryNodes
21:30:02 gRPC call: /turboci.v1.TurboCIOrchestrator/QueryNodes
21:30:03 gRPC call: /turboci.v1.TurboCIOrchestrator/QueryNodes
21:30:04 gRPC call: /turboci.v1.TurboCIOrchestrator/QueryNodes
21:30:05 gRPC call: /turboci.v1.TurboCIOrchestrator/QueryNodes
21:30:05 gRPC call: /turboci.v1.TurboCIOrchestrator/QueryNodes
21:30:05 [diag] Stages: total=37 states=map[STAGE_STATE_ATTEMPTING:5 STAGE_STATE_FINAL:30 STAGE_STATE_PLANNED:2]
21:30:05 [diag] Non-final stages: [stage:test:github.com/example/turboci-lite/cmd/runner-example stage:test:github.com/example/turboci-lite/cmd/server stage:test:github.com/example/turboci-lite/cmd/culprit-finder/internal/cli stage:test:github.com/example/turboci-lite/cmd/culprit-finder/internal/session stage:test:github.com/example/turboci-lite/cmd/culprit-finder/internal/ui stage:e2e:e2e stage:collector]
21:30:05 gRPC call: /turboci.v1.TurboCIOrchestrator/QueryNodes
21:30:05 [diag] Checks: total=37 states=map[CHECK_STATE_FINAL:30 CHECK_STATE_PLANNING:7]
21:30:05 [diag] Non-final checks: [

  id: test:github.com/example/turboci-lite/cmd/runner-example
  kind: test:github.com/example/turboci-lite/cmd/runner-example
 options: fields:{key:"dir" value:{string_value:"/Users/phobbs/Downloads/luci-go-refs_heads_main/turboci-lite/cmd/runner-example"}} fields:{key:"module" value:{string_value:"github.com/example/turboci-lite"}} fields:{key:"package" value:{string_value:"github.com/example/turboci-lite/cmd/runner-example"}}

  id: test:github.com/example/turboci-lite/cmd/server
  kind: test:github.com/example/turboci-lite/cmd/server
 options: fields:{key:"dir" value:{string_value:"/Users/phobbs/Downloads/luci-go-refs_heads_main/turboci-lite/cmd/server"}} fields:{key:"module" value:{string_value:"github.com/example/turboci-lite"}} fields:{key:"package" value:{string_value:"github.com/example/turboci-lite/cmd/server"}}

  id: test:github.com/example/turboci-lite/cmd/culprit-finder/internal/cli
  kind: test:github.com/example/turboci-lite/cmd/culprit-finder/internal/cli
 options: fields:{key:"dir" value:{string_value:"/Users/phobbs/Downloads/luci-go-refs_heads_main/turboci-lite/cmd/culprit-finder/internal/cli"}} fields:{key:"module" value:{string_value:"github.com/example/turboci-lite/cmd/culprit-finder"}} fields:{key:"package" value:{string_value:"github.com/example/turboci-lite/cmd/culprit-finder/internal/cli"}}

  id: test:github.com/example/turboci-lite/cmd/culprit-finder/internal/session
  kind: test:github.com/example/turboci-lite/cmd/culprit-finder/internal/session
 options: fields:{key:"dir" value:{string_value:"/Users/phobbs/Downloads/luci-go-refs_heads_main/turboci-lite/cmd/culprit-finder/internal/session"}} fields:{key:"module" value:{string_value:"github.com/example/turboci-lite/cmd/culprit-finder"}} fields:{key:"package" value:{string_value:"github.com/example/turboci-lite/cmd/culprit-finder/internal/session"}}

  id: test:github.com/example/turboci-lite/cmd/culprit-finder/internal/ui
  kind: test:github.com/example/turboci-lite/cmd/culprit-finder/internal/ui
 options: fields:{key:"dir" value:{string_value:"/Users/phobbs/Downloads/luci-go-refs_heads_main/turboci-lite/cmd/culprit-finder/internal/ui"}} fields:{key:"module" value:{string_value:"github.com/example/turboci-lite/cmd/culprit-finder"}} fields:{key:"package" value:{string_value:"github.com/example/turboci-lite/cmd/culprit-finder/internal/ui"}}

  id: e2e:e2e
  kind: e2e:e2e
 options: fields:{key:"name" value:{string_value:"e2e"}} fields:{key:"test_path" value:{string_value:"github.com/example/turboci-lite/testing/e2e"}}

  id: collector:results
  kind: collector:results
 options: ]
21:30:06 gRPC call: /turboci.v1.TurboCIOrchestrator/QueryNodes
21:30:07 gRPC call: /turboci.v1.TurboCIOrchestrator/QueryNodes
21:30:08 gRPC call: /turboci.v1.TurboCIOrchestrator/QueryNodes
21:30:09 gRPC call: /turboci.v1.TurboCIOrchestrator/QueryNodes
21:30:10 gRPC call: /turboci.v1.TurboCIOrchestrator/QueryNodes
21:30:10 gRPC call: /turboci.v1.TurboCIOrchestrator/QueryNodes
21:30:10 [diag] Stages: total=37 states=map[STAGE_STATE_ATTEMPTING:5 STAGE_STATE_FINAL:30 STAGE_STATE_PLANNED:2]
21:30:10 [diag] Non-final stages: [stage:test:github.com/example/turboci-lite/cmd/runner-example stage:test:github.com/example/turboci-lite/cmd/server stage:test:github.com/example/turboci-lite/cmd/culprit-finder/internal/cli stage:test:github.com/example/turboci-lite/cmd/culprit-finder/internal/session stage:test:github.com/example/turboci-lite/cmd/culprit-finder/internal/ui stage:e2e:e2e stage:collector]
21:30:10 gRPC call: /turboci.v1.TurboCIOrchestrator/QueryNodes
21:30:10 [diag] Checks: total=37 states=map[CHECK_STATE_FINAL:30 CHECK_STATE_PLANNING:7]
21:30:10 [diag] Non-final checks: [

  id: test:github.com/example/turboci-lite/cmd/runner-example
  kind: test:github.com/example/turboci-lite/cmd/runner-example
 options: fields:{key:"dir" value:{string_value:"/Users/phobbs/Downloads/luci-go-refs_heads_main/turboci-lite/cmd/runner-example"}} fields:{key:"module" value:{string_value:"github.com/example/turboci-lite"}} fields:{key:"package" value:{string_value:"github.com/example/turboci-lite/cmd/runner-example"}}

  id: test:github.com/example/turboci-lite/cmd/server
  kind: test:github.com/example/turboci-lite/cmd/server
 options: fields:{key:"dir" value:{string_value:"/Users/phobbs/Downloads/luci-go-refs_heads_main/turboci-lite/cmd/server"}} fields:{key:"module" value:{string_value:"github.com/example/turboci-lite"}} fields:{key:"package" value:{string_value:"github.com/example/turboci-lite/cmd/server"}}

  id: test:github.com/example/turboci-lite/cmd/culprit-finder/internal/cli
  kind: test:github.com/example/turboci-lite/cmd/culprit-finder/internal/cli
 options: fields:{key:"dir" value:{string_value:"/Users/phobbs/Downloads/luci-go-refs_heads_main/turboci-lite/cmd/culprit-finder/internal/cli"}} fields:{key:"module" value:{string_value:"github.com/example/turboci-lite/cmd/culprit-finder"}} fields:{key:"package" value:{string_value:"github.com/example/turboci-lite/cmd/culprit-finder/internal/cli"}}

  id: test:github.com/example/turboci-lite/cmd/culprit-finder/internal/session
  kind: test:github.com/example/turboci-lite/cmd/culprit-finder/internal/session
 options: fields:{key:"dir" value:{string_value:"/Users/phobbs/Downloads/luci-go-refs_heads_main/turboci-lite/cmd/culprit-finder/internal/session"}} fields:{key:"module" value:{string_value:"github.com/example/turboci-lite/cmd/culprit-finder"}} fields:{key:"package" value:{string_value:"github.com/example/turboci-lite/cmd/culprit-finder/internal/session"}}

  id: test:github.com/example/turboci-lite/cmd/culprit-finder/internal/ui
  kind: test:github.com/example/turboci-lite/cmd/culprit-finder/internal/ui
 options: fields:{key:"dir" value:{string_value:"/Users/phobbs/Downloads/luci-go-refs_heads_main/turboci-lite/cmd/culprit-finder/internal/ui"}} fields:{key:"module" value:{string_value:"github.com/example/turboci-lite/cmd/culprit-finder"}} fields:{key:"package" value:{string_value:"github.com/example/turboci-lite/cmd/culprit-finder/internal/ui"}}

  id: e2e:e2e
  kind: e2e:e2e
 options: fields:{key:"name" value:{string_value:"e2e"}} fields:{key:"test_path" value:{string_value:"github.com/example/turboci-lite/testing/e2e"}}

  id: collector:results
  kind: collector:results
 options: ]
21:30:11 gRPC call: /turboci.v1.TurboCIOrchestrator/QueryNodes
21:30:12 gRPC call: /turboci.v1.TurboCIOrchestrator/QueryNodes
21:30:13 gRPC call: /turboci.v1.TurboCIOrchestrator/QueryNodes
21:30:14 gRPC call: /turboci.v1.TurboCIOrchestrator/QueryNodes
21:30:15 gRPC call: /turboci.v1.TurboCIOrchestrator/QueryNodes
21:30:15 gRPC call: /turboci.v1.TurboCIOrchestrator/QueryNodes
21:30:15 [diag] Stages: total=37 states=map[STAGE_STATE_ATTEMPTING:5 STAGE_STATE_FINAL:30 STAGE_STATE_PLANNED:2]
21:30:15 [diag] Non-final stages: [stage:test:github.com/example/turboci-lite/cmd/runner-example stage:test:github.com/example/turboci-lite/cmd/server stage:test:github.com/example/turboci-lite/cmd/culprit-finder/internal/cli stage:test:github.com/example/turboci-lite/cmd/culprit-finder/internal/session stage:test:github.com/example/turboci-lite/cmd/culprit-finder/internal/ui stage:e2e:e2e stage:collector]
21:30:15 gRPC call: /turboci.v1.TurboCIOrchestrator/QueryNodes
21:30:15 [diag] Checks: total=37 states=map[CHECK_STATE_FINAL:30 CHECK_STATE_PLANNING:7]
21:30:15 [diag] Non-final checks: [

  id: test:github.com/example/turboci-lite/cmd/runner-example
  kind: test:github.com/example/turboci-lite/cmd/runner-example
 options: fields:{key:"dir" value:{string_value:"/Users/phobbs/Downloads/luci-go-refs_heads_main/turboci-lite/cmd/runner-example"}} fields:{key:"module" value:{string_value:"github.com/example/turboci-lite"}} fields:{key:"package" value:{string_value:"github.com/example/turboci-lite/cmd/runner-example"}}

  id: test:github.com/example/turboci-lite/cmd/server
  kind: test:github.com/example/turboci-lite/cmd/server
 options: fields:{key:"dir" value:{string_value:"/Users/phobbs/Downloads/luci-go-refs_heads_main/turboci-lite/cmd/server"}} fields:{key:"module" value:{string_value:"github.com/example/turboci-lite"}} fields:{key:"package" value:{string_value:"github.com/example/turboci-lite/cmd/server"}}

  id: test:github.com/example/turboci-lite/cmd/culprit-finder/internal/cli
  kind: test:github.com/example/turboci-lite/cmd/culprit-finder/internal/cli
 options: fields:{key:"dir" value:{string_value:"/Users/phobbs/Downloads/luci-go-refs_heads_main/turboci-lite/cmd/culprit-finder/internal/cli"}} fields:{key:"module" value:{string_value:"github.com/example/turboci-lite/cmd/culprit-finder"}} fields:{key:"package" value:{string_value:"github.com/example/turboci-lite/cmd/culprit-finder/internal/cli"}}

  id: test:github.com/example/turboci-lite/cmd/culprit-finder/internal/session
  kind: test:github.com/example/turboci-lite/cmd/culprit-finder/internal/session
 options: fields:{key:"dir" value:{string_value:"/Users/phobbs/Downloads/luci-go-refs_heads_main/turboci-lite/cmd/culprit-finder/internal/session"}} fields:{key:"module" value:{string_value:"github.com/example/turboci-lite/cmd/culprit-finder"}} fields:{key:"package" value:{string_value:"github.com/example/turboci-lite/cmd/culprit-finder/internal/session"}}

  id: test:github.com/example/turboci-lite/cmd/culprit-finder/internal/ui
  kind: test:github.com/example/turboci-lite/cmd/culprit-finder/internal/ui
 options: fields:{key:"dir" value:{string_value:"/Users/phobbs/Downloads/luci-go-refs_heads_main/turboci-lite/cmd/culprit-finder/internal/ui"}} fields:{key:"module" value:{string_value:"github.com/example/turboci-lite/cmd/culprit-finder"}} fields:{key:"package" value:{string_value:"github.com/example/turboci-lite/cmd/culprit-finder/internal/ui"}}

  id: e2e:e2e
  kind: e2e:e2e
 options: fields:{key:"name" value:{string_value:"e2e"}} fields:{key:"test_path" value:{string_value:"github.com/example/turboci-lite/testing/e2e"}}

  id: collector:results
  kind: collector:results
 options: ]
21:30:16 gRPC call: /turboci.v1.TurboCIOrchestrator/QueryNodes
21:30:17 gRPC call: /turboci.v1.TurboCIOrchestrator/QueryNodes
21:30:18 gRPC call: /turboci.v1.TurboCIOrchestrator/QueryNodes
21:30:19 gRPC call: /turboci.v1.TurboCIOrchestrator/QueryNodes
21:30:20 gRPC call: /turboci.v1.TurboCIOrchestrator/QueryNodes
21:30:20 gRPC call: /turboci.v1.TurboCIOrchestrator/QueryNodes
21:30:20 [diag] Stages: total=37 states=map[STAGE_STATE_ATTEMPTING:5 STAGE_STATE_FINAL:30 STAGE_STATE_PLANNED:2]
21:30:20 [diag] Non-final stages: [stage:test:github.com/example/turboci-lite/cmd/runner-example stage:test:github.com/example/turboci-lite/cmd/server stage:test:github.com/example/turboci-lite/cmd/culprit-finder/internal/cli stage:test:github.com/example/turboci-lite/cmd/culprit-finder/internal/session stage:test:github.com/example/turboci-lite/cmd/culprit-finder/internal/ui stage:e2e:e2e stage:collector]
21:30:20 gRPC call: /turboci.v1.TurboCIOrchestrator/QueryNodes
21:30:20 [diag] Checks: total=37 states=map[CHECK_STATE_FINAL:30 CHECK_STATE_PLANNING:7]
21:30:20 [diag] Non-final checks: [

  id: test:github.com/example/turboci-lite/cmd/runner-example
  kind: test:github.com/example/turboci-lite/cmd/runner-example
 options: fields:{key:"dir" value:{string_value:"/Users/phobbs/Downloads/luci-go-refs_heads_main/turboci-lite/cmd/runner-example"}} fields:{key:"module" value:{string_value:"github.com/example/turboci-lite"}} fields:{key:"package" value:{string_value:"github.com/example/turboci-lite/cmd/runner-example"}}

  id: test:github.com/example/turboci-lite/cmd/server
  kind: test:github.com/example/turboci-lite/cmd/server
 options: fields:{key:"dir" value:{string_value:"/Users/phobbs/Downloads/luci-go-refs_heads_main/turboci-lite/cmd/server"}} fields:{key:"module" value:{string_value:"github.com/example/turboci-lite"}} fields:{key:"package" value:{string_value:"github.com/example/turboci-lite/cmd/server"}}

  id: test:github.com/example/turboci-lite/cmd/culprit-finder/internal/cli
  kind: test:github.com/example/turboci-lite/cmd/culprit-finder/internal/cli
 options: fields:{key:"dir" value:{string_value:"/Users/phobbs/Downloads/luci-go-refs_heads_main/turboci-lite/cmd/culprit-finder/internal/cli"}} fields:{key:"module" value:{string_value:"github.com/example/turboci-lite/cmd/culprit-finder"}} fields:{key:"package" value:{string_value:"github.com/example/turboci-lite/cmd/culprit-finder/internal/cli"}}

  id: test:github.com/example/turboci-lite/cmd/culprit-finder/internal/session
  kind: test:github.com/example/turboci-lite/cmd/culprit-finder/internal/session
 options: fields:{key:"dir" value:{string_value:"/Users/phobbs/Downloads/luci-go-refs_heads_main/turboci-lite/cmd/culprit-finder/internal/session"}} fields:{key:"module" value:{string_value:"github.com/example/turboci-lite/cmd/culprit-finder"}} fields:{key:"package" value:{string_value:"github.com/example/turboci-lite/cmd/culprit-finder/internal/session"}}

  id: test:github.com/example/turboci-lite/cmd/culprit-finder/internal/ui
  kind: test:github.com/example/turboci-lite/cmd/culprit-finder/internal/ui
 options: fields:{key:"dir" value:{string_value:"/Users/phobbs/Downloads/luci-go-refs_heads_main/turboci-lite/cmd/culprit-finder/internal/ui"}} fields:{key:"module" value:{string_value:"github.com/example/turboci-lite/cmd/culprit-finder"}} fields:{key:"package" value:{string_value:"github.com/example/turboci-lite/cmd/culprit-finder/internal/ui"}}

  id: e2e:e2e
  kind: e2e:e2e
 options: fields:{key:"name" value:{string_value:"e2e"}} fields:{key:"test_path" value:{string_value:"github.com/example/turboci-lite/testing/e2e"}}

  id: collector:results
  kind: collector:results
 options: ]
21:30:21 gRPC call: /turboci.v1.TurboCIOrchestrator/QueryNodes
21:30:22 gRPC call: /turboci.v1.TurboCIOrchestrator/QueryNodes
21:30:23 gRPC call: /turboci.v1.TurboCIOrchestrator/QueryNodes
21:30:24 gRPC call: /turboci.v1.TurboCIOrchestrator/QueryNodes
21:30:25 gRPC call: /turboci.v1.TurboCIOrchestrator/QueryNodes
21:30:25 gRPC call: /turboci.v1.TurboCIOrchestrator/QueryNodes
21:30:25 [diag] Stages: total=37 states=map[STAGE_STATE_ATTEMPTING:5 STAGE_STATE_FINAL:30 STAGE_STATE_PLANNED:2]
21:30:25 [diag] Non-final stages: [stage:test:github.com/example/turboci-lite/cmd/runner-example stage:test:github.com/example/turboci-lite/cmd/server stage:test:github.com/example/turboci-lite/cmd/culprit-finder/internal/cli stage:test:github.com/example/turboci-lite/cmd/culprit-finder/internal/session stage:test:github.com/example/turboci-lite/cmd/culprit-finder/internal/ui stage:e2e:e2e stage:collector]
21:30:25 gRPC call: /turboci.v1.TurboCIOrchestrator/QueryNodes
21:30:25 [diag] Checks: total=37 states=map[CHECK_STATE_FINAL:30 CHECK_STATE_PLANNING:7]
21:30:25 [diag] Non-final checks: [

  id: test:github.com/example/turboci-lite/cmd/runner-example
  kind: test:github.com/example/turboci-lite/cmd/runner-example
 options: fields:{key:"dir" value:{string_value:"/Users/phobbs/Downloads/luci-go-refs_heads_main/turboci-lite/cmd/runner-example"}} fields:{key:"module" value:{string_value:"github.com/example/turboci-lite"}} fields:{key:"package" value:{string_value:"github.com/example/turboci-lite/cmd/runner-example"}}

  id: test:github.com/example/turboci-lite/cmd/server
  kind: test:github.com/example/turboci-lite/cmd/server
 options: fields:{key:"dir" value:{string_value:"/Users/phobbs/Downloads/luci-go-refs_heads_main/turboci-lite/cmd/server"}} fields:{key:"module" value:{string_value:"github.com/example/turboci-lite"}} fields:{key:"package" value:{string_value:"github.com/example/turboci-lite/cmd/server"}}

  id: test:github.com/example/turboci-lite/cmd/culprit-finder/internal/cli
  kind: test:github.com/example/turboci-lite/cmd/culprit-finder/internal/cli
 options: fields:{key:"dir" value:{string_value:"/Users/phobbs/Downloads/luci-go-refs_heads_main/turboci-lite/cmd/culprit-finder/internal/cli"}} fields:{key:"module" value:{string_value:"github.com/example/turboci-lite/cmd/culprit-finder"}} fields:{key:"package" value:{string_value:"github.com/example/turboci-lite/cmd/culprit-finder/internal/cli"}}

  id: test:github.com/example/turboci-lite/cmd/culprit-finder/internal/session
  kind: test:github.com/example/turboci-lite/cmd/culprit-finder/internal/session
 options: fields:{key:"dir" value:{string_value:"/Users/phobbs/Downloads/luci-go-refs_heads_main/turboci-lite/cmd/culprit-finder/internal/session"}} fields:{key:"module" value:{string_value:"github.com/example/turboci-lite/cmd/culprit-finder"}} fields:{key:"package" value:{string_value:"github.com/example/turboci-lite/cmd/culprit-finder/internal/session"}}

  id: test:github.com/example/turboci-lite/cmd/culprit-finder/internal/ui
  kind: test:github.com/example/turboci-lite/cmd/culprit-finder/internal/ui
 options: fields:{key:"dir" value:{string_value:"/Users/phobbs/Downloads/luci-go-refs_heads_main/turboci-lite/cmd/culprit-finder/internal/ui"}} fields:{key:"module" value:{string_value:"github.com/example/turboci-lite/cmd/culprit-finder"}} fields:{key:"package" value:{string_value:"github.com/example/turboci-lite/cmd/culprit-finder/internal/ui"}}

  id: e2e:e2e
  kind: e2e:e2e
 options: fields:{key:"name" value:{string_value:"e2e"}} fields:{key:"test_path" value:{string_value:"github.com/example/turboci-lite/testing/e2e"}}

  id: collector:results
  kind: collector:results
 options: ]
21:30:26 gRPC call: /turboci.v1.TurboCIOrchestrator/QueryNodes
21:30:27 gRPC call: /turboci.v1.TurboCIOrchestrator/QueryNodes
21:30:28 gRPC call: /turboci.v1.TurboCIOrchestrator/QueryNodes
21:30:29 gRPC call: /turboci.v1.TurboCIOrchestrator/QueryNodes
21:30:29 dispatcher: cleaned up 6 expired runner registrations
21:30:29 gRPC call: /turboci.v1.TurboCIOrchestrator/RegisterStageRunner
21:30:29 gRPC call: /turboci.v1.TurboCIOrchestrator/RegisterStageRunner
21:30:29 gRPC call: /turboci.v1.TurboCIOrchestrator/RegisterStageRunner
21:30:29 gRPC call: /turboci.v1.TurboCIOrchestrator/RegisterStageRunner
21:30:29 gRPC call: /turboci.v1.TurboCIOrchestrator/RegisterStageRunner
21:30:29 gRPC call: /turboci.v1.TurboCIOrchestrator/RegisterStageRunner
21:30:30 gRPC call: /turboci.v1.TurboCIOrchestrator/QueryNodes
21:30:30 gRPC call: /turboci.v1.TurboCIOrchestrator/QueryNodes
21:30:30 [diag] Stages: total=37 states=map[STAGE_STATE_ATTEMPTING:5 STAGE_STATE_FINAL:30 STAGE_STATE_PLANNED:2]
21:30:30 [diag] Non-final stages: [stage:test:github.com/example/turboci-lite/cmd/runner-example stage:test:github.com/example/turboci-lite/cmd/server stage:test:github.com/example/turboci-lite/cmd/culprit-finder/internal/cli stage:test:github.com/example/turboci-lite/cmd/culprit-finder/internal/session stage:test:github.com/example/turboci-lite/cmd/culprit-finder/internal/ui stage:e2e:e2e stage:collector]
21:30:30 gRPC call: /turboci.v1.TurboCIOrchestrator/QueryNodes
21:30:30 [diag] Checks: total=37 states=map[CHECK_STATE_FINAL:30 CHECK_STATE_PLANNING:7]
21:30:30 [diag] Non-final checks: [

  id: test:github.com/example/turboci-lite/cmd/runner-example
  kind: test:github.com/example/turboci-lite/cmd/runner-example
 options: fields:{key:"dir" value:{string_value:"/Users/phobbs/Downloads/luci-go-refs_heads_main/turboci-lite/cmd/runner-example"}} fields:{key:"module" value:{string_value:"github.com/example/turboci-lite"}} fields:{key:"package" value:{string_value:"github.com/example/turboci-lite/cmd/runner-example"}}

  id: test:github.com/example/turboci-lite/cmd/server
  kind: test:github.com/example/turboci-lite/cmd/server
 options: fields:{key:"dir" value:{string_value:"/Users/phobbs/Downloads/luci-go-refs_heads_main/turboci-lite/cmd/server"}} fields:{key:"module" value:{string_value:"github.com/example/turboci-lite"}} fields:{key:"package" value:{string_value:"github.com/example/turboci-lite/cmd/server"}}

  id: test:github.com/example/turboci-lite/cmd/culprit-finder/internal/cli
  kind: test:github.com/example/turboci-lite/cmd/culprit-finder/internal/cli
 options: fields:{key:"dir" value:{string_value:"/Users/phobbs/Downloads/luci-go-refs_heads_main/turboci-lite/cmd/culprit-finder/internal/cli"}} fields:{key:"module" value:{string_value:"github.com/example/turboci-lite/cmd/culprit-finder"}} fields:{key:"package" value:{string_value:"github.com/example/turboci-lite/cmd/culprit-finder/internal/cli"}}

  id: test:github.com/example/turboci-lite/cmd/culprit-finder/internal/session
  kind: test:github.com/example/turboci-lite/cmd/culprit-finder/internal/session
 options: fields:{key:"dir" value:{string_value:"/Users/phobbs/Downloads/luci-go-refs_heads_main/turboci-lite/cmd/culprit-finder/internal/session"}} fields:{key:"module" value:{string_value:"github.com/example/turboci-lite/cmd/culprit-finder"}} fields:{key:"package" value:{string_value:"github.com/example/turboci-lite/cmd/culprit-finder/internal/session"}}

  id: test:github.com/example/turboci-lite/cmd/culprit-finder/internal/ui
  kind: test:github.com/example/turboci-lite/cmd/culprit-finder/internal/ui
 options: fields:{key:"dir" value:{string_value:"/Users/phobbs/Downloads/luci-go-refs_heads_main/turboci-lite/cmd/culprit-finder/internal/ui"}} fields:{key:"module" value:{string_value:"github.com/example/turboci-lite/cmd/culprit-finder"}} fields:{key:"package" value:{string_value:"github.com/example/turboci-lite/cmd/culprit-finder/internal/ui"}}

  id: e2e:e2e
  kind: e2e:e2e
 options: fields:{key:"name" value:{string_value:"e2e"}} fields:{key:"test_path" value:{string_value:"github.com/example/turboci-lite/testing/e2e"}}

  id: collector:results
  kind: collector:results
 options: ]
21:30:31 gRPC call: /turboci.v1.TurboCIOrchestrator/QueryNodes
21:30:32 gRPC call: /turboci.v1.TurboCIOrchestrator/QueryNodes
21:30:33 gRPC call: /turboci.v1.TurboCIOrchestrator/QueryNodes
21:30:34 gRPC call: /turboci.v1.TurboCIOrchestrator/QueryNodes
21:30:35 gRPC call: /turboci.v1.TurboCIOrchestrator/QueryNodes
21:30:35 gRPC call: /turboci.v1.TurboCIOrchestrator/QueryNodes
21:30:35 [diag] Stages: total=37 states=map[STAGE_STATE_ATTEMPTING:1 STAGE_STATE_FINAL:34 STAGE_STATE_PLANNED:2]
21:30:35 [diag] Non-final stages: [stage:test:github.com/example/turboci-lite/cmd/server stage:e2e:e2e stage:collector]
21:30:35 gRPC call: /turboci.v1.TurboCIOrchestrator/QueryNodes
21:30:35 [diag] Checks: total=37 states=map[CHECK_STATE_FINAL:34 CHECK_STATE_PLANNING:3]
21:30:35 [diag] Non-final checks: [

  id: test:github.com/example/turboci-lite/cmd/server
  kind: test:github.com/example/turboci-lite/cmd/server
 options: fields:{key:"dir" value:{string_value:"/Users/phobbs/Downloads/luci-go-refs_heads_main/turboci-lite/cmd/server"}} fields:{key:"module" value:{string_value:"github.com/example/turboci-lite"}} fields:{key:"package" value:{string_value:"github.com/example/turboci-lite/cmd/server"}}

  id: e2e:e2e
  kind: e2e:e2e
 options: fields:{key:"name" value:{string_value:"e2e"}} fields:{key:"test_path" value:{string_value:"github.com/example/turboci-lite/testing/e2e"}}

  id: collector:results
  kind: collector:results
 options: ]
21:30:36 gRPC call: /turboci.v1.TurboCIOrchestrator/QueryNodes
21:30:37 gRPC call: /turboci.v1.TurboCIOrchestrator/QueryNodes
21:30:38 gRPC call: /turboci.v1.TurboCIOrchestrator/QueryNodes
21:30:39 gRPC call: /turboci.v1.TurboCIOrchestrator/QueryNodes
21:30:40 gRPC call: /turboci.v1.TurboCIOrchestrator/QueryNodes
21:30:40 gRPC call: /turboci.v1.TurboCIOrchestrator/QueryNodes
21:30:40 [diag] Stages: total=37 states=map[STAGE_STATE_ATTEMPTING:1 STAGE_STATE_FINAL:34 STAGE_STATE_PLANNED:2]
21:30:40 [diag] Non-final stages: [stage:test:github.com/example/turboci-lite/cmd/server stage:e2e:e2e stage:collector]
21:30:40 gRPC call: /turboci.v1.TurboCIOrchestrator/QueryNodes
21:30:40 [diag] Checks: total=37 states=map[CHECK_STATE_FINAL:34 CHECK_STATE_PLANNING:3]
21:30:40 [diag] Non-final checks: [

  id: test:github.com/example/turboci-lite/cmd/server
  kind: test:github.com/example/turboci-lite/cmd/server
 options: fields:{key:"dir" value:{string_value:"/Users/phobbs/Downloads/luci-go-refs_heads_main/turboci-lite/cmd/server"}} fields:{key:"module" value:{string_value:"github.com/example/turboci-lite"}} fields:{key:"package" value:{string_value:"github.com/example/turboci-lite/cmd/server"}}

  id: e2e:e2e
  kind: e2e:e2e
 options: fields:{key:"name" value:{string_value:"e2e"}} fields:{key:"test_path" value:{string_value:"github.com/example/turboci-lite/testing/e2e"}}

  id: collector:results
  kind: collector:results
 options: ]
21:30:41 gRPC call: /turboci.v1.TurboCIOrchestrator/QueryNodes
21:30:42 gRPC call: /turboci.v1.TurboCIOrchestrator/QueryNodes
21:30:43 gRPC call: /turboci.v1.TurboCIOrchestrator/QueryNodes
21:30:44 gRPC call: /turboci.v1.TurboCIOrchestrator/QueryNodes
21:30:45 gRPC call: /turboci.v1.TurboCIOrchestrator/QueryNodes
21:30:45 gRPC call: /turboci.v1.TurboCIOrchestrator/QueryNodes
21:30:45 [diag] Stages: total=37 states=map[STAGE_STATE_ATTEMPTING:1 STAGE_STATE_FINAL:34 STAGE_STATE_PLANNED:2]
21:30:45 [diag] Non-final stages: [stage:test:github.com/example/turboci-lite/cmd/server stage:e2e:e2e stage:collector]
21:30:45 gRPC call: /turboci.v1.TurboCIOrchestrator/QueryNodes
21:30:45 [diag] Checks: total=37 states=map[CHECK_STATE_FINAL:34 CHECK_STATE_PLANNING:3]
21:30:45 [diag] Non-final checks: [

  id: test:github.com/example/turboci-lite/cmd/server
  kind: test:github.com/example/turboci-lite/cmd/server
 options: fields:{key:"dir" value:{string_value:"/Users/phobbs/Downloads/luci-go-refs_heads_main/turboci-lite/cmd/server"}} fields:{key:"module" value:{string_value:"github.com/example/turboci-lite"}} fields:{key:"package" value:{string_value:"github.com/example/turboci-lite/cmd/server"}}

  id: e2e:e2e
  kind: e2e:e2e
 options: fields:{key:"name" value:{string_value:"e2e"}} fields:{key:"test_path" value:{string_value:"github.com/example/turboci-lite/testing/e2e"}}

  id: collector:results
  kind: collector:results
 options: ]
21:30:46 gRPC call: /turboci.v1.TurboCIOrchestrator/QueryNodes
21:30:47 gRPC call: /turboci.v1.TurboCIOrchestrator/QueryNodes
21:30:48 gRPC call: /turboci.v1.TurboCIOrchestrator/QueryNodes
21:30:49 gRPC call: /turboci.v1.TurboCIOrchestrator/QueryNodes
21:30:50 gRPC call: /turboci.v1.TurboCIOrchestrator/QueryNodes
21:30:50 gRPC call: /turboci.v1.TurboCIOrchestrator/QueryNodes
21:30:50 [diag] Stages: total=37 states=map[STAGE_STATE_ATTEMPTING:1 STAGE_STATE_FINAL:34 STAGE_STATE_PLANNED:2]
21:30:50 [diag] Non-final stages: [stage:test:github.com/example/turboci-lite/cmd/server stage:e2e:e2e stage:collector]
21:30:50 gRPC call: /turboci.v1.TurboCIOrchestrator/QueryNodes
21:30:50 [diag] Checks: total=37 states=map[CHECK_STATE_FINAL:34 CHECK_STATE_PLANNING:3]
21:30:50 [diag] Non-final checks: [

  id: test:github.com/example/turboci-lite/cmd/server
  kind: test:github.com/example/turboci-lite/cmd/server
 options: fields:{key:"dir" value:{string_value:"/Users/phobbs/Downloads/luci-go-refs_heads_main/turboci-lite/cmd/server"}} fields:{key:"module" value:{string_value:"github.com/example/turboci-lite"}} fields:{key:"package" value:{string_value:"github.com/example/turboci-lite/cmd/server"}}

  id: e2e:e2e
  kind: e2e:e2e
 options: fields:{key:"name" value:{string_value:"e2e"}} fields:{key:"test_path" value:{string_value:"github.com/example/turboci-lite/testing/e2e"}}

  id: collector:results
  kind: collector:results
 options: ]
21:30:51 gRPC call: /turboci.v1.TurboCIOrchestrator/QueryNodes
21:30:52 gRPC call: /turboci.v1.TurboCIOrchestrator/QueryNodes
21:30:53 gRPC call: /turboci.v1.TurboCIOrchestrator/QueryNodes
21:30:54 gRPC call: /turboci.v1.TurboCIOrchestrator/QueryNodes
21:30:55 gRPC call: /turboci.v1.TurboCIOrchestrator/QueryNodes
21:30:55 gRPC call: /turboci.v1.TurboCIOrchestrator/QueryNodes
21:30:55 [diag] Stages: total=37 states=map[STAGE_STATE_ATTEMPTING:1 STAGE_STATE_FINAL:34 STAGE_STATE_PLANNED:2]
21:30:55 [diag] Non-final stages: [stage:test:github.com/example/turboci-lite/cmd/server stage:e2e:e2e stage:collector]
21:30:55 gRPC call: /turboci.v1.TurboCIOrchestrator/QueryNodes
21:30:55 [diag] Checks: total=37 states=map[CHECK_STATE_FINAL:34 CHECK_STATE_PLANNING:3]
21:30:55 [diag] Non-final checks: [

  id: test:github.com/example/turboci-lite/cmd/server
  kind: test:github.com/example/turboci-lite/cmd/server
 options: fields:{key:"dir" value:{string_value:"/Users/phobbs/Downloads/luci-go-refs_heads_main/turboci-lite/cmd/server"}} fields:{key:"module" value:{string_value:"github.com/example/turboci-lite"}} fields:{key:"package" value:{string_value:"github.com/example/turboci-lite/cmd/server"}}

  id: e2e:e2e
  kind: e2e:e2e
 options: fields:{key:"name" value:{string_value:"e2e"}} fields:{key:"test_path" value:{string_value:"github.com/example/turboci-lite/testing/e2e"}}

  id: collector:results
  kind: collector:results
 options: ]
21:30:56 gRPC call: /turboci.v1.TurboCIOrchestrator/QueryNodes
21:30:57 gRPC call: /turboci.v1.TurboCIOrchestrator/QueryNodes
21:30:58 gRPC call: /turboci.v1.TurboCIOrchestrator/QueryNodes
21:30:59 gRPC call: /turboci.v1.TurboCIOrchestrator/QueryNodes
21:31:00 gRPC call: /turboci.v1.TurboCIOrchestrator/QueryNodes
21:31:00 gRPC call: /turboci.v1.TurboCIOrchestrator/QueryNodes
21:31:00 [diag] Stages: total=37 states=map[STAGE_STATE_ATTEMPTING:1 STAGE_STATE_FINAL:34 STAGE_STATE_PLANNED:2]
21:31:00 [diag] Non-final stages: [stage:test:github.com/example/turboci-lite/cmd/server stage:e2e:e2e stage:collector]
21:31:00 gRPC call: /turboci.v1.TurboCIOrchestrator/QueryNodes
21:31:00 [diag] Checks: total=37 states=map[CHECK_STATE_FINAL:34 CHECK_STATE_PLANNING:3]
21:31:00 [diag] Non-final checks: [

  id: test:github.com/example/turboci-lite/cmd/server
  kind: test:github.com/example/turboci-lite/cmd/server
 options: fields:{key:"dir" value:{string_value:"/Users/phobbs/Downloads/luci-go-refs_heads_main/turboci-lite/cmd/server"}} fields:{key:"module" value:{string_value:"github.com/example/turboci-lite"}} fields:{key:"package" value:{string_value:"github.com/example/turboci-lite/cmd/server"}}

  id: e2e:e2e
  kind: e2e:e2e
 options: fields:{key:"name" value:{string_value:"e2e"}} fields:{key:"test_path" value:{string_value:"github.com/example/turboci-lite/testing/e2e"}}

  id: collector:results
  kind: collector:results
 options: ]
21:31:01 gRPC call: /turboci.v1.TurboCIOrchestrator/QueryNodes
21:31:02 gRPC call: /turboci.v1.TurboCIOrchestrator/QueryNodes
21:31:03 gRPC call: /turboci.v1.TurboCIOrchestrator/QueryNodes
21:31:04 gRPC call: /turboci.v1.TurboCIOrchestrator/QueryNodes
21:31:05 gRPC call: /turboci.v1.TurboCIOrchestrator/QueryNodes
21:31:05 gRPC call: /turboci.v1.TurboCIOrchestrator/QueryNodes
21:31:05 [diag] Stages: total=37 states=map[STAGE_STATE_ATTEMPTING:1 STAGE_STATE_FINAL:34 STAGE_STATE_PLANNED:2]
21:31:05 [diag] Non-final stages: [stage:test:github.com/example/turboci-lite/cmd/server stage:e2e:e2e stage:collector]
21:31:05 gRPC call: /turboci.v1.TurboCIOrchestrator/QueryNodes
21:31:05 [diag] Checks: total=37 states=map[CHECK_STATE_FINAL:34 CHECK_STATE_PLANNING:3]
21:31:05 [diag] Non-final checks: [

  id: test:github.com/example/turboci-lite/cmd/server
  kind: test:github.com/example/turboci-lite/cmd/server
 options: fields:{key:"dir" value:{string_value:"/Users/phobbs/Downloads/luci-go-refs_heads_main/turboci-lite/cmd/server"}} fields:{key:"module" value:{string_value:"github.com/example/turboci-lite"}} fields:{key:"package" value:{string_value:"github.com/example/turboci-lite/cmd/server"}}

  id: e2e:e2e
  kind: e2e:e2e
 options: fields:{key:"name" value:{string_value:"e2e"}} fields:{key:"test_path" value:{string_value:"github.com/example/turboci-lite/testing/e2e"}}

  id: collector:results
  kind: collector:results
 options: ]
21:31:06 gRPC call: /turboci.v1.TurboCIOrchestrator/QueryNodes
21:31:07 gRPC call: /turboci.v1.TurboCIOrchestrator/QueryNodes
21:31:08 gRPC call: /turboci.v1.TurboCIOrchestrator/QueryNodes
21:31:09 gRPC call: /turboci.v1.TurboCIOrchestrator/QueryNodes
21:31:10 gRPC call: /turboci.v1.TurboCIOrchestrator/QueryNodes
21:31:10 gRPC call: /turboci.v1.TurboCIOrchestrator/QueryNodes
21:31:10 [diag] Stages: total=37 states=map[STAGE_STATE_ATTEMPTING:1 STAGE_STATE_FINAL:34 STAGE_STATE_PLANNED:2]
21:31:10 [diag] Non-final stages: [stage:test:github.com/example/turboci-lite/cmd/server stage:e2e:e2e stage:collector]
21:31:10 gRPC call: /turboci.v1.TurboCIOrchestrator/QueryNodes
21:31:10 [diag] Checks: total=37 states=map[CHECK_STATE_FINAL:34 CHECK_STATE_PLANNING:3]
21:31:10 [diag] Non-final checks: [

  id: test:github.com/example/turboci-lite/cmd/server
  kind: test:github.com/example/turboci-lite/cmd/server
 options: fields:{key:"dir" value:{string_value:"/Users/phobbs/Downloads/luci-go-refs_heads_main/turboci-lite/cmd/server"}} fields:{key:"module" value:{string_value:"github.com/example/turboci-lite"}} fields:{key:"package" value:{string_value:"github.com/example/turboci-lite/cmd/server"}}

  id: e2e:e2e
  kind: e2e:e2e
 options: fields:{key:"name" value:{string_value:"e2e"}} fields:{key:"test_path" value:{string_value:"github.com/example/turboci-lite/testing/e2e"}}

  id: collector:results
  kind: collector:results
 options: ]
21:31:11 gRPC call: /turboci.v1.TurboCIOrchestrator/QueryNodes
21:31:12 gRPC call: /turboci.v1.TurboCIOrchestrator/QueryNodes
21:31:13 gRPC call: /turboci.v1.TurboCIOrchestrator/QueryNodes
21:31:14 gRPC call: /turboci.v1.TurboCIOrchestrator/QueryNodes
21:31:15 gRPC call: /turboci.v1.TurboCIOrchestrator/QueryNodes
21:31:15 gRPC call: /turboci.v1.TurboCIOrchestrator/QueryNodes
21:31:15 [diag] Stages: total=37 states=map[STAGE_STATE_ATTEMPTING:1 STAGE_STATE_FINAL:34 STAGE_STATE_PLANNED:2]
21:31:15 [diag] Non-final stages: [stage:test:github.com/example/turboci-lite/cmd/server stage:e2e:e2e stage:collector]
21:31:15 gRPC call: /turboci.v1.TurboCIOrchestrator/QueryNodes
21:31:15 [diag] Checks: total=37 states=map[CHECK_STATE_FINAL:34 CHECK_STATE_PLANNING:3]
21:31:15 [diag] Non-final checks: [

  id: test:github.com/example/turboci-lite/cmd/server
  kind: test:github.com/example/turboci-lite/cmd/server
 options: fields:{key:"dir" value:{string_value:"/Users/phobbs/Downloads/luci-go-refs_heads_main/turboci-lite/cmd/server"}} fields:{key:"module" value:{string_value:"github.com/example/turboci-lite"}} fields:{key:"package" value:{string_value:"github.com/example/turboci-lite/cmd/server"}}

  id: e2e:e2e
  kind: e2e:e2e
 options: fields:{key:"name" value:{string_value:"e2e"}} fields:{key:"test_path" value:{string_value:"github.com/example/turboci-lite/testing/e2e"}}

  id: collector:results
  kind: collector:results
 options: ]
21:31:16 gRPC call: /turboci.v1.TurboCIOrchestrator/QueryNodes
21:31:17 gRPC call: /turboci.v1.TurboCIOrchestrator/QueryNodes
21:31:18 gRPC call: /turboci.v1.TurboCIOrchestrator/QueryNodes
21:31:19 gRPC call: /turboci.v1.TurboCIOrchestrator/QueryNodes
21:31:20 gRPC call: /turboci.v1.TurboCIOrchestrator/QueryNodes
21:31:20 gRPC call: /turboci.v1.TurboCIOrchestrator/QueryNodes
21:31:20 [diag] Stages: total=37 states=map[STAGE_STATE_ATTEMPTING:1 STAGE_STATE_FINAL:34 STAGE_STATE_PLANNED:2]
21:31:20 [diag] Non-final stages: [stage:test:github.com/example/turboci-lite/cmd/server stage:e2e:e2e stage:collector]
21:31:20 gRPC call: /turboci.v1.TurboCIOrchestrator/QueryNodes
21:31:20 [diag] Checks: total=37 states=map[CHECK_STATE_FINAL:34 CHECK_STATE_PLANNING:3]
21:31:20 [diag] Non-final checks: [

  id: test:github.com/example/turboci-lite/cmd/server
  kind: test:github.com/example/turboci-lite/cmd/server
 options: fields:{key:"dir" value:{string_value:"/Users/phobbs/Downloads/luci-go-refs_heads_main/turboci-lite/cmd/server"}} fields:{key:"module" value:{string_value:"github.com/example/turboci-lite"}} fields:{key:"package" value:{string_value:"github.com/example/turboci-lite/cmd/server"}}

  id: e2e:e2e
  kind: e2e:e2e
 options: fields:{key:"name" value:{string_value:"e2e"}} fields:{key:"test_path" value:{string_value:"github.com/example/turboci-lite/testing/e2e"}}

  id: collector:results
  kind: collector:results
 options: ]
21:31:21 gRPC call: /turboci.v1.TurboCIOrchestrator/QueryNodes
21:31:22 gRPC call: /turboci.v1.TurboCIOrchestrator/QueryNodes
21:31:23 gRPC call: /turboci.v1.TurboCIOrchestrator/QueryNodes
21:31:24 gRPC call: /turboci.v1.TurboCIOrchestrator/QueryNodes
21:31:25 gRPC call: /turboci.v1.TurboCIOrchestrator/QueryNodes
21:31:25 gRPC call: /turboci.v1.TurboCIOrchestrator/QueryNodes
21:31:25 [diag] Stages: total=37 states=map[STAGE_STATE_ATTEMPTING:1 STAGE_STATE_FINAL:34 STAGE_STATE_PLANNED:2]
21:31:25 [diag] Non-final stages: [stage:test:github.com/example/turboci-lite/cmd/server stage:e2e:e2e stage:collector]
21:31:25 gRPC call: /turboci.v1.TurboCIOrchestrator/QueryNodes
21:31:25 [diag] Checks: total=37 states=map[CHECK_STATE_FINAL:34 CHECK_STATE_PLANNING:3]
21:31:25 [diag] Non-final checks: [

  id: test:github.com/example/turboci-lite/cmd/server
  kind: test:github.com/example/turboci-lite/cmd/server
 options: fields:{key:"dir" value:{string_value:"/Users/phobbs/Downloads/luci-go-refs_heads_main/turboci-lite/cmd/server"}} fields:{key:"module" value:{string_value:"github.com/example/turboci-lite"}} fields:{key:"package" value:{string_value:"github.com/example/turboci-lite/cmd/server"}}

  id: e2e:e2e
  kind: e2e:e2e
 options: fields:{key:"name" value:{string_value:"e2e"}} fields:{key:"test_path" value:{string_value:"github.com/example/turboci-lite/testing/e2e"}}

  id: collector:results
  kind: collector:results
 options: ]
21:31:26 gRPC call: /turboci.v1.TurboCIOrchestrator/QueryNodes
21:31:27 gRPC call: /turboci.v1.TurboCIOrchestrator/QueryNodes
21:31:28 gRPC call: /turboci.v1.TurboCIOrchestrator/QueryNodes
21:31:29 gRPC call: /turboci.v1.TurboCIOrchestrator/QueryNodes
21:31:29 dispatcher: cleaned up 6 expired runner registrations
21:31:29 gRPC call: /turboci.v1.TurboCIOrchestrator/RegisterStageRunner
21:31:29 gRPC call: /turboci.v1.TurboCIOrchestrator/RegisterStageRunner
21:31:29 gRPC call: /turboci.v1.TurboCIOrchestrator/RegisterStageRunner
21:31:29 gRPC call: /turboci.v1.TurboCIOrchestrator/RegisterStageRunner
21:31:29 gRPC call: /turboci.v1.TurboCIOrchestrator/RegisterStageRunner
21:31:29 gRPC call: /turboci.v1.TurboCIOrchestrator/RegisterStageRunner
21:31:30 gRPC call: /turboci.v1.TurboCIOrchestrator/QueryNodes
21:31:30 gRPC call: /turboci.v1.TurboCIOrchestrator/QueryNodes
21:31:30 [diag] Stages: total=37 states=map[STAGE_STATE_ATTEMPTING:1 STAGE_STATE_FINAL:34 STAGE_STATE_PLANNED:2]
21:31:30 [diag] Non-final stages: [stage:test:github.com/example/turboci-lite/cmd/server stage:e2e:e2e stage:collector]
21:31:30 gRPC call: /turboci.v1.TurboCIOrchestrator/QueryNodes
21:31:30 [diag] Checks: total=37 states=map[CHECK_STATE_FINAL:34 CHECK_STATE_PLANNING:3]
21:31:30 [diag] Non-final checks: [

  id: test:github.com/example/turboci-lite/cmd/server
  kind: test:github.com/example/turboci-lite/cmd/server
 options: fields:{key:"dir" value:{string_value:"/Users/phobbs/Downloads/luci-go-refs_heads_main/turboci-lite/cmd/server"}} fields:{key:"module" value:{string_value:"github.com/example/turboci-lite"}} fields:{key:"package" value:{string_value:"github.com/example/turboci-lite/cmd/server"}}

  id: e2e:e2e
  kind: e2e:e2e
 options: fields:{key:"name" value:{string_value:"e2e"}} fields:{key:"test_path" value:{string_value:"github.com/example/turboci-lite/testing/e2e"}}

  id: collector:results
  kind: collector:results
 options: ]
21:31:30 gRPC call: /turboci.v1.TurboCIOrchestrator/QueryNodes
21:31:30 gRPC call: /turboci.v1.TurboCIOrchestrator/QueryNodes
21:31:30 gRPC call: /turboci.v1.TurboCIOrchestrator/QueryNodes
21:31:30 gRPC call: /turboci.v1.TurboCIOrchestrator/QueryNodes
21:31:30 gRPC call: /turboci.v1.TurboCIOrchestrator/QueryNodes
21:31:30 gRPC call: /turboci.v1.TurboCIOrchestrator/QueryNodes
21:31:30 gRPC call: /turboci.v1.TurboCIOrchestrator/QueryNodes
21:31:30 gRPC call: /turboci.v1.TurboCIOrchestrator/QueryNodes
21:31:30 gRPC call: /turboci.v1.TurboCIOrchestrator/QueryNodes
21:31:30 gRPC call: /turboci.v1.TurboCIOrchestrator/QueryNodes
21:31:30 gRPC call: /turboci.v1.TurboCIOrchestrator/QueryNodes
21:31:30 gRPC call: /turboci.v1.TurboCIOrchestrator/QueryNodes
21:31:30 gRPC call: /turboci.v1.TurboCIOrchestrator/QueryNodes
21:31:30 gRPC call: /turboci.v1.TurboCIOrchestrator/QueryNodes
21:31:30 gRPC call: /turboci.v1.TurboCIOrchestrator/QueryNodes
21:31:30 gRPC call: /turboci.v1.TurboCIOrchestrator/QueryNodes
21:31:30 gRPC call: /turboci.v1.TurboCIOrchestrator/QueryNodes
21:31:30 gRPC call: /turboci.v1.TurboCIOrchestrator/QueryNodes
21:31:30 gRPC call: /turboci.v1.TurboCIOrchestrator/QueryNodes
21:31:30 gRPC call: /turboci.v1.TurboCIOrchestrator/QueryNodes
21:31:30 gRPC call: /turboci.v1.TurboCIOrchestrator/QueryNodes
21:31:30 gRPC call: /turboci.v1.TurboCIOrchestrator/QueryNodes
21:31:30 gRPC call: /turboci.v1.TurboCIOrchestrator/QueryNodes
21:31:30 gRPC call: /turboci.v1.TurboCIOrchestrator/QueryNodes
21:31:30 gRPC call: /turboci.v1.TurboCIOrchestrator/QueryNodes
21:31:30 gRPC call: /turboci.v1.TurboCIOrchestrator/QueryNodes
21:31:30 gRPC call: /turboci.v1.TurboCIOrchestrator/QueryNodes
21:31:30 gRPC call: /turboci.v1.TurboCIOrchestrator/QueryNodes
21:31:30 gRPC call: /turboci.v1.TurboCIOrchestrator/QueryNodes
21:31:31 gRPC call: /turboci.v1.TurboCIOrchestrator/QueryNodes
21:31:32 gRPC call: /turboci.v1.TurboCIOrchestrator/QueryNodes
21:31:33 gRPC call: /turboci.v1.TurboCIOrchestrator/QueryNodes
21:31:34 gRPC call: /turboci.v1.TurboCIOrchestrator/QueryNodes
21:31:34 gRPC call: /turboci.v1.TurboCIOrchestrator/QueryNodes
21:31:35 gRPC call: /turboci.v1.TurboCIOrchestrator/QueryNodes
21:31:35 CI PASSED

